Archive member included to satisfy reference by file (symbol)

d:/scm/gnutoo~1/92019-~1/bin/../lib/gcc/arm-none-eabi/9.2.1/../../../../arm-none-eabi/lib/thumb/v7-m/nofp\libg.a(lib_a-errno.o)
                              CMakeFiles/1+x_switch.elf.dir/Src/syscalls.c.obj (__errno)
d:/scm/gnutoo~1/92019-~1/bin/../lib/gcc/arm-none-eabi/9.2.1/../../../../arm-none-eabi/lib/thumb/v7-m/nofp\libg.a(lib_a-exit.o)
                              d:/scm/gnutoo~1/92019-~1/bin/../lib/gcc/arm-none-eabi/9.2.1/../../../../arm-none-eabi/lib/thumb/v7-m/nofp/crt0.o (exit)
d:/scm/gnutoo~1/92019-~1/bin/../lib/gcc/arm-none-eabi/9.2.1/../../../../arm-none-eabi/lib/thumb/v7-m/nofp\libg.a(lib_a-impure.o)
                              d:/scm/gnutoo~1/92019-~1/bin/../lib/gcc/arm-none-eabi/9.2.1/../../../../arm-none-eabi/lib/thumb/v7-m/nofp\libg.a(lib_a-exit.o) (_global_impure_ptr)
d:/scm/gnutoo~1/92019-~1/bin/../lib/gcc/arm-none-eabi/9.2.1/../../../../arm-none-eabi/lib/thumb/v7-m/nofp\libg.a(lib_a-init.o)
                              d:/scm/gnutoo~1/92019-~1/bin/../lib/gcc/arm-none-eabi/9.2.1/../../../../arm-none-eabi/lib/thumb/v7-m/nofp/crt0.o (__libc_init_array)
d:/scm/gnutoo~1/92019-~1/bin/../lib/gcc/arm-none-eabi/9.2.1/../../../../arm-none-eabi/lib/thumb/v7-m/nofp\libg.a(lib_a-memset.o)
                              d:/scm/gnutoo~1/92019-~1/bin/../lib/gcc/arm-none-eabi/9.2.1/../../../../arm-none-eabi/lib/thumb/v7-m/nofp/crt0.o (memset)
d:/scm/gnutoo~1/92019-~1/bin/../lib/gcc/arm-none-eabi/9.2.1/../../../../arm-none-eabi/lib/thumb/v7-m/nofp\libg.a(lib_a-__call_atexit.o)
                              d:/scm/gnutoo~1/92019-~1/bin/../lib/gcc/arm-none-eabi/9.2.1/../../../../arm-none-eabi/lib/thumb/v7-m/nofp\libg.a(lib_a-exit.o) (__call_exitprocs)
d:/scm/gnutoo~1/92019-~1/bin/../lib/gcc/arm-none-eabi/9.2.1/../../../../arm-none-eabi/lib/thumb/v7-m/nofp\libg.a(lib_a-atexit.o)
                              d:/scm/gnutoo~1/92019-~1/bin/../lib/gcc/arm-none-eabi/9.2.1/../../../../arm-none-eabi/lib/thumb/v7-m/nofp\libg.a(lib_a-__call_atexit.o) (atexit)
d:/scm/gnutoo~1/92019-~1/bin/../lib/gcc/arm-none-eabi/9.2.1/../../../../arm-none-eabi/lib/thumb/v7-m/nofp\libg.a(lib_a-fini.o)
                              d:/scm/gnutoo~1/92019-~1/bin/../lib/gcc/arm-none-eabi/9.2.1/../../../../arm-none-eabi/lib/thumb/v7-m/nofp\libg.a(lib_a-__call_atexit.o) (__libc_fini_array)
d:/scm/gnutoo~1/92019-~1/bin/../lib/gcc/arm-none-eabi/9.2.1/../../../../arm-none-eabi/lib/thumb/v7-m/nofp\libg.a(lib_a-lock.o)
                              d:/scm/gnutoo~1/92019-~1/bin/../lib/gcc/arm-none-eabi/9.2.1/../../../../arm-none-eabi/lib/thumb/v7-m/nofp\libg.a(lib_a-__call_atexit.o) (__retarget_lock_acquire_recursive)
d:/scm/gnutoo~1/92019-~1/bin/../lib/gcc/arm-none-eabi/9.2.1/../../../../arm-none-eabi/lib/thumb/v7-m/nofp\libg.a(lib_a-__atexit.o)
                              d:/scm/gnutoo~1/92019-~1/bin/../lib/gcc/arm-none-eabi/9.2.1/../../../../arm-none-eabi/lib/thumb/v7-m/nofp\libg.a(lib_a-atexit.o) (__register_exitproc)

Allocating common symbols
Common symbol       size              file

__lock___atexit_recursive_mutex
                    0x1               d:/scm/gnutoo~1/92019-~1/bin/../lib/gcc/arm-none-eabi/9.2.1/../../../../arm-none-eabi/lib/thumb/v7-m/nofp\libg.a(lib_a-lock.o)
__lock___arc4random_mutex
                    0x1               d:/scm/gnutoo~1/92019-~1/bin/../lib/gcc/arm-none-eabi/9.2.1/../../../../arm-none-eabi/lib/thumb/v7-m/nofp\libg.a(lib_a-lock.o)
__lock___env_recursive_mutex
                    0x1               d:/scm/gnutoo~1/92019-~1/bin/../lib/gcc/arm-none-eabi/9.2.1/../../../../arm-none-eabi/lib/thumb/v7-m/nofp\libg.a(lib_a-lock.o)
__lock___sinit_recursive_mutex
                    0x1               d:/scm/gnutoo~1/92019-~1/bin/../lib/gcc/arm-none-eabi/9.2.1/../../../../arm-none-eabi/lib/thumb/v7-m/nofp\libg.a(lib_a-lock.o)
__lock___malloc_recursive_mutex
                    0x1               d:/scm/gnutoo~1/92019-~1/bin/../lib/gcc/arm-none-eabi/9.2.1/../../../../arm-none-eabi/lib/thumb/v7-m/nofp\libg.a(lib_a-lock.o)
__lock___at_quick_exit_mutex
                    0x1               d:/scm/gnutoo~1/92019-~1/bin/../lib/gcc/arm-none-eabi/9.2.1/../../../../arm-none-eabi/lib/thumb/v7-m/nofp\libg.a(lib_a-lock.o)
__lock___dd_hash_mutex
                    0x1               d:/scm/gnutoo~1/92019-~1/bin/../lib/gcc/arm-none-eabi/9.2.1/../../../../arm-none-eabi/lib/thumb/v7-m/nofp\libg.a(lib_a-lock.o)
__lock___tz_mutex   0x1               d:/scm/gnutoo~1/92019-~1/bin/../lib/gcc/arm-none-eabi/9.2.1/../../../../arm-none-eabi/lib/thumb/v7-m/nofp\libg.a(lib_a-lock.o)
__lock___sfp_recursive_mutex
                    0x1               d:/scm/gnutoo~1/92019-~1/bin/../lib/gcc/arm-none-eabi/9.2.1/../../../../arm-none-eabi/lib/thumb/v7-m/nofp\libg.a(lib_a-lock.o)

Discarded input sections

 .text          0x00000000        0x0 d:/scm/gnutoo~1/92019-~1/bin/../lib/gcc/arm-none-eabi/9.2.1/thumb/v7-m/nofp/crti.o
[...]
Memory Configuration

Name             Origin             Length             Attributes
RAM              0x20000000         0x00010000         xrw
FLASH            0x08000000         0x00080000         xr
*default*        0x00000000         0xffffffff

Linker script and memory map

LOAD d:/scm/gnutoo~1/92019-~1/bin/../lib/gcc/arm-none-eabi/9.2.1/thumb/v7-m/nofp/crti.o
LOAD d:/scm/gnutoo~1/92019-~1/bin/../lib/gcc/arm-none-eabi/9.2.1/thumb/v7-m/nofp/crtbegin.o
LOAD d:/scm/gnutoo~1/92019-~1/bin/../lib/gcc/arm-none-eabi/9.2.1/../../../../arm-none-eabi/lib/thumb/v7-m/nofp/crt0.o
LOAD CMakeFiles/1+x_switch.elf.dir/Drivers/STM32F1xx_HAL_Driver/Src/stm32f1xx_hal.c.obj
LOAD CMakeFiles/1+x_switch.elf.dir/Drivers/STM32F1xx_HAL_Driver/Src/stm32f1xx_hal_cortex.c.obj
LOAD CMakeFiles/1+x_switch.elf.dir/Drivers/STM32F1xx_HAL_Driver/Src/stm32f1xx_hal_dma.c.obj
LOAD CMakeFiles/1+x_switch.elf.dir/Drivers/STM32F1xx_HAL_Driver/Src/stm32f1xx_hal_exti.c.obj
LOAD CMakeFiles/1+x_switch.elf.dir/Drivers/STM32F1xx_HAL_Driver/Src/stm32f1xx_hal_flash.c.obj
LOAD CMakeFiles/1+x_switch.elf.dir/Drivers/STM32F1xx_HAL_Driver/Src/stm32f1xx_hal_flash_ex.c.obj
LOAD CMakeFiles/1+x_switch.elf.dir/Drivers/STM32F1xx_HAL_Driver/Src/stm32f1xx_hal_gpio.c.obj
LOAD CMakeFiles/1+x_switch.elf.dir/Drivers/STM32F1xx_HAL_Driver/Src/stm32f1xx_hal_gpio_ex.c.obj
LOAD CMakeFiles/1+x_switch.elf.dir/Drivers/STM32F1xx_HAL_Driver/Src/stm32f1xx_hal_pwr.c.obj
LOAD CMakeFiles/1+x_switch.elf.dir/Drivers/STM32F1xx_HAL_Driver/Src/stm32f1xx_hal_rcc.c.obj
LOAD CMakeFiles/1+x_switch.elf.dir/Drivers/STM32F1xx_HAL_Driver/Src/stm32f1xx_hal_rcc_ex.c.obj
LOAD CMakeFiles/1+x_switch.elf.dir/Drivers/STM32F1xx_HAL_Driver/Src/stm32f1xx_hal_tim.c.obj
LOAD CMakeFiles/1+x_switch.elf.dir/Drivers/STM32F1xx_HAL_Driver/Src/stm32f1xx_hal_tim_ex.c.obj
LOAD CMakeFiles/1+x_switch.elf.dir/Src/gpio.c.obj
LOAD CMakeFiles/1+x_switch.elf.dir/Src/main.c.obj
LOAD CMakeFiles/1+x_switch.elf.dir/Src/stm32f1xx_hal_msp.c.obj
LOAD CMakeFiles/1+x_switch.elf.dir/Src/stm32f1xx_it.c.obj
LOAD CMakeFiles/1+x_switch.elf.dir/Src/syscalls.c.obj
LOAD CMakeFiles/1+x_switch.elf.dir/Src/sysmem.c.obj
LOAD CMakeFiles/1+x_switch.elf.dir/Src/system_stm32f1xx.c.obj
LOAD CMakeFiles/1+x_switch.elf.dir/Src/tim.c.obj
LOAD CMakeFiles/1+x_switch.elf.dir/Startup/startup_stm32f103vetx.s.obj
START GROUP
LOAD d:/scm/gnutoo~1/92019-~1/bin/../lib/gcc/arm-none-eabi/9.2.1/thumb/v7-m/nofp\libgcc.a
LOAD d:/scm/gnutoo~1/92019-~1/bin/../lib/gcc/arm-none-eabi/9.2.1/../../../../arm-none-eabi/lib/thumb/v7-m/nofp\libg.a
LOAD d:/scm/gnutoo~1/92019-~1/bin/../lib/gcc/arm-none-eabi/9.2.1/../../../../arm-none-eabi/lib/thumb/v7-m/nofp\libc.a
END GROUP
LOAD d:/scm/gnutoo~1/92019-~1/bin/../lib/gcc/arm-none-eabi/9.2.1/thumb/v7-m/nofp/crtend.o
LOAD d:/scm/gnutoo~1/92019-~1/bin/../lib/gcc/arm-none-eabi/9.2.1/thumb/v7-m/nofp/crtn.o
                0x20010000                _estack = 0x20010000
                0x00000200                _Min_Heap_Size = 0x200
                0x00000400                _Min_Stack_Size = 0x400

.isr_vector     0x08000000      0x1e4
                0x08000000                . = ALIGN (0x4)
 *(.isr_vector)
 .isr_vector    0x08000000      0x1e4 CMakeFiles/1+x_switch.elf.dir/Startup/startup_stm32f103vetx.s.obj
                0x08000000                g_pfnVectors
                0x080001e4                . = ALIGN (0x4)

.text           0x080001e4     0x248c
                0x080001e4                . = ALIGN (0x4)
 *(.text)
 .text          0x080001e4       0x40 d:/scm/gnutoo~1/92019-~1/bin/../lib/gcc/arm-none-eabi/9.2.1/thumb/v7-m/nofp/crtbegin.o
 *(.text*)
 .text.HAL_Init
                0x08000224       0x2c CMakeFiles/1+x_switch.elf.dir/Drivers/STM32F1xx_HAL_Driver/Src/stm32f1xx_hal.c.obj
                0x08000224                HAL_Init
 .text.HAL_InitTick
                0x08000250       0x60 CMakeFiles/1+x_switch.elf.dir/Drivers/STM32F1xx_HAL_Driver/Src/stm32f1xx_hal.c.obj
                0x08000250                HAL_InitTick
 .text.HAL_IncTick
                0x080002b0       0x24 CMakeFiles/1+x_switch.elf.dir/Drivers/STM32F1xx_HAL_Driver/Src/stm32f1xx_hal.c.obj
                0x080002b0                HAL_IncTick
 .text.HAL_GetTick
                0x080002d4       0x14 CMakeFiles/1+x_switch.elf.dir/Drivers/STM32F1xx_HAL_Driver/Src/stm32f1xx_hal.c.obj
                0x080002d4                HAL_GetTick
 .text.HAL_Delay
                0x080002e8       0x48 CMakeFiles/1+x_switch.elf.dir/Drivers/STM32F1xx_HAL_Driver/Src/stm32f1xx_hal.c.obj
                0x080002e8                HAL_Delay
 .text.__NVIC_SetPriorityGrouping
                0x08000330       0x48 CMakeFiles/1+x_switch.elf.dir/Drivers/STM32F1xx_HAL_Driver/Src/stm32f1xx_hal_cortex.c.obj
 .text.__NVIC_GetPriorityGrouping
                0x08000378       0x1c CMakeFiles/1+x_switch.elf.dir/Drivers/STM32F1xx_HAL_Driver/Src/stm32f1xx_hal_cortex.c.obj
 .text.__NVIC_EnableIRQ
                0x08000394       0x38 CMakeFiles/1+x_switch.elf.dir/Drivers/STM32F1xx_HAL_Driver/Src/stm32f1xx_hal_cortex.c.obj
 .text.__NVIC_SetPriority
                0x080003cc       0x54 CMakeFiles/1+x_switch.elf.dir/Drivers/STM32F1xx_HAL_Driver/Src/stm32f1xx_hal_cortex.c.obj
 .text.NVIC_EncodePriority
                0x08000420       0x64 CMakeFiles/1+x_switch.elf.dir/Drivers/STM32F1xx_HAL_Driver/Src/stm32f1xx_hal_cortex.c.obj
 .text.SysTick_Config
                0x08000484       0x44 CMakeFiles/1+x_switch.elf.dir/Drivers/STM32F1xx_HAL_Driver/Src/stm32f1xx_hal_cortex.c.obj
 .text.HAL_NVIC_SetPriorityGrouping
                0x080004c8       0x16 CMakeFiles/1+x_switch.elf.dir/Drivers/STM32F1xx_HAL_Driver/Src/stm32f1xx_hal_cortex.c.obj
                0x080004c8                HAL_NVIC_SetPriorityGrouping
 .text.HAL_NVIC_SetPriority
                0x080004de       0x38 CMakeFiles/1+x_switch.elf.dir/Drivers/STM32F1xx_HAL_Driver/Src/stm32f1xx_hal_cortex.c.obj
                0x080004de                HAL_NVIC_SetPriority
 .text.HAL_NVIC_EnableIRQ
                0x08000516       0x1c CMakeFiles/1+x_switch.elf.dir/Drivers/STM32F1xx_HAL_Driver/Src/stm32f1xx_hal_cortex.c.obj
                0x08000516                HAL_NVIC_EnableIRQ
 .text.HAL_SYSTICK_Config
                0x08000532       0x18 CMakeFiles/1+x_switch.elf.dir/Drivers/STM32F1xx_HAL_Driver/Src/stm32f1xx_hal_cortex.c.obj
                0x08000532                HAL_SYSTICK_Config
 *fill*         0x0800054a        0x2 
 .text.HAL_GPIO_Init
                0x0800054c      0x328 CMakeFiles/1+x_switch.elf.dir/Drivers/STM32F1xx_HAL_Driver/Src/stm32f1xx_hal_gpio.c.obj
                0x0800054c                HAL_GPIO_Init
 .text.HAL_GPIO_WritePin
                0x08000874       0x30 CMakeFiles/1+x_switch.elf.dir/Drivers/STM32F1xx_HAL_Driver/Src/stm32f1xx_hal_gpio.c.obj
                0x08000874                HAL_GPIO_WritePin
 .text.HAL_RCC_OscConfig
                0x080008a4      0x500 CMakeFiles/1+x_switch.elf.dir/Drivers/STM32F1xx_HAL_Driver/Src/stm32f1xx_hal_rcc.c.obj
                0x080008a4                HAL_RCC_OscConfig
 .text.HAL_RCC_ClockConfig
                0x08000da4      0x1d4 CMakeFiles/1+x_switch.elf.dir/Drivers/STM32F1xx_HAL_Driver/Src/stm32f1xx_hal_rcc.c.obj
                0x08000da4                HAL_RCC_ClockConfig
 .text.HAL_RCC_GetSysClockFreq
                0x08000f78       0xc0 CMakeFiles/1+x_switch.elf.dir/Drivers/STM32F1xx_HAL_Driver/Src/stm32f1xx_hal_rcc.c.obj
                0x08000f78                HAL_RCC_GetSysClockFreq
 .text.RCC_Delay
                0x08001038       0x3c CMakeFiles/1+x_switch.elf.dir/Drivers/STM32F1xx_HAL_Driver/Src/stm32f1xx_hal_rcc.c.obj
 .text.HAL_TIM_Base_Init
                0x08001074       0x56 CMakeFiles/1+x_switch.elf.dir/Drivers/STM32F1xx_HAL_Driver/Src/stm32f1xx_hal_tim.c.obj
                0x08001074                HAL_TIM_Base_Init
 .text.HAL_TIM_PWM_Init
                0x080010ca       0x56 CMakeFiles/1+x_switch.elf.dir/Drivers/STM32F1xx_HAL_Driver/Src/stm32f1xx_hal_tim.c.obj
                0x080010ca                HAL_TIM_PWM_Init
 .text.HAL_TIM_PWM_MspInit
                0x08001120       0x12 CMakeFiles/1+x_switch.elf.dir/Drivers/STM32F1xx_HAL_Driver/Src/stm32f1xx_hal_tim.c.obj
                0x08001120                HAL_TIM_PWM_MspInit
 *fill*         0x08001132        0x2 
 .text.HAL_TIM_PWM_Start
                0x08001134       0x7c CMakeFiles/1+x_switch.elf.dir/Drivers/STM32F1xx_HAL_Driver/Src/stm32f1xx_hal_tim.c.obj
                0x08001134                HAL_TIM_PWM_Start
 .text.HAL_TIM_IRQHandler
                0x080011b0      0x210 CMakeFiles/1+x_switch.elf.dir/Drivers/STM32F1xx_HAL_Driver/Src/stm32f1xx_hal_tim.c.obj
                0x080011b0                HAL_TIM_IRQHandler
 .text.HAL_TIM_PWM_ConfigChannel
                0x080013c0      0x18c CMakeFiles/1+x_switch.elf.dir/Drivers/STM32F1xx_HAL_Driver/Src/stm32f1xx_hal_tim.c.obj
                0x080013c0                HAL_TIM_PWM_ConfigChannel
 .text.HAL_TIM_ConfigClockSource
                0x0800154c      0x188 CMakeFiles/1+x_switch.elf.dir/Drivers/STM32F1xx_HAL_Driver/Src/stm32f1xx_hal_tim.c.obj
                0x0800154c                HAL_TIM_ConfigClockSource
 .text.HAL_TIM_PeriodElapsedCallback
                0x080016d4       0x12 CMakeFiles/1+x_switch.elf.dir/Drivers/STM32F1xx_HAL_Driver/Src/stm32f1xx_hal_tim.c.obj
                0x080016d4                HAL_TIM_PeriodElapsedCallback
 .text.HAL_TIM_OC_DelayElapsedCallback
                0x080016e6       0x12 CMakeFiles/1+x_switch.elf.dir/Drivers/STM32F1xx_HAL_Driver/Src/stm32f1xx_hal_tim.c.obj
                0x080016e6                HAL_TIM_OC_DelayElapsedCallback
 .text.HAL_TIM_IC_CaptureCallback
                0x080016f8       0x12 CMakeFiles/1+x_switch.elf.dir/Drivers/STM32F1xx_HAL_Driver/Src/stm32f1xx_hal_tim.c.obj
                0x080016f8                HAL_TIM_IC_CaptureCallback
 .text.HAL_TIM_PWM_PulseFinishedCallback
                0x0800170a       0x12 CMakeFiles/1+x_switch.elf.dir/Drivers/STM32F1xx_HAL_Driver/Src/stm32f1xx_hal_tim.c.obj
                0x0800170a                HAL_TIM_PWM_PulseFinishedCallback
 .text.HAL_TIM_TriggerCallback
                0x0800171c       0x12 CMakeFiles/1+x_switch.elf.dir/Drivers/STM32F1xx_HAL_Driver/Src/stm32f1xx_hal_tim.c.obj
                0x0800171c                HAL_TIM_TriggerCallback
 *fill*         0x0800172e        0x2 
 .text.TIM_Base_SetConfig
                0x08001730       0xf4 CMakeFiles/1+x_switch.elf.dir/Drivers/STM32F1xx_HAL_Driver/Src/stm32f1xx_hal_tim.c.obj
                0x08001730                TIM_Base_SetConfig
 .text.TIM_OC1_SetConfig
                0x08001824       0xe0 CMakeFiles/1+x_switch.elf.dir/Drivers/STM32F1xx_HAL_Driver/Src/stm32f1xx_hal_tim.c.obj
 .text.TIM_OC2_SetConfig
                0x08001904       0xe8 CMakeFiles/1+x_switch.elf.dir/Drivers/STM32F1xx_HAL_Driver/Src/stm32f1xx_hal_tim.c.obj
                0x08001904                TIM_OC2_SetConfig
 .text.TIM_OC3_SetConfig
                0x080019ec       0xe8 CMakeFiles/1+x_switch.elf.dir/Drivers/STM32F1xx_HAL_Driver/Src/stm32f1xx_hal_tim.c.obj
 .text.TIM_OC4_SetConfig
                0x08001ad4       0xa8 CMakeFiles/1+x_switch.elf.dir/Drivers/STM32F1xx_HAL_Driver/Src/stm32f1xx_hal_tim.c.obj
 .text.TIM_TI1_ConfigInputStage
                0x08001b7c       0x5c CMakeFiles/1+x_switch.elf.dir/Drivers/STM32F1xx_HAL_Driver/Src/stm32f1xx_hal_tim.c.obj
 .text.TIM_TI2_ConfigInputStage
                0x08001bd8       0x5e CMakeFiles/1+x_switch.elf.dir/Drivers/STM32F1xx_HAL_Driver/Src/stm32f1xx_hal_tim.c.obj
 .text.TIM_ITRx_SetConfig
                0x08001c36       0x34 CMakeFiles/1+x_switch.elf.dir/Drivers/STM32F1xx_HAL_Driver/Src/stm32f1xx_hal_tim.c.obj
 .text.TIM_ETR_SetConfig
                0x08001c6a       0x3e CMakeFiles/1+x_switch.elf.dir/Drivers/STM32F1xx_HAL_Driver/Src/stm32f1xx_hal_tim.c.obj
                0x08001c6a                TIM_ETR_SetConfig
 .text.TIM_CCxChannelCmd
                0x08001ca8       0x48 CMakeFiles/1+x_switch.elf.dir/Drivers/STM32F1xx_HAL_Driver/Src/stm32f1xx_hal_tim.c.obj
                0x08001ca8                TIM_CCxChannelCmd
 .text.HAL_TIMEx_MasterConfigSynchronization
                0x08001cf0       0x88 CMakeFiles/1+x_switch.elf.dir/Drivers/STM32F1xx_HAL_Driver/Src/stm32f1xx_hal_tim_ex.c.obj
                0x08001cf0                HAL_TIMEx_MasterConfigSynchronization
 .text.HAL_TIMEx_ConfigBreakDeadTime
                0x08001d78       0xa2 CMakeFiles/1+x_switch.elf.dir/Drivers/STM32F1xx_HAL_Driver/Src/stm32f1xx_hal_tim_ex.c.obj
                0x08001d78                HAL_TIMEx_ConfigBreakDeadTime
 .text.HAL_TIMEx_CommutCallback
                0x08001e1a       0x12 CMakeFiles/1+x_switch.elf.dir/Drivers/STM32F1xx_HAL_Driver/Src/stm32f1xx_hal_tim_ex.c.obj
                0x08001e1a                HAL_TIMEx_CommutCallback
 .text.HAL_TIMEx_BreakCallback
                0x08001e2c       0x12 CMakeFiles/1+x_switch.elf.dir/Drivers/STM32F1xx_HAL_Driver/Src/stm32f1xx_hal_tim_ex.c.obj
                0x08001e2c                HAL_TIMEx_BreakCallback
 *fill*         0x08001e3e        0x2 
 .text.MX_GPIO_Init
                0x08001e40       0xd0 CMakeFiles/1+x_switch.elf.dir/Src/gpio.c.obj
                0x08001e40                MX_GPIO_Init
 .text.main     0x08001f10       0xe0 CMakeFiles/1+x_switch.elf.dir/Src/main.c.obj
                0x08001f10                main
 .text.SystemClock_Config
                0x08001ff0       0x8a CMakeFiles/1+x_switch.elf.dir/Src/main.c.obj
                0x08001ff0                SystemClock_Config
 .text.Error_Handler
                0x0800207a        0xc CMakeFiles/1+x_switch.elf.dir/Src/main.c.obj
                0x0800207a                Error_Handler
 *fill*         0x08002086        0x2 
 .text.HAL_MspInit
                0x08002088       0x64 CMakeFiles/1+x_switch.elf.dir/Src/stm32f1xx_hal_msp.c.obj
                0x08002088                HAL_MspInit
 .text.NMI_Handler
                0x080020ec        0xc CMakeFiles/1+x_switch.elf.dir/Src/stm32f1xx_it.c.obj
                0x080020ec                NMI_Handler
 .text.HardFault_Handler
                0x080020f8        0x6 CMakeFiles/1+x_switch.elf.dir/Src/stm32f1xx_it.c.obj
                0x080020f8                HardFault_Handler
 .text.MemManage_Handler
                0x080020fe        0x6 CMakeFiles/1+x_switch.elf.dir/Src/stm32f1xx_it.c.obj
                0x080020fe                MemManage_Handler
 .text.BusFault_Handler
                0x08002104        0x6 CMakeFiles/1+x_switch.elf.dir/Src/stm32f1xx_it.c.obj
                0x08002104                BusFault_Handler
 .text.UsageFault_Handler
                0x0800210a        0x6 CMakeFiles/1+x_switch.elf.dir/Src/stm32f1xx_it.c.obj
                0x0800210a                UsageFault_Handler
 .text.SVC_Handler
                0x08002110        0xc CMakeFiles/1+x_switch.elf.dir/Src/stm32f1xx_it.c.obj
                0x08002110                SVC_Handler
 .text.DebugMon_Handler
                0x0800211c        0xc CMakeFiles/1+x_switch.elf.dir/Src/stm32f1xx_it.c.obj
                0x0800211c                DebugMon_Handler
 .text.PendSV_Handler
                0x08002128        0xc CMakeFiles/1+x_switch.elf.dir/Src/stm32f1xx_it.c.obj
                0x08002128                PendSV_Handler
 .text.SysTick_Handler
                0x08002134        0xc CMakeFiles/1+x_switch.elf.dir/Src/stm32f1xx_it.c.obj
                0x08002134                SysTick_Handler
 .text.TIM1_BRK_IRQHandler
                0x08002140       0x14 CMakeFiles/1+x_switch.elf.dir/Src/stm32f1xx_it.c.obj
                0x08002140                TIM1_BRK_IRQHandler
 .text.TIM1_UP_IRQHandler
                0x08002154       0x14 CMakeFiles/1+x_switch.elf.dir/Src/stm32f1xx_it.c.obj
                0x08002154                TIM1_UP_IRQHandler
 .text.TIM1_TRG_COM_IRQHandler
                0x08002168       0x14 CMakeFiles/1+x_switch.elf.dir/Src/stm32f1xx_it.c.obj
                0x08002168                TIM1_TRG_COM_IRQHandler
 .text.TIM1_CC_IRQHandler
                0x0800217c       0x14 CMakeFiles/1+x_switch.elf.dir/Src/stm32f1xx_it.c.obj
                0x0800217c                TIM1_CC_IRQHandler
 .text.SystemInit
                0x08002190       0x68 CMakeFiles/1+x_switch.elf.dir/Src/system_stm32f1xx.c.obj
                0x08002190                SystemInit
 .text.MX_TIM1_Init
                0x080021f8      0x140 CMakeFiles/1+x_switch.elf.dir/Src/tim.c.obj
                0x080021f8                MX_TIM1_Init
 .text.HAL_TIM_Base_MspInit
                0x08002338       0x7c CMakeFiles/1+x_switch.elf.dir/Src/tim.c.obj
                0x08002338                HAL_TIM_Base_MspInit
 .text.HAL_TIM_MspPostInit
                0x080023b4       0x90 CMakeFiles/1+x_switch.elf.dir/Src/tim.c.obj
                0x080023b4                HAL_TIM_MspPostInit
 .text.Reset_Handler
                0x08002444       0x48 CMakeFiles/1+x_switch.elf.dir/Startup/startup_stm32f103vetx.s.obj
                0x08002444                Reset_Handler
 .text.Default_Handler
                0x0800248c        0x2 CMakeFiles/1+x_switch.elf.dir/Startup/startup_stm32f103vetx.s.obj
                0x0800248c                RTC_Alarm_IRQHandler
                0x0800248c                EXTI2_IRQHandler
                0x0800248c                TIM8_TRG_COM_IRQHandler
                0x0800248c                TIM8_CC_IRQHandler
                0x0800248c                TIM6_IRQHandler
                0x0800248c                PVD_IRQHandler
                0x0800248c                SDIO_IRQHandler
                0x0800248c                EXTI3_IRQHandler
                0x0800248c                EXTI0_IRQHandler
                0x0800248c                I2C2_EV_IRQHandler
                0x0800248c                ADC1_2_IRQHandler
                0x0800248c                SPI1_IRQHandler
                0x0800248c                TAMPER_IRQHandler
                0x0800248c                TIM8_UP_IRQHandler
                0x0800248c                DMA2_Channel2_IRQHandler
                0x0800248c                DMA1_Channel4_IRQHandler
                0x0800248c                USART3_IRQHandler
                0x0800248c                RTC_IRQHandler
                0x0800248c                DMA1_Channel7_IRQHandler
                0x0800248c                CAN1_RX1_IRQHandler
                0x0800248c                UART5_IRQHandler
                0x0800248c                ADC3_IRQHandler
                0x0800248c                TIM4_IRQHandler
                0x0800248c                DMA2_Channel1_IRQHandler
                0x0800248c                I2C1_EV_IRQHandler
                0x0800248c                DMA1_Channel6_IRQHandler
                0x0800248c                UART4_IRQHandler
                0x0800248c                TIM3_IRQHandler
                0x0800248c                RCC_IRQHandler
                0x0800248c                DMA1_Channel1_IRQHandler
                0x0800248c                Default_Handler
                0x0800248c                EXTI15_10_IRQHandler
                0x0800248c                TIM7_IRQHandler
                0x0800248c                TIM5_IRQHandler
                0x0800248c                EXTI9_5_IRQHandler
                0x0800248c                SPI2_IRQHandler
                0x0800248c                DMA1_Channel5_IRQHandler
                0x0800248c                EXTI4_IRQHandler
                0x0800248c                USB_LP_CAN1_RX0_IRQHandler
                0x0800248c                USB_HP_CAN1_TX_IRQHandler
                0x0800248c                DMA1_Channel3_IRQHandler
                0x0800248c                FSMC_IRQHandler
                0x0800248c                WWDG_IRQHandler
                0x0800248c                TIM2_IRQHandler
                0x0800248c                EXTI1_IRQHandler
                0x0800248c                DMA2_Channel4_5_IRQHandler
                0x0800248c                USART2_IRQHandler
                0x0800248c                I2C2_ER_IRQHandler
                0x0800248c                DMA1_Channel2_IRQHandler
                0x0800248c                TIM8_BRK_IRQHandler
                0x0800248c                CAN1_SCE_IRQHandler
                0x0800248c                FLASH_IRQHandler
                0x0800248c                USART1_IRQHandler
                0x0800248c                SPI3_IRQHandler
                0x0800248c                I2C1_ER_IRQHandler
                0x0800248c                USBWakeUp_IRQHandler
                0x0800248c                DMA2_Channel3_IRQHandler
 *fill*         0x0800248e        0x2 
 .text.__libc_init_array
                0x08002490       0x48 d:/scm/gnutoo~1/92019-~1/bin/../lib/gcc/arm-none-eabi/9.2.1/../../../../arm-none-eabi/lib/thumb/v7-m/nofp\libg.a(lib_a-init.o)
                0x08002490                __libc_init_array
 .text.memset   0x080024d8       0xa0 d:/scm/gnutoo~1/92019-~1/bin/../lib/gcc/arm-none-eabi/9.2.1/../../../../arm-none-eabi/lib/thumb/v7-m/nofp\libg.a(lib_a-memset.o)
                0x080024d8                memset
 .text.startup.register_fini
                0x08002578       0x14 d:/scm/gnutoo~1/92019-~1/bin/../lib/gcc/arm-none-eabi/9.2.1/../../../../arm-none-eabi/lib/thumb/v7-m/nofp\libg.a(lib_a-__call_atexit.o)
 .text.atexit   0x0800258c        0xc d:/scm/gnutoo~1/92019-~1/bin/../lib/gcc/arm-none-eabi/9.2.1/../../../../arm-none-eabi/lib/thumb/v7-m/nofp\libg.a(lib_a-atexit.o)
                0x0800258c                atexit
 .text.__libc_fini_array
                0x08002598       0x2c d:/scm/gnutoo~1/92019-~1/bin/../lib/gcc/arm-none-eabi/9.2.1/../../../../arm-none-eabi/lib/thumb/v7-m/nofp\libg.a(lib_a-fini.o)
                0x08002598                __libc_fini_array
 .text.__retarget_lock_acquire_recursive
                0x080025c4        0x4 d:/scm/gnutoo~1/92019-~1/bin/../lib/gcc/arm-none-eabi/9.2.1/../../../../arm-none-eabi/lib/thumb/v7-m/nofp\libg.a(lib_a-lock.o)
                0x080025c4                __retarget_lock_acquire_recursive
 .text.__retarget_lock_release_recursive
                0x080025c8        0x4 d:/scm/gnutoo~1/92019-~1/bin/../lib/gcc/arm-none-eabi/9.2.1/../../../../arm-none-eabi/lib/thumb/v7-m/nofp\libg.a(lib_a-lock.o)
                0x080025c8                __retarget_lock_release_recursive
 .text.__register_exitproc
                0x080025cc       0x8c d:/scm/gnutoo~1/92019-~1/bin/../lib/gcc/arm-none-eabi/9.2.1/../../../../arm-none-eabi/lib/thumb/v7-m/nofp\libg.a(lib_a-__atexit.o)
                0x080025cc                __register_exitproc
 *(.glue_7)
 .glue_7        0x08002658        0x0 linker stubs
 *(.glue_7t)
 .glue_7t       0x08002658        0x0 linker stubs
 *(.eh_frame)
 .eh_frame      0x08002658        0x0 d:/scm/gnutoo~1/92019-~1/bin/../lib/gcc/arm-none-eabi/9.2.1/thumb/v7-m/nofp/crtbegin.o
 *(.init)
 .init          0x08002658        0x4 d:/scm/gnutoo~1/92019-~1/bin/../lib/gcc/arm-none-eabi/9.2.1/thumb/v7-m/nofp/crti.o
                0x08002658                _init
 .init          0x0800265c        0x8 d:/scm/gnutoo~1/92019-~1/bin/../lib/gcc/arm-none-eabi/9.2.1/thumb/v7-m/nofp/crtn.o
 *(.fini)
 .fini          0x08002664        0x4 d:/scm/gnutoo~1/92019-~1/bin/../lib/gcc/arm-none-eabi/9.2.1/thumb/v7-m/nofp/crti.o
                0x08002664                _fini
 .fini          0x08002668        0x8 d:/scm/gnutoo~1/92019-~1/bin/../lib/gcc/arm-none-eabi/9.2.1/thumb/v7-m/nofp/crtn.o
                0x08002670                . = ALIGN (0x4)
                0x08002670                _etext = .

.vfp11_veneer   0x08002670        0x0
 .vfp11_veneer  0x08002670        0x0 linker stubs

.v4_bx          0x08002670        0x0
 .v4_bx         0x08002670        0x0 linker stubs

.iplt           0x08002670        0x0
 .iplt          0x08002670        0x0 d:/scm/gnutoo~1/92019-~1/bin/../lib/gcc/arm-none-eabi/9.2.1/thumb/v7-m/nofp/crtbegin.o

.rodata         0x08002670       0x24
                0x08002670                . = ALIGN (0x4)
 *(.rodata)
 .rodata        0x08002670       0x10 CMakeFiles/1+x_switch.elf.dir/Drivers/STM32F1xx_HAL_Driver/Src/stm32f1xx_hal_rcc.c.obj
 *(.rodata*)
 .rodata.AHBPrescTable
                0x08002680       0x10 CMakeFiles/1+x_switch.elf.dir/Src/system_stm32f1xx.c.obj
                0x08002680                AHBPrescTable
 .rodata._global_impure_ptr
                0x08002690        0x4 d:/scm/gnutoo~1/92019-~1/bin/../lib/gcc/arm-none-eabi/9.2.1/../../../../arm-none-eabi/lib/thumb/v7-m/nofp\libg.a(lib_a-impure.o)
                0x08002690                _global_impure_ptr
                0x08002694                . = ALIGN (0x4)

.rel.dyn        0x08002694        0x0
 .rel.iplt      0x08002694        0x0 d:/scm/gnutoo~1/92019-~1/bin/../lib/gcc/arm-none-eabi/9.2.1/thumb/v7-m/nofp/crtbegin.o

.ARM.extab      0x08002694        0x0
                0x08002694                . = ALIGN (0x4)
 *(.ARM.extab* .gnu.linkonce.armextab.*)
                0x08002694                . = ALIGN (0x4)

.ARM            0x08002694        0x0
                0x08002694                . = ALIGN (0x4)
                0x08002694                __exidx_start = .
 *(.ARM.exidx*)
                0x08002694                __exidx_end = .
                0x08002694                . = ALIGN (0x4)

.preinit_array  0x08002694        0x0
                0x08002694                . = ALIGN (0x4)
                0x08002694                PROVIDE (__preinit_array_start = .)
 *(.preinit_array*)
                0x08002694                PROVIDE (__preinit_array_end = .)
                0x08002694                . = ALIGN (0x4)

.init_array     0x08002694        0x8
                0x08002694                . = ALIGN (0x4)
                0x08002694                PROVIDE (__init_array_start = .)
 *(SORT_BY_NAME(.init_array.*))
 .init_array.00000
                0x08002694        0x4 d:/scm/gnutoo~1/92019-~1/bin/../lib/gcc/arm-none-eabi/9.2.1/../../../../arm-none-eabi/lib/thumb/v7-m/nofp\libg.a(lib_a-__call_atexit.o)
 *(.init_array*)
 .init_array    0x08002698        0x4 d:/scm/gnutoo~1/92019-~1/bin/../lib/gcc/arm-none-eabi/9.2.1/thumb/v7-m/nofp/crtbegin.o
                0x0800269c                PROVIDE (__init_array_end = .)
                0x0800269c                . = ALIGN (0x4)

.fini_array     0x0800269c        0x4
                0x0800269c                . = ALIGN (0x4)
                0x0800269c                PROVIDE (__fini_array_start = .)
 *(SORT_BY_NAME(.fini_array.*))
 *(.fini_array*)
 .fini_array    0x0800269c        0x4 d:/scm/gnutoo~1/92019-~1/bin/../lib/gcc/arm-none-eabi/9.2.1/thumb/v7-m/nofp/crtbegin.o
                0x080026a0                PROVIDE (__fini_array_end = .)
                0x080026a0                . = ALIGN (0x4)
                0x080026a0                _sidata = LOADADDR (.data)

.data           0x20000000      0x43c load address 0x080026a0
                0x20000000                . = ALIGN (0x4)
                0x20000000                _sdata = .
 *(.data)
 *(.data*)
 .data.uwTickPrio
                0x20000000        0x4 CMakeFiles/1+x_switch.elf.dir/Drivers/STM32F1xx_HAL_Driver/Src/stm32f1xx_hal.c.obj
                0x20000000                uwTickPrio
 .data.uwTickFreq
                0x20000004        0x1 CMakeFiles/1+x_switch.elf.dir/Drivers/STM32F1xx_HAL_Driver/Src/stm32f1xx_hal.c.obj
                0x20000004                uwTickFreq
 .data.pwm_mode
                0x20000005        0x1 CMakeFiles/1+x_switch.elf.dir/Src/main.c.obj
                0x20000005                pwm_mode
 *fill*         0x20000006        0x2 
 .data.SystemCoreClock
                0x20000008        0x4 CMakeFiles/1+x_switch.elf.dir/Src/system_stm32f1xx.c.obj
                0x20000008                SystemCoreClock
 *fill*         0x2000000c        0x4 
 .data.impure_data
                0x20000010      0x428 d:/scm/gnutoo~1/92019-~1/bin/../lib/gcc/arm-none-eabi/9.2.1/../../../../arm-none-eabi/lib/thumb/v7-m/nofp\libg.a(lib_a-impure.o)
 .data.__atexit_recursive_mutex
                0x20000438        0x4 d:/scm/gnutoo~1/92019-~1/bin/../lib/gcc/arm-none-eabi/9.2.1/../../../../arm-none-eabi/lib/thumb/v7-m/nofp\libg.a(lib_a-__call_atexit.o)
                0x20000438                __atexit_recursive_mutex
                0x2000043c                . = ALIGN (0x4)
                0x2000043c                _edata = .

.igot.plt       0x2000043c        0x0 load address 0x08002adc
 .igot.plt      0x2000043c        0x0 d:/scm/gnutoo~1/92019-~1/bin/../lib/gcc/arm-none-eabi/9.2.1/thumb/v7-m/nofp/crtbegin.o
                0x2000043c                . = ALIGN (0x4)

.bss            0x2000043c       0x88 load address 0x08002adc
                0x2000043c                _sbss = .
                0x2000043c                __bss_start__ = _sbss
 *(.bss)
 .bss           0x2000043c       0x1c d:/scm/gnutoo~1/92019-~1/bin/../lib/gcc/arm-none-eabi/9.2.1/thumb/v7-m/nofp/crtbegin.o
 *(.bss*)
 .bss.uwTick    0x20000458        0x4 CMakeFiles/1+x_switch.elf.dir/Drivers/STM32F1xx_HAL_Driver/Src/stm32f1xx_hal.c.obj
                0x20000458                uwTick
 .bss.keydown_flag
                0x2000045c        0x1 CMakeFiles/1+x_switch.elf.dir/Src/main.c.obj
                0x2000045c                keydown_flag
 .bss.pwm_enable
                0x2000045d        0x1 CMakeFiles/1+x_switch.elf.dir/Src/main.c.obj
                0x2000045d                pwm_enable
 .bss.pwm_value
                0x2000045e        0x2 CMakeFiles/1+x_switch.elf.dir/Src/main.c.obj
 .bss.htim1     0x20000460       0x40 CMakeFiles/1+x_switch.elf.dir/Src/tim.c.obj
                0x20000460                htim1
 *(COMMON)
 COMMON         0x200004a0       0x21 d:/scm/gnutoo~1/92019-~1/bin/../lib/gcc/arm-none-eabi/9.2.1/../../../../arm-none-eabi/lib/thumb/v7-m/nofp\libg.a(lib_a-lock.o)
                0x200004a0                __lock___atexit_recursive_mutex
                0x200004a4                __lock___arc4random_mutex
                0x200004a8                __lock___env_recursive_mutex
                0x200004ac                __lock___sinit_recursive_mutex
                0x200004b0                __lock___malloc_recursive_mutex
                0x200004b4                __lock___at_quick_exit_mutex
                0x200004b8                __lock___dd_hash_mutex
                0x200004bc                __lock___tz_mutex
                0x200004c0                __lock___sfp_recursive_mutex
                0x200004c4                . = ALIGN (0x4)
 *fill*         0x200004c1        0x3 
                0x200004c4                _ebss = .
                0x200004c4                __bss_end__ = _ebss

._user_heap_stack
                0x200004c4      0x604 load address 0x08002adc
                0x200004c8                . = ALIGN (0x8)
 *fill*         0x200004c4        0x4 
                0x200004c8                PROVIDE (end = .)
                [!provide]                PROVIDE (_end = .)
                0x200006c8                . = (. + _Min_Heap_Size)
 *fill*         0x200004c8      0x200 
                0x20000ac8                . = (. + _Min_Stack_Size)
 *fill*         0x200006c8      0x400 
                0x20000ac8                . = ALIGN (0x8)

/DISCARD/
 libc.a(*)
 libm.a(*)
 libgcc.a(*)

.ARM.attributes
                0x00000000       0x29
 *(.ARM.attributes)
 .ARM.attributes
                0x00000000       0x1d d:/scm/gnutoo~1/92019-~1/bin/../lib/gcc/arm-none-eabi/9.2.1/thumb/v7-m/nofp/crti.o
 .ARM.attributes
                0x0000001d       0x2d d:/scm/gnutoo~1/92019-~1/bin/../lib/gcc/arm-none-eabi/9.2.1/thumb/v7-m/nofp/crtbegin.o
 .ARM.attributes
                0x0000004a       0x2d CMakeFiles/1+x_switch.elf.dir/Drivers/STM32F1xx_HAL_Driver/Src/stm32f1xx_hal.c.obj
 .ARM.attributes
                0x00000077       0x2d CMakeFiles/1+x_switch.elf.dir/Drivers/STM32F1xx_HAL_Driver/Src/stm32f1xx_hal_cortex.c.obj
 .ARM.attributes
                0x000000a4       0x2d CMakeFiles/1+x_switch.elf.dir/Drivers/STM32F1xx_HAL_Driver/Src/stm32f1xx_hal_gpio.c.obj
 .ARM.attributes
                0x000000d1       0x2d CMakeFiles/1+x_switch.elf.dir/Drivers/STM32F1xx_HAL_Driver/Src/stm32f1xx_hal_rcc.c.obj
 .ARM.attributes
                0x000000fe       0x2d CMakeFiles/1+x_switch.elf.dir/Drivers/STM32F1xx_HAL_Driver/Src/stm32f1xx_hal_tim.c.obj
 .ARM.attributes
                0x0000012b       0x2d CMakeFiles/1+x_switch.elf.dir/Drivers/STM32F1xx_HAL_Driver/Src/stm32f1xx_hal_tim_ex.c.obj
 .ARM.attributes
                0x00000158       0x2d CMakeFiles/1+x_switch.elf.dir/Src/gpio.c.obj
 .ARM.attributes
                0x00000185       0x2d CMakeFiles/1+x_switch.elf.dir/Src/main.c.obj
 .ARM.attributes
                0x000001b2       0x2d CMakeFiles/1+x_switch.elf.dir/Src/stm32f1xx_hal_msp.c.obj
 .ARM.attributes
                0x000001df       0x2d CMakeFiles/1+x_switch.elf.dir/Src/stm32f1xx_it.c.obj
 .ARM.attributes
                0x0000020c       0x2d CMakeFiles/1+x_switch.elf.dir/Src/system_stm32f1xx.c.obj
 .ARM.attributes
                0x00000239       0x2d CMakeFiles/1+x_switch.elf.dir/Src/tim.c.obj
 .ARM.attributes
                0x00000266       0x21 CMakeFiles/1+x_switch.elf.dir/Startup/startup_stm32f103vetx.s.obj
 .ARM.attributes
                0x00000287       0x2d d:/scm/gnutoo~1/92019-~1/bin/../lib/gcc/arm-none-eabi/9.2.1/../../../../arm-none-eabi/lib/thumb/v7-m/nofp\libg.a(lib_a-impure.o)
 .ARM.attributes
                0x000002b4       0x2d d:/scm/gnutoo~1/92019-~1/bin/../lib/gcc/arm-none-eabi/9.2.1/../../../../arm-none-eabi/lib/thumb/v7-m/nofp\libg.a(lib_a-init.o)
 .ARM.attributes
                0x000002e1       0x2d d:/scm/gnutoo~1/92019-~1/bin/../lib/gcc/arm-none-eabi/9.2.1/../../../../arm-none-eabi/lib/thumb/v7-m/nofp\libg.a(lib_a-memset.o)
 .ARM.attributes
                0x0000030e       0x2d d:/scm/gnutoo~1/92019-~1/bin/../lib/gcc/arm-none-eabi/9.2.1/../../../../arm-none-eabi/lib/thumb/v7-m/nofp\libg.a(lib_a-__call_atexit.o)
 .ARM.attributes
                0x0000033b       0x2d d:/scm/gnutoo~1/92019-~1/bin/../lib/gcc/arm-none-eabi/9.2.1/../../../../arm-none-eabi/lib/thumb/v7-m/nofp\libg.a(lib_a-atexit.o)
 .ARM.attributes
                0x00000368       0x2d d:/scm/gnutoo~1/92019-~1/bin/../lib/gcc/arm-none-eabi/9.2.1/../../../../arm-none-eabi/lib/thumb/v7-m/nofp\libg.a(lib_a-fini.o)
 .ARM.attributes
                0x00000395       0x2d d:/scm/gnutoo~1/92019-~1/bin/../lib/gcc/arm-none-eabi/9.2.1/../../../../arm-none-eabi/lib/thumb/v7-m/nofp\libg.a(lib_a-lock.o)
 .ARM.attributes
                0x000003c2       0x2d d:/scm/gnutoo~1/92019-~1/bin/../lib/gcc/arm-none-eabi/9.2.1/../../../../arm-none-eabi/lib/thumb/v7-m/nofp\libg.a(lib_a-__atexit.o)
 .ARM.attributes
                0x000003ef       0x1d d:/scm/gnutoo~1/92019-~1/bin/../lib/gcc/arm-none-eabi/9.2.1/thumb/v7-m/nofp/crtn.o
OUTPUT(1+x_switch.elf elf32-littlearm)

.debug_info     0x00000000     0x8364
 .debug_info    0x00000000      0x7ad CMakeFiles/1+x_switch.elf.dir/Drivers/STM32F1xx_HAL_Driver/Src/stm32f1xx_hal.c.obj
 .debug_info    0x000007ad      0xc2b CMakeFiles/1+x_switch.elf.dir/Drivers/STM32F1xx_HAL_Driver/Src/stm32f1xx_hal_cortex.c.obj
 .debug_info    0x000013d8      0x6da CMakeFiles/1+x_switch.elf.dir/Drivers/STM32F1xx_HAL_Driver/Src/stm32f1xx_hal_gpio.c.obj
 .debug_info    0x00001ab2      0x877 CMakeFiles/1+x_switch.elf.dir/Drivers/STM32F1xx_HAL_Driver/Src/stm32f1xx_hal_rcc.c.obj
 .debug_info    0x00002329     0x2669 CMakeFiles/1+x_switch.elf.dir/Drivers/STM32F1xx_HAL_Driver/Src/stm32f1xx_hal_tim.c.obj
 .debug_info    0x00004992     0x11fb CMakeFiles/1+x_switch.elf.dir/Drivers/STM32F1xx_HAL_Driver/Src/stm32f1xx_hal_tim_ex.c.obj
 .debug_info    0x00005b8d      0x378 CMakeFiles/1+x_switch.elf.dir/Src/gpio.c.obj
 .debug_info    0x00005f05      0x91b CMakeFiles/1+x_switch.elf.dir/Src/main.c.obj
 .debug_info    0x00006820      0x2e5 CMakeFiles/1+x_switch.elf.dir/Src/stm32f1xx_hal_msp.c.obj
 .debug_info    0x00006b05      0x72c CMakeFiles/1+x_switch.elf.dir/Src/stm32f1xx_it.c.obj
 .debug_info    0x00007231      0x462 CMakeFiles/1+x_switch.elf.dir/Src/system_stm32f1xx.c.obj
 .debug_info    0x00007693      0xcaf CMakeFiles/1+x_switch.elf.dir/Src/tim.c.obj
 .debug_info    0x00008342       0x22 CMakeFiles/1+x_switch.elf.dir/Startup/startup_stm32f103vetx.s.obj

.debug_abbrev   0x00000000     0x16dc
 .debug_abbrev  0x00000000      0x1fd CMakeFiles/1+x_switch.elf.dir/Drivers/STM32F1xx_HAL_Driver/Src/stm32f1xx_hal.c.obj
 .debug_abbrev  0x000001fd      0x310 CMakeFiles/1+x_switch.elf.dir/Drivers/STM32F1xx_HAL_Driver/Src/stm32f1xx_hal_cortex.c.obj
 .debug_abbrev  0x0000050d      0x1e5 CMakeFiles/1+x_switch.elf.dir/Drivers/STM32F1xx_HAL_Driver/Src/stm32f1xx_hal_gpio.c.obj
 .debug_abbrev  0x000006f2      0x270 CMakeFiles/1+x_switch.elf.dir/Drivers/STM32F1xx_HAL_Driver/Src/stm32f1xx_hal_rcc.c.obj
 .debug_abbrev  0x00000962      0x25b CMakeFiles/1+x_switch.elf.dir/Drivers/STM32F1xx_HAL_Driver/Src/stm32f1xx_hal_tim.c.obj
 .debug_abbrev  0x00000bbd      0x249 CMakeFiles/1+x_switch.elf.dir/Drivers/STM32F1xx_HAL_Driver/Src/stm32f1xx_hal_tim_ex.c.obj
 .debug_abbrev  0x00000e06      0x14b CMakeFiles/1+x_switch.elf.dir/Src/gpio.c.obj
 .debug_abbrev  0x00000f51      0x1cd CMakeFiles/1+x_switch.elf.dir/Src/main.c.obj
 .debug_abbrev  0x0000111e      0x11a CMakeFiles/1+x_switch.elf.dir/Src/stm32f1xx_hal_msp.c.obj
 .debug_abbrev  0x00001238      0x173 CMakeFiles/1+x_switch.elf.dir/Src/stm32f1xx_it.c.obj
 .debug_abbrev  0x000013ab      0x14b CMakeFiles/1+x_switch.elf.dir/Src/system_stm32f1xx.c.obj
 .debug_abbrev  0x000014f6      0x1d4 CMakeFiles/1+x_switch.elf.dir/Src/tim.c.obj
 .debug_abbrev  0x000016ca       0x12 CMakeFiles/1+x_switch.elf.dir/Startup/startup_stm32f103vetx.s.obj

.debug_aranges  0x00000000      0x948
 .debug_aranges
                0x00000000       0xe0 CMakeFiles/1+x_switch.elf.dir/Drivers/STM32F1xx_HAL_Driver/Src/stm32f1xx_hal.c.obj
 .debug_aranges
                0x000000e0      0x100 CMakeFiles/1+x_switch.elf.dir/Drivers/STM32F1xx_HAL_Driver/Src/stm32f1xx_hal_cortex.c.obj
 .debug_aranges
                0x000001e0       0x58 CMakeFiles/1+x_switch.elf.dir/Drivers/STM32F1xx_HAL_Driver/Src/stm32f1xx_hal_gpio.c.obj
 .debug_aranges
                0x00000238       0x90 CMakeFiles/1+x_switch.elf.dir/Drivers/STM32F1xx_HAL_Driver/Src/stm32f1xx_hal_rcc.c.obj
 .debug_aranges
                0x000002c8      0x3a8 CMakeFiles/1+x_switch.elf.dir/Drivers/STM32F1xx_HAL_Driver/Src/stm32f1xx_hal_tim.c.obj
 .debug_aranges
                0x00000670      0x150 CMakeFiles/1+x_switch.elf.dir/Drivers/STM32F1xx_HAL_Driver/Src/stm32f1xx_hal_tim_ex.c.obj
 .debug_aranges
                0x000007c0       0x20 CMakeFiles/1+x_switch.elf.dir/Src/gpio.c.obj
 .debug_aranges
                0x000007e0       0x40 CMakeFiles/1+x_switch.elf.dir/Src/main.c.obj
 .debug_aranges
                0x00000820       0x20 CMakeFiles/1+x_switch.elf.dir/Src/stm32f1xx_hal_msp.c.obj
 .debug_aranges
                0x00000840       0x80 CMakeFiles/1+x_switch.elf.dir/Src/stm32f1xx_it.c.obj
 .debug_aranges
                0x000008c0       0x28 CMakeFiles/1+x_switch.elf.dir/Src/system_stm32f1xx.c.obj
 .debug_aranges
                0x000008e8       0x38 CMakeFiles/1+x_switch.elf.dir/Src/tim.c.obj
 .debug_aranges
                0x00000920       0x28 CMakeFiles/1+x_switch.elf.dir/Startup/startup_stm32f103vetx.s.obj

.debug_ranges   0x00000000      0x880
 .debug_ranges  0x00000000       0xd0 CMakeFiles/1+x_switch.elf.dir/Drivers/STM32F1xx_HAL_Driver/Src/stm32f1xx_hal.c.obj
 .debug_ranges  0x000000d0       0xf0 CMakeFiles/1+x_switch.elf.dir/Drivers/STM32F1xx_HAL_Driver/Src/stm32f1xx_hal_cortex.c.obj
 .debug_ranges  0x000001c0       0x48 CMakeFiles/1+x_switch.elf.dir/Drivers/STM32F1xx_HAL_Driver/Src/stm32f1xx_hal_gpio.c.obj
 .debug_ranges  0x00000208       0x80 CMakeFiles/1+x_switch.elf.dir/Drivers/STM32F1xx_HAL_Driver/Src/stm32f1xx_hal_rcc.c.obj
 .debug_ranges  0x00000288      0x398 CMakeFiles/1+x_switch.elf.dir/Drivers/STM32F1xx_HAL_Driver/Src/stm32f1xx_hal_tim.c.obj
 .debug_ranges  0x00000620      0x140 CMakeFiles/1+x_switch.elf.dir/Drivers/STM32F1xx_HAL_Driver/Src/stm32f1xx_hal_tim_ex.c.obj
 .debug_ranges  0x00000760       0x10 CMakeFiles/1+x_switch.elf.dir/Src/gpio.c.obj
 .debug_ranges  0x00000770       0x30 CMakeFiles/1+x_switch.elf.dir/Src/main.c.obj
 .debug_ranges  0x000007a0       0x10 CMakeFiles/1+x_switch.elf.dir/Src/stm32f1xx_hal_msp.c.obj
 .debug_ranges  0x000007b0       0x70 CMakeFiles/1+x_switch.elf.dir/Src/stm32f1xx_it.c.obj
 .debug_ranges  0x00000820       0x18 CMakeFiles/1+x_switch.elf.dir/Src/system_stm32f1xx.c.obj
 .debug_ranges  0x00000838       0x28 CMakeFiles/1+x_switch.elf.dir/Src/tim.c.obj
 .debug_ranges  0x00000860       0x20 CMakeFiles/1+x_switch.elf.dir/Startup/startup_stm32f103vetx.s.obj

.debug_line     0x00000000     0x5d00
 .debug_line    0x00000000      0x4ac CMakeFiles/1+x_switch.elf.dir/Drivers/STM32F1xx_HAL_Driver/Src/stm32f1xx_hal.c.obj
 .debug_line    0x000004ac      0x692 CMakeFiles/1+x_switch.elf.dir/Drivers/STM32F1xx_HAL_Driver/Src/stm32f1xx_hal_cortex.c.obj
 .debug_line    0x00000b3e      0x58c CMakeFiles/1+x_switch.elf.dir/Drivers/STM32F1xx_HAL_Driver/Src/stm32f1xx_hal_gpio.c.obj
 .debug_line    0x000010ca      0x918 CMakeFiles/1+x_switch.elf.dir/Drivers/STM32F1xx_HAL_Driver/Src/stm32f1xx_hal_rcc.c.obj
 .debug_line    0x000019e2     0x24df CMakeFiles/1+x_switch.elf.dir/Drivers/STM32F1xx_HAL_Driver/Src/stm32f1xx_hal_tim.c.obj
 .debug_line    0x00003ec1      0xd02 CMakeFiles/1+x_switch.elf.dir/Drivers/STM32F1xx_HAL_Driver/Src/stm32f1xx_hal_tim_ex.c.obj
 .debug_line    0x00004bc3      0x211 CMakeFiles/1+x_switch.elf.dir/Src/gpio.c.obj
 .debug_line    0x00004dd4      0x3a7 CMakeFiles/1+x_switch.elf.dir/Src/main.c.obj
 .debug_line    0x0000517b      0x1e2 CMakeFiles/1+x_switch.elf.dir/Src/stm32f1xx_hal_msp.c.obj
 .debug_line    0x0000535d      0x330 CMakeFiles/1+x_switch.elf.dir/Src/stm32f1xx_it.c.obj
 .debug_line    0x0000568d      0x295 CMakeFiles/1+x_switch.elf.dir/Src/system_stm32f1xx.c.obj
 .debug_line    0x00005922      0x34b CMakeFiles/1+x_switch.elf.dir/Src/tim.c.obj
 .debug_line    0x00005c6d       0x93 CMakeFiles/1+x_switch.elf.dir/Startup/startup_stm32f103vetx.s.obj

.debug_str      0x00000000     0x2c68
 .debug_str     0x00000000      0x8d7 CMakeFiles/1+x_switch.elf.dir/Drivers/STM32F1xx_HAL_Driver/Src/stm32f1xx_hal.c.obj
                                0x93b (size before relaxing)
 .debug_str     0x000008d7      0x41e CMakeFiles/1+x_switch.elf.dir/Drivers/STM32F1xx_HAL_Driver/Src/stm32f1xx_hal_cortex.c.obj
                                0xaa2 (size before relaxing)
 .debug_str     0x00000cf5      0x1e3 CMakeFiles/1+x_switch.elf.dir/Drivers/STM32F1xx_HAL_Driver/Src/stm32f1xx_hal_gpio.c.obj
                                0x50f (size before relaxing)
 .debug_str     0x00000ed8      0x33e CMakeFiles/1+x_switch.elf.dir/Drivers/STM32F1xx_HAL_Driver/Src/stm32f1xx_hal_rcc.c.obj
                                0x6ca (size before relaxing)
 .debug_str     0x00001216     0x118a CMakeFiles/1+x_switch.elf.dir/Drivers/STM32F1xx_HAL_Driver/Src/stm32f1xx_hal_tim.c.obj
                               0x14ed (size before relaxing)
 .debug_str     0x000023a0      0x58d CMakeFiles/1+x_switch.elf.dir/Drivers/STM32F1xx_HAL_Driver/Src/stm32f1xx_hal_tim_ex.c.obj
                                0xced (size before relaxing)
 .debug_str     0x0000292d       0x3f CMakeFiles/1+x_switch.elf.dir/Src/gpio.c.obj
                                0x367 (size before relaxing)
 .debug_str     0x0000296c       0xb6 CMakeFiles/1+x_switch.elf.dir/Src/main.c.obj
                                0x85f (size before relaxing)
 .debug_str     0x00002a22       0x2f CMakeFiles/1+x_switch.elf.dir/Src/stm32f1xx_hal_msp.c.obj
                                0x329 (size before relaxing)
 .debug_str     0x00002a51      0x10c CMakeFiles/1+x_switch.elf.dir/Src/stm32f1xx_it.c.obj
                                0x73e (size before relaxing)
 .debug_str     0x00002b5d       0x61 CMakeFiles/1+x_switch.elf.dir/Src/system_stm32f1xx.c.obj
                                0x37e (size before relaxing)
 .debug_str     0x00002bbe       0x65 CMakeFiles/1+x_switch.elf.dir/Src/tim.c.obj
                                0xd0e (size before relaxing)
 .debug_str     0x00002c23       0x45 CMakeFiles/1+x_switch.elf.dir/Startup/startup_stm32f103vetx.s.obj
                                 0x6e (size before relaxing)

.comment        0x00000000       0x79
 .comment       0x00000000       0x79 CMakeFiles/1+x_switch.elf.dir/Drivers/STM32F1xx_HAL_Driver/Src/stm32f1xx_hal.c.obj
                                 0x7a (size before relaxing)
 .comment       0x00000079       0x7a CMakeFiles/1+x_switch.elf.dir/Drivers/STM32F1xx_HAL_Driver/Src/stm32f1xx_hal_cortex.c.obj
 .comment       0x00000079       0x7a CMakeFiles/1+x_switch.elf.dir/Drivers/STM32F1xx_HAL_Driver/Src/stm32f1xx_hal_gpio.c.obj
 .comment       0x00000079       0x7a CMakeFiles/1+x_switch.elf.dir/Drivers/STM32F1xx_HAL_Driver/Src/stm32f1xx_hal_rcc.c.obj
 .comment       0x00000079       0x7a CMakeFiles/1+x_switch.elf.dir/Drivers/STM32F1xx_HAL_Driver/Src/stm32f1xx_hal_tim.c.obj
 .comment       0x00000079       0x7a CMakeFiles/1+x_switch.elf.dir/Drivers/STM32F1xx_HAL_Driver/Src/stm32f1xx_hal_tim_ex.c.obj
 .comment       0x00000079       0x7a CMakeFiles/1+x_switch.elf.dir/Src/gpio.c.obj
 .comment       0x00000079       0x7a CMakeFiles/1+x_switch.elf.dir/Src/main.c.obj
 .comment       0x00000079       0x7a CMakeFiles/1+x_switch.elf.dir/Src/stm32f1xx_hal_msp.c.obj
 .comment       0x00000079       0x7a CMakeFiles/1+x_switch.elf.dir/Src/stm32f1xx_it.c.obj
 .comment       0x00000079       0x7a CMakeFiles/1+x_switch.elf.dir/Src/system_stm32f1xx.c.obj
 .comment       0x00000079       0x7a CMakeFiles/1+x_switch.elf.dir/Src/tim.c.obj

.debug_frame    0x00000000     0x26f4
 .debug_frame   0x00000000      0x334 CMakeFiles/1+x_switch.elf.dir/Drivers/STM32F1xx_HAL_Driver/Src/stm32f1xx_hal.c.obj
 .debug_frame   0x00000334      0x428 CMakeFiles/1+x_switch.elf.dir/Drivers/STM32F1xx_HAL_Driver/Src/stm32f1xx_hal_cortex.c.obj
 .debug_frame   0x0000075c      0x14c CMakeFiles/1+x_switch.elf.dir/Drivers/STM32F1xx_HAL_Driver/Src/stm32f1xx_hal_gpio.c.obj
 .debug_frame   0x000008a8      0x21c CMakeFiles/1+x_switch.elf.dir/Drivers/STM32F1xx_HAL_Driver/Src/stm32f1xx_hal_rcc.c.obj
 .debug_frame   0x00000ac4     0x10f0 CMakeFiles/1+x_switch.elf.dir/Drivers/STM32F1xx_HAL_Driver/Src/stm32f1xx_hal_tim.c.obj
 .debug_frame   0x00001bb4      0x5c0 CMakeFiles/1+x_switch.elf.dir/Drivers/STM32F1xx_HAL_Driver/Src/stm32f1xx_hal_tim_ex.c.obj
 .debug_frame   0x00002174       0x34 CMakeFiles/1+x_switch.elf.dir/Src/gpio.c.obj
 .debug_frame   0x000021a8       0xa8 CMakeFiles/1+x_switch.elf.dir/Src/main.c.obj
 .debug_frame   0x00002250       0x38 CMakeFiles/1+x_switch.elf.dir/Src/stm32f1xx_hal_msp.c.obj
 .debug_frame   0x00002288      0x17c CMakeFiles/1+x_switch.elf.dir/Src/stm32f1xx_it.c.obj
 .debug_frame   0x00002404       0x58 CMakeFiles/1+x_switch.elf.dir/Src/system_stm32f1xx.c.obj
 .debug_frame   0x0000245c       0xa0 CMakeFiles/1+x_switch.elf.dir/Src/tim.c.obj
 .debug_frame   0x000024fc       0x2c d:/scm/gnutoo~1/92019-~1/bin/../lib/gcc/arm-none-eabi/9.2.1/../../../../arm-none-eabi/lib/thumb/v7-m/nofp\libg.a(lib_a-init.o)
 .debug_frame   0x00002528       0x38 d:/scm/gnutoo~1/92019-~1/bin/../lib/gcc/arm-none-eabi/9.2.1/../../../../arm-none-eabi/lib/thumb/v7-m/nofp\libg.a(lib_a-memset.o)
 .debug_frame   0x00002560       0x5c d:/scm/gnutoo~1/92019-~1/bin/../lib/gcc/arm-none-eabi/9.2.1/../../../../arm-none-eabi/lib/thumb/v7-m/nofp\libg.a(lib_a-__call_atexit.o)
 .debug_frame   0x000025bc       0x20 d:/scm/gnutoo~1/92019-~1/bin/../lib/gcc/arm-none-eabi/9.2.1/../../../../arm-none-eabi/lib/thumb/v7-m/nofp\libg.a(lib_a-atexit.o)
 .debug_frame   0x000025dc       0x34 d:/scm/gnutoo~1/92019-~1/bin/../lib/gcc/arm-none-eabi/9.2.1/../../../../arm-none-eabi/lib/thumb/v7-m/nofp\libg.a(lib_a-fini.o)
 .debug_frame   0x00002610       0xb0 d:/scm/gnutoo~1/92019-~1/bin/../lib/gcc/arm-none-eabi/9.2.1/../../../../arm-none-eabi/lib/thumb/v7-m/nofp\libg.a(lib_a-lock.o)
 .debug_frame   0x000026c0       0x34 d:/scm/gnutoo~1/92019-~1/bin/../lib/gcc/arm-none-eabi/9.2.1/../../../../arm-none-eabi/lib/thumb/v7-m/nofp\libg.a(lib_a-__atexit.o)
