Archive member included to satisfy reference by file (symbol)

d:/scm/gnutoo~1/92019-~1/bin/../lib/gcc/arm-none-eabi/9.2.1/../../../../arm-none-eabi/lib/thumb/v7-m/nofp\libg.a(lib_a-errno.o)
                              CMakeFiles/project_06_USART_TIM2.elf.dir/Src/syscalls.c.obj (__errno)
d:/scm/gnutoo~1/92019-~1/bin/../lib/gcc/arm-none-eabi/9.2.1/../../../../arm-none-eabi/lib/thumb/v7-m/nofp\libg.a(lib_a-exit.o)
                              d:/scm/gnutoo~1/92019-~1/bin/../lib/gcc/arm-none-eabi/9.2.1/../../../../arm-none-eabi/lib/thumb/v7-m/nofp/crt0.o (exit)
d:/scm/gnutoo~1/92019-~1/bin/../lib/gcc/arm-none-eabi/9.2.1/../../../../arm-none-eabi/lib/thumb/v7-m/nofp\libg.a(lib_a-impure.o)
                              d:/scm/gnutoo~1/92019-~1/bin/../lib/gcc/arm-none-eabi/9.2.1/../../../../arm-none-eabi/lib/thumb/v7-m/nofp\libg.a(lib_a-exit.o) (_global_impure_ptr)
d:/scm/gnutoo~1/92019-~1/bin/../lib/gcc/arm-none-eabi/9.2.1/../../../../arm-none-eabi/lib/thumb/v7-m/nofp\libg.a(lib_a-init.o)
                              d:/scm/gnutoo~1/92019-~1/bin/../lib/gcc/arm-none-eabi/9.2.1/../../../../arm-none-eabi/lib/thumb/v7-m/nofp/crt0.o (__libc_init_array)
d:/scm/gnutoo~1/92019-~1/bin/../lib/gcc/arm-none-eabi/9.2.1/../../../../arm-none-eabi/lib/thumb/v7-m/nofp\libg.a(lib_a-memset.o)
                              d:/scm/gnutoo~1/92019-~1/bin/../lib/gcc/arm-none-eabi/9.2.1/../../../../arm-none-eabi/lib/thumb/v7-m/nofp/crt0.o (memset)
d:/scm/gnutoo~1/92019-~1/bin/../lib/gcc/arm-none-eabi/9.2.1/../../../../arm-none-eabi/lib/thumb/v7-m/nofp\libg.a(lib_a-sprintf.o)
                              CMakeFiles/project_06_USART_TIM2.elf.dir/Src/main.c.obj (sprintf)
d:/scm/gnutoo~1/92019-~1/bin/../lib/gcc/arm-none-eabi/9.2.1/../../../../arm-none-eabi/lib/thumb/v7-m/nofp\libg.a(lib_a-svfprintf.o)
                              d:/scm/gnutoo~1/92019-~1/bin/../lib/gcc/arm-none-eabi/9.2.1/../../../../arm-none-eabi/lib/thumb/v7-m/nofp\libg.a(lib_a-sprintf.o) (_svfprintf_r)
d:/scm/gnutoo~1/92019-~1/bin/../lib/gcc/arm-none-eabi/9.2.1/../../../../arm-none-eabi/lib/thumb/v7-m/nofp\libg.a(lib_a-__call_atexit.o)
                              d:/scm/gnutoo~1/92019-~1/bin/../lib/gcc/arm-none-eabi/9.2.1/../../../../arm-none-eabi/lib/thumb/v7-m/nofp\libg.a(lib_a-exit.o) (__call_exitprocs)
d:/scm/gnutoo~1/92019-~1/bin/../lib/gcc/arm-none-eabi/9.2.1/../../../../arm-none-eabi/lib/thumb/v7-m/nofp\libg.a(lib_a-atexit.o)
                              d:/scm/gnutoo~1/92019-~1/bin/../lib/gcc/arm-none-eabi/9.2.1/../../../../arm-none-eabi/lib/thumb/v7-m/nofp\libg.a(lib_a-__call_atexit.o) (atexit)
d:/scm/gnutoo~1/92019-~1/bin/../lib/gcc/arm-none-eabi/9.2.1/../../../../arm-none-eabi/lib/thumb/v7-m/nofp\libg.a(lib_a-dtoa.o)
                              d:/scm/gnutoo~1/92019-~1/bin/../lib/gcc/arm-none-eabi/9.2.1/../../../../arm-none-eabi/lib/thumb/v7-m/nofp\libg.a(lib_a-svfprintf.o) (_dtoa_r)
d:/scm/gnutoo~1/92019-~1/bin/../lib/gcc/arm-none-eabi/9.2.1/../../../../arm-none-eabi/lib/thumb/v7-m/nofp\libg.a(lib_a-fini.o)
                              d:/scm/gnutoo~1/92019-~1/bin/../lib/gcc/arm-none-eabi/9.2.1/../../../../arm-none-eabi/lib/thumb/v7-m/nofp\libg.a(lib_a-__call_atexit.o) (__libc_fini_array)
d:/scm/gnutoo~1/92019-~1/bin/../lib/gcc/arm-none-eabi/9.2.1/../../../../arm-none-eabi/lib/thumb/v7-m/nofp\libg.a(lib_a-freer.o)
                              d:/scm/gnutoo~1/92019-~1/bin/../lib/gcc/arm-none-eabi/9.2.1/../../../../arm-none-eabi/lib/thumb/v7-m/nofp\libg.a(lib_a-svfprintf.o) (_free_r)
d:/scm/gnutoo~1/92019-~1/bin/../lib/gcc/arm-none-eabi/9.2.1/../../../../arm-none-eabi/lib/thumb/v7-m/nofp\libg.a(lib_a-localeconv.o)
                              d:/scm/gnutoo~1/92019-~1/bin/../lib/gcc/arm-none-eabi/9.2.1/../../../../arm-none-eabi/lib/thumb/v7-m/nofp\libg.a(lib_a-svfprintf.o) (_localeconv_r)
d:/scm/gnutoo~1/92019-~1/bin/../lib/gcc/arm-none-eabi/9.2.1/../../../../arm-none-eabi/lib/thumb/v7-m/nofp\libg.a(lib_a-lock.o)
                              d:/scm/gnutoo~1/92019-~1/bin/../lib/gcc/arm-none-eabi/9.2.1/../../../../arm-none-eabi/lib/thumb/v7-m/nofp\libg.a(lib_a-__call_atexit.o) (__retarget_lock_acquire_recursive)
d:/scm/gnutoo~1/92019-~1/bin/../lib/gcc/arm-none-eabi/9.2.1/../../../../arm-none-eabi/lib/thumb/v7-m/nofp\libg.a(lib_a-mallocr.o)
                              d:/scm/gnutoo~1/92019-~1/bin/../lib/gcc/arm-none-eabi/9.2.1/../../../../arm-none-eabi/lib/thumb/v7-m/nofp\libg.a(lib_a-svfprintf.o) (_malloc_r)
d:/scm/gnutoo~1/92019-~1/bin/../lib/gcc/arm-none-eabi/9.2.1/../../../../arm-none-eabi/lib/thumb/v7-m/nofp\libg.a(lib_a-memchr-stub.o)
                              d:/scm/gnutoo~1/92019-~1/bin/../lib/gcc/arm-none-eabi/9.2.1/../../../../arm-none-eabi/lib/thumb/v7-m/nofp\libg.a(lib_a-svfprintf.o) (memchr)
d:/scm/gnutoo~1/92019-~1/bin/../lib/gcc/arm-none-eabi/9.2.1/../../../../arm-none-eabi/lib/thumb/v7-m/nofp\libg.a(lib_a-memcpy.o)
[...]
Memory Configuration

Name             Origin             Length             Attributes
RAM              0x20000000         0x00010000         xrw
FLASH            0x08000000         0x00080000         xr
*default*        0x00000000         0xffffffff

Linker script and memory map

LOAD d:/scm/gnutoo~1/92019-~1/bin/../lib/gcc/arm-none-eabi/9.2.1/thumb/v7-m/nofp/crti.o
LOAD d:/scm/gnutoo~1/92019-~1/bin/../lib/gcc/arm-none-eabi/9.2.1/thumb/v7-m/nofp/crtbegin.o
LOAD d:/scm/gnutoo~1/92019-~1/bin/../lib/gcc/arm-none-eabi/9.2.1/../../../../arm-none-eabi/lib/thumb/v7-m/nofp/crt0.o
LOAD CMakeFiles/project_06_USART_TIM2.elf.dir/Drivers/STM32F1xx_HAL_Driver/Src/stm32f1xx_hal.c.obj
LOAD CMakeFiles/project_06_USART_TIM2.elf.dir/Drivers/STM32F1xx_HAL_Driver/Src/stm32f1xx_hal_cortex.c.obj
LOAD CMakeFiles/project_06_USART_TIM2.elf.dir/Drivers/STM32F1xx_HAL_Driver/Src/stm32f1xx_hal_dma.c.obj
LOAD CMakeFiles/project_06_USART_TIM2.elf.dir/Drivers/STM32F1xx_HAL_Driver/Src/stm32f1xx_hal_exti.c.obj
LOAD CMakeFiles/project_06_USART_TIM2.elf.dir/Drivers/STM32F1xx_HAL_Driver/Src/stm32f1xx_hal_flash.c.obj
LOAD CMakeFiles/project_06_USART_TIM2.elf.dir/Drivers/STM32F1xx_HAL_Driver/Src/stm32f1xx_hal_flash_ex.c.obj
LOAD CMakeFiles/project_06_USART_TIM2.elf.dir/Drivers/STM32F1xx_HAL_Driver/Src/stm32f1xx_hal_gpio.c.obj
LOAD CMakeFiles/project_06_USART_TIM2.elf.dir/Drivers/STM32F1xx_HAL_Driver/Src/stm32f1xx_hal_gpio_ex.c.obj
LOAD CMakeFiles/project_06_USART_TIM2.elf.dir/Drivers/STM32F1xx_HAL_Driver/Src/stm32f1xx_hal_pwr.c.obj
LOAD CMakeFiles/project_06_USART_TIM2.elf.dir/Drivers/STM32F1xx_HAL_Driver/Src/stm32f1xx_hal_rcc.c.obj
LOAD CMakeFiles/project_06_USART_TIM2.elf.dir/Drivers/STM32F1xx_HAL_Driver/Src/stm32f1xx_hal_rcc_ex.c.obj
LOAD CMakeFiles/project_06_USART_TIM2.elf.dir/Drivers/STM32F1xx_HAL_Driver/Src/stm32f1xx_hal_tim.c.obj
LOAD CMakeFiles/project_06_USART_TIM2.elf.dir/Drivers/STM32F1xx_HAL_Driver/Src/stm32f1xx_hal_tim_ex.c.obj
LOAD CMakeFiles/project_06_USART_TIM2.elf.dir/Drivers/STM32F1xx_HAL_Driver/Src/stm32f1xx_hal_uart.c.obj
LOAD CMakeFiles/project_06_USART_TIM2.elf.dir/Src/gpio.c.obj
LOAD CMakeFiles/project_06_USART_TIM2.elf.dir/Src/main.c.obj
LOAD CMakeFiles/project_06_USART_TIM2.elf.dir/Src/stm32f1xx_hal_msp.c.obj
LOAD CMakeFiles/project_06_USART_TIM2.elf.dir/Src/stm32f1xx_it.c.obj
LOAD CMakeFiles/project_06_USART_TIM2.elf.dir/Src/syscalls.c.obj
LOAD CMakeFiles/project_06_USART_TIM2.elf.dir/Src/sysmem.c.obj
LOAD CMakeFiles/project_06_USART_TIM2.elf.dir/Src/system_stm32f1xx.c.obj
LOAD CMakeFiles/project_06_USART_TIM2.elf.dir/Src/tim.c.obj
LOAD CMakeFiles/project_06_USART_TIM2.elf.dir/Src/usart.c.obj
LOAD CMakeFiles/project_06_USART_TIM2.elf.dir/Startup/startup_stm32f103vetx.s.obj
START GROUP
LOAD d:/scm/gnutoo~1/92019-~1/bin/../lib/gcc/arm-none-eabi/9.2.1/thumb/v7-m/nofp\libgcc.a
LOAD d:/scm/gnutoo~1/92019-~1/bin/../lib/gcc/arm-none-eabi/9.2.1/../../../../arm-none-eabi/lib/thumb/v7-m/nofp\libg.a
LOAD d:/scm/gnutoo~1/92019-~1/bin/../lib/gcc/arm-none-eabi/9.2.1/../../../../arm-none-eabi/lib/thumb/v7-m/nofp\libc.a
END GROUP
LOAD d:/scm/gnutoo~1/92019-~1/bin/../lib/gcc/arm-none-eabi/9.2.1/thumb/v7-m/nofp/crtend.o
LOAD d:/scm/gnutoo~1/92019-~1/bin/../lib/gcc/arm-none-eabi/9.2.1/thumb/v7-m/nofp/crtn.o
                0x20010000                _estack = 0x20010000
                0x00000200                _Min_Heap_Size = 0x200
                0x00000400                _Min_Stack_Size = 0x400

.isr_vector     0x08000000      0x1e4
                0x08000000                . = ALIGN (0x4)
 *(.isr_vector)
 .isr_vector    0x08000000      0x1e4 CMakeFiles/project_06_USART_TIM2.elf.dir/Startup/startup_stm32f103vetx.s.obj
                0x08000000                g_pfnVectors
                0x080001e4                . = ALIGN (0x4)

.text           0x080001e8     0x79b0
                0x080001e8                . = ALIGN (0x4)
 *(.text)
 .text          0x080001e8       0x40 d:/scm/gnutoo~1/92019-~1/bin/../lib/gcc/arm-none-eabi/9.2.1/thumb/v7-m/nofp/crtbegin.o
 .text          0x08000228       0xec d:/scm/gnutoo~1/92019-~1/bin/../lib/gcc/arm-none-eabi/9.2.1/../../../../arm-none-eabi/lib/thumb/v7-m/nofp\libg.a(lib_a-memcpy.o)
                0x08000228                memcpy
 .text          0x08000314      0x378 d:/scm/gnutoo~1/92019-~1/bin/../lib/gcc/arm-none-eabi/9.2.1/thumb/v7-m/nofp\libgcc.a(_arm_addsubdf3.o)
                0x08000314                __aeabi_drsub
                0x0800031c                __aeabi_dsub
                0x0800031c                __subdf3
                0x08000320                __aeabi_dadd
                0x08000320                __adddf3
                0x08000598                __floatunsidf
                0x08000598                __aeabi_ui2d
                0x080005b8                __floatsidf
                0x080005b8                __aeabi_i2d
                0x080005dc                __aeabi_f2d
                0x080005dc                __extendsfdf2
                0x08000620                __floatundidf
                0x08000620                __aeabi_ul2d
                0x08000630                __floatdidf
                0x08000630                __aeabi_l2d
 .text          0x0800068c      0x424 d:/scm/gnutoo~1/92019-~1/bin/../lib/gcc/arm-none-eabi/9.2.1/thumb/v7-m/nofp\libgcc.a(_arm_muldivdf3.o)
                0x0800068c                __aeabi_dmul
                0x0800068c                __muldf3
                0x080008e0                __divdf3
                0x080008e0                __aeabi_ddiv
 .text          0x08000ab0      0x110 d:/scm/gnutoo~1/92019-~1/bin/../lib/gcc/arm-none-eabi/9.2.1/thumb/v7-m/nofp\libgcc.a(_arm_cmpdf2.o)
                0x08000ab0                __gtdf2
                0x08000ab0                __gedf2
                0x08000ab8                __ltdf2
                0x08000ab8                __ledf2
                0x08000ac0                __nedf2
                0x08000ac0                __eqdf2
                0x08000ac0                __cmpdf2
                0x08000b3c                __aeabi_cdrcmple
                0x08000b4c                __aeabi_cdcmpeq
                0x08000b4c                __aeabi_cdcmple
                0x08000b5c                __aeabi_dcmpeq
                0x08000b70                __aeabi_dcmplt
                0x08000b84                __aeabi_dcmple
                0x08000b98                __aeabi_dcmpge
                0x08000bac                __aeabi_dcmpgt
 .text          0x08000bc0       0x2c d:/scm/gnutoo~1/92019-~1/bin/../lib/gcc/arm-none-eabi/9.2.1/thumb/v7-m/nofp\libgcc.a(_arm_unorddf2.o)
                0x08000bc0                __unorddf2
                0x08000bc0                __aeabi_dcmpun
 .text          0x08000bec       0x50 d:/scm/gnutoo~1/92019-~1/bin/../lib/gcc/arm-none-eabi/9.2.1/thumb/v7-m/nofp\libgcc.a(_arm_fixdfsi.o)
                0x08000bec                __aeabi_d2iz
                0x08000bec                __fixdfsi
 .text          0x08000c3c       0x30 d:/scm/gnutoo~1/92019-~1/bin/../lib/gcc/arm-none-eabi/9.2.1/thumb/v7-m/nofp\libgcc.a(_aeabi_uldivmod.o)
                0x08000c3c                __aeabi_uldivmod
 .text          0x08000c6c      0x2c4 d:/scm/gnutoo~1/92019-~1/bin/../lib/gcc/arm-none-eabi/9.2.1/thumb/v7-m/nofp\libgcc.a(_udivmoddi4.o)
                0x08000c6c                __udivmoddi4
 .text          0x08000f30        0x4 d:/scm/gnutoo~1/92019-~1/bin/../lib/gcc/arm-none-eabi/9.2.1/thumb/v7-m/nofp\libgcc.a(_dvmd_tls.o)
                0x08000f30                __aeabi_idiv0
                0x08000f30                __aeabi_ldiv0
 *(.text*)
 .text.HAL_Init
                0x08000f34       0x2c CMakeFiles/project_06_USART_TIM2.elf.dir/Drivers/STM32F1xx_HAL_Driver/Src/stm32f1xx_hal.c.obj
                0x08000f34                HAL_Init
 .text.HAL_InitTick
                0x08000f60       0x60 CMakeFiles/project_06_USART_TIM2.elf.dir/Drivers/STM32F1xx_HAL_Driver/Src/stm32f1xx_hal.c.obj
                0x08000f60                HAL_InitTick
 .text.HAL_IncTick
                0x08000fc0       0x24 CMakeFiles/project_06_USART_TIM2.elf.dir/Drivers/STM32F1xx_HAL_Driver/Src/stm32f1xx_hal.c.obj
                0x08000fc0                HAL_IncTick
 .text.HAL_GetTick
                0x08000fe4       0x14 CMakeFiles/project_06_USART_TIM2.elf.dir/Drivers/STM32F1xx_HAL_Driver/Src/stm32f1xx_hal.c.obj
                0x08000fe4                HAL_GetTick
 .text.HAL_Delay
                0x08000ff8       0x48 CMakeFiles/project_06_USART_TIM2.elf.dir/Drivers/STM32F1xx_HAL_Driver/Src/stm32f1xx_hal.c.obj
                0x08000ff8                HAL_Delay
 .text.__NVIC_SetPriorityGrouping
                0x08001040       0x48 CMakeFiles/project_06_USART_TIM2.elf.dir/Drivers/STM32F1xx_HAL_Driver/Src/stm32f1xx_hal_cortex.c.obj
 .text.__NVIC_GetPriorityGrouping
                0x08001088       0x1c CMakeFiles/project_06_USART_TIM2.elf.dir/Drivers/STM32F1xx_HAL_Driver/Src/stm32f1xx_hal_cortex.c.obj
 .text.__NVIC_EnableIRQ
                0x080010a4       0x38 CMakeFiles/project_06_USART_TIM2.elf.dir/Drivers/STM32F1xx_HAL_Driver/Src/stm32f1xx_hal_cortex.c.obj
 .text.__NVIC_SetPriority
                0x080010dc       0x54 CMakeFiles/project_06_USART_TIM2.elf.dir/Drivers/STM32F1xx_HAL_Driver/Src/stm32f1xx_hal_cortex.c.obj
 .text.NVIC_EncodePriority
                0x08001130       0x64 CMakeFiles/project_06_USART_TIM2.elf.dir/Drivers/STM32F1xx_HAL_Driver/Src/stm32f1xx_hal_cortex.c.obj
 .text.SysTick_Config
                0x08001194       0x44 CMakeFiles/project_06_USART_TIM2.elf.dir/Drivers/STM32F1xx_HAL_Driver/Src/stm32f1xx_hal_cortex.c.obj
 .text.HAL_NVIC_SetPriorityGrouping
                0x080011d8       0x16 CMakeFiles/project_06_USART_TIM2.elf.dir/Drivers/STM32F1xx_HAL_Driver/Src/stm32f1xx_hal_cortex.c.obj
                0x080011d8                HAL_NVIC_SetPriorityGrouping
 .text.HAL_NVIC_SetPriority
                0x080011ee       0x38 CMakeFiles/project_06_USART_TIM2.elf.dir/Drivers/STM32F1xx_HAL_Driver/Src/stm32f1xx_hal_cortex.c.obj
                0x080011ee                HAL_NVIC_SetPriority
 .text.HAL_NVIC_EnableIRQ
                0x08001226       0x1c CMakeFiles/project_06_USART_TIM2.elf.dir/Drivers/STM32F1xx_HAL_Driver/Src/stm32f1xx_hal_cortex.c.obj
                0x08001226                HAL_NVIC_EnableIRQ
 .text.HAL_SYSTICK_Config
                0x08001242       0x18 CMakeFiles/project_06_USART_TIM2.elf.dir/Drivers/STM32F1xx_HAL_Driver/Src/stm32f1xx_hal_cortex.c.obj
                0x08001242                HAL_SYSTICK_Config
 *fill*         0x0800125a        0x2 
 .text.HAL_DMA_Abort_IT
                0x0800125c      0x210 CMakeFiles/project_06_USART_TIM2.elf.dir/Drivers/STM32F1xx_HAL_Driver/Src/stm32f1xx_hal_dma.c.obj
                0x0800125c                HAL_DMA_Abort_IT
 .text.HAL_GPIO_Init
                0x0800146c      0x328 CMakeFiles/project_06_USART_TIM2.elf.dir/Drivers/STM32F1xx_HAL_Driver/Src/stm32f1xx_hal_gpio.c.obj
                0x0800146c                HAL_GPIO_Init
 .text.HAL_GPIO_WritePin
                0x08001794       0x30 CMakeFiles/project_06_USART_TIM2.elf.dir/Drivers/STM32F1xx_HAL_Driver/Src/stm32f1xx_hal_gpio.c.obj
                0x08001794                HAL_GPIO_WritePin
 .text.HAL_GPIO_TogglePin
                0x080017c4       0x30 CMakeFiles/project_06_USART_TIM2.elf.dir/Drivers/STM32F1xx_HAL_Driver/Src/stm32f1xx_hal_gpio.c.obj
                0x080017c4                HAL_GPIO_TogglePin
 .text.HAL_RCC_OscConfig
                0x080017f4      0x500 CMakeFiles/project_06_USART_TIM2.elf.dir/Drivers/STM32F1xx_HAL_Driver/Src/stm32f1xx_hal_rcc.c.obj
                0x080017f4                HAL_RCC_OscConfig
 .text.HAL_RCC_ClockConfig
                0x08001cf4      0x1d4 CMakeFiles/project_06_USART_TIM2.elf.dir/Drivers/STM32F1xx_HAL_Driver/Src/stm32f1xx_hal_rcc.c.obj
                0x08001cf4                HAL_RCC_ClockConfig
 .text.HAL_RCC_GetSysClockFreq
                0x08001ec8       0xc0 CMakeFiles/project_06_USART_TIM2.elf.dir/Drivers/STM32F1xx_HAL_Driver/Src/stm32f1xx_hal_rcc.c.obj
                0x08001ec8                HAL_RCC_GetSysClockFreq
 .text.HAL_RCC_GetHCLKFreq
                0x08001f88       0x14 CMakeFiles/project_06_USART_TIM2.elf.dir/Drivers/STM32F1xx_HAL_Driver/Src/stm32f1xx_hal_rcc.c.obj
                0x08001f88                HAL_RCC_GetHCLKFreq
 .text.HAL_RCC_GetPCLK1Freq
                0x08001f9c       0x28 CMakeFiles/project_06_USART_TIM2.elf.dir/Drivers/STM32F1xx_HAL_Driver/Src/stm32f1xx_hal_rcc.c.obj
                0x08001f9c                HAL_RCC_GetPCLK1Freq
 .text.HAL_RCC_GetPCLK2Freq
                0x08001fc4       0x28 CMakeFiles/project_06_USART_TIM2.elf.dir/Drivers/STM32F1xx_HAL_Driver/Src/stm32f1xx_hal_rcc.c.obj
                0x08001fc4                HAL_RCC_GetPCLK2Freq
 .text.RCC_Delay
                0x08001fec       0x3c CMakeFiles/project_06_USART_TIM2.elf.dir/Drivers/STM32F1xx_HAL_Driver/Src/stm32f1xx_hal_rcc.c.obj
 .text.HAL_TIM_Base_Init
                0x08002028       0x56 CMakeFiles/project_06_USART_TIM2.elf.dir/Drivers/STM32F1xx_HAL_Driver/Src/stm32f1xx_hal_tim.c.obj
                0x08002028                HAL_TIM_Base_Init
 .text.HAL_TIM_Base_Start_IT
                0x0800207e       0x46 CMakeFiles/project_06_USART_TIM2.elf.dir/Drivers/STM32F1xx_HAL_Driver/Src/stm32f1xx_hal_tim.c.obj
                0x0800207e                HAL_TIM_Base_Start_IT
 .text.HAL_TIM_IRQHandler
                0x080020c4      0x210 CMakeFiles/project_06_USART_TIM2.elf.dir/Drivers/STM32F1xx_HAL_Driver/Src/stm32f1xx_hal_tim.c.obj
                0x080020c4                HAL_TIM_IRQHandler
 .text.HAL_TIM_ConfigClockSource
                0x080022d4      0x188 CMakeFiles/project_06_USART_TIM2.elf.dir/Drivers/STM32F1xx_HAL_Driver/Src/stm32f1xx_hal_tim.c.obj
                0x080022d4                HAL_TIM_ConfigClockSource
 .text.HAL_TIM_OC_DelayElapsedCallback
                0x0800245c       0x12 CMakeFiles/project_06_USART_TIM2.elf.dir/Drivers/STM32F1xx_HAL_Driver/Src/stm32f1xx_hal_tim.c.obj
                0x0800245c                HAL_TIM_OC_DelayElapsedCallback
 .text.HAL_TIM_IC_CaptureCallback
                0x0800246e       0x12 CMakeFiles/project_06_USART_TIM2.elf.dir/Drivers/STM32F1xx_HAL_Driver/Src/stm32f1xx_hal_tim.c.obj
                0x0800246e                HAL_TIM_IC_CaptureCallback
 .text.HAL_TIM_PWM_PulseFinishedCallback
                0x08002480       0x12 CMakeFiles/project_06_USART_TIM2.elf.dir/Drivers/STM32F1xx_HAL_Driver/Src/stm32f1xx_hal_tim.c.obj
                0x08002480                HAL_TIM_PWM_PulseFinishedCallback
 .text.HAL_TIM_TriggerCallback
                0x08002492       0x12 CMakeFiles/project_06_USART_TIM2.elf.dir/Drivers/STM32F1xx_HAL_Driver/Src/stm32f1xx_hal_tim.c.obj
                0x08002492                HAL_TIM_TriggerCallback
 .text.TIM_Base_SetConfig
                0x080024a4       0xf4 CMakeFiles/project_06_USART_TIM2.elf.dir/Drivers/STM32F1xx_HAL_Driver/Src/stm32f1xx_hal_tim.c.obj
                0x080024a4                TIM_Base_SetConfig
 .text.TIM_TI1_ConfigInputStage
                0x08002598       0x5c CMakeFiles/project_06_USART_TIM2.elf.dir/Drivers/STM32F1xx_HAL_Driver/Src/stm32f1xx_hal_tim.c.obj
 .text.TIM_TI2_ConfigInputStage
                0x080025f4       0x5e CMakeFiles/project_06_USART_TIM2.elf.dir/Drivers/STM32F1xx_HAL_Driver/Src/stm32f1xx_hal_tim.c.obj
 .text.TIM_ITRx_SetConfig
                0x08002652       0x34 CMakeFiles/project_06_USART_TIM2.elf.dir/Drivers/STM32F1xx_HAL_Driver/Src/stm32f1xx_hal_tim.c.obj
 .text.TIM_ETR_SetConfig
                0x08002686       0x3e CMakeFiles/project_06_USART_TIM2.elf.dir/Drivers/STM32F1xx_HAL_Driver/Src/stm32f1xx_hal_tim.c.obj
                0x08002686                TIM_ETR_SetConfig
 .text.HAL_TIMEx_MasterConfigSynchronization
                0x080026c4       0x88 CMakeFiles/project_06_USART_TIM2.elf.dir/Drivers/STM32F1xx_HAL_Driver/Src/stm32f1xx_hal_tim_ex.c.obj
                0x080026c4                HAL_TIMEx_MasterConfigSynchronization
 .text.HAL_TIMEx_CommutCallback
                0x0800274c       0x12 CMakeFiles/project_06_USART_TIM2.elf.dir/Drivers/STM32F1xx_HAL_Driver/Src/stm32f1xx_hal_tim_ex.c.obj
                0x0800274c                HAL_TIMEx_CommutCallback
 .text.HAL_TIMEx_BreakCallback
                0x0800275e       0x12 CMakeFiles/project_06_USART_TIM2.elf.dir/Drivers/STM32F1xx_HAL_Driver/Src/stm32f1xx_hal_tim_ex.c.obj
                0x0800275e                HAL_TIMEx_BreakCallback
 .text.HAL_UART_Init
                0x08002770       0x9a CMakeFiles/project_06_USART_TIM2.elf.dir/Drivers/STM32F1xx_HAL_Driver/Src/stm32f1xx_hal_uart.c.obj
                0x08002770                HAL_UART_Init
 .text.HAL_UART_Transmit
                0x0800280a      0x132 CMakeFiles/project_06_USART_TIM2.elf.dir/Drivers/STM32F1xx_HAL_Driver/Src/stm32f1xx_hal_uart.c.obj
                0x0800280a                HAL_UART_Transmit
 .text.HAL_UART_Receive_IT
                0x0800293c       0xa8 CMakeFiles/project_06_USART_TIM2.elf.dir/Drivers/STM32F1xx_HAL_Driver/Src/stm32f1xx_hal_uart.c.obj
                0x0800293c                HAL_UART_Receive_IT
 .text.HAL_UART_IRQHandler
                0x080029e4      0x1f4 CMakeFiles/project_06_USART_TIM2.elf.dir/Drivers/STM32F1xx_HAL_Driver/Src/stm32f1xx_hal_uart.c.obj
                0x080029e4                HAL_UART_IRQHandler
 .text.HAL_UART_TxCpltCallback
                0x08002bd8       0x12 CMakeFiles/project_06_USART_TIM2.elf.dir/Drivers/STM32F1xx_HAL_Driver/Src/stm32f1xx_hal_uart.c.obj
                0x08002bd8                HAL_UART_TxCpltCallback
 .text.HAL_UART_ErrorCallback
                0x08002bea       0x12 CMakeFiles/project_06_USART_TIM2.elf.dir/Drivers/STM32F1xx_HAL_Driver/Src/stm32f1xx_hal_uart.c.obj
                0x08002bea                HAL_UART_ErrorCallback
 .text.UART_WaitOnFlagUntilTimeout
                0x08002bfc       0x94 CMakeFiles/project_06_USART_TIM2.elf.dir/Drivers/STM32F1xx_HAL_Driver/Src/stm32f1xx_hal_uart.c.obj
 .text.UART_EndRxTransfer
                0x08002c90       0x3a CMakeFiles/project_06_USART_TIM2.elf.dir/Drivers/STM32F1xx_HAL_Driver/Src/stm32f1xx_hal_uart.c.obj
 .text.UART_DMAAbortOnError
                0x08002cca       0x28 CMakeFiles/project_06_USART_TIM2.elf.dir/Drivers/STM32F1xx_HAL_Driver/Src/stm32f1xx_hal_uart.c.obj
 .text.UART_Transmit_IT
                0x08002cf2       0xaa CMakeFiles/project_06_USART_TIM2.elf.dir/Drivers/STM32F1xx_HAL_Driver/Src/stm32f1xx_hal_uart.c.obj
 .text.UART_EndTransmit_IT
                0x08002d9c       0x30 CMakeFiles/project_06_USART_TIM2.elf.dir/Drivers/STM32F1xx_HAL_Driver/Src/stm32f1xx_hal_uart.c.obj
 .text.UART_Receive_IT
                0x08002dcc      0x102 CMakeFiles/project_06_USART_TIM2.elf.dir/Drivers/STM32F1xx_HAL_Driver/Src/stm32f1xx_hal_uart.c.obj
 *fill*         0x08002ece        0x2 
 .text.UART_SetConfig
                0x08002ed0      0x1b4 CMakeFiles/project_06_USART_TIM2.elf.dir/Drivers/STM32F1xx_HAL_Driver/Src/stm32f1xx_hal_uart.c.obj
 .text.MX_GPIO_Init
                0x08003084       0xb0 CMakeFiles/project_06_USART_TIM2.elf.dir/Src/gpio.c.obj
                0x08003084                MX_GPIO_Init
 .text.checkLed
                0x08003134       0x54 CMakeFiles/project_06_USART_TIM2.elf.dir/Src/main.c.obj
                0x08003134                checkLed
 .text.HAL_TIM_PeriodElapsedCallback
                0x08003188       0x90 CMakeFiles/project_06_USART_TIM2.elf.dir/Src/main.c.obj
                0x08003188                HAL_TIM_PeriodElapsedCallback
 .text.HAL_UART_RxCpltCallback
                0x08003218       0xec CMakeFiles/project_06_USART_TIM2.elf.dir/Src/main.c.obj
                0x08003218                HAL_UART_RxCpltCallback
 .text.main     0x08003304       0x4c CMakeFiles/project_06_USART_TIM2.elf.dir/Src/main.c.obj
                0x08003304                main
 .text.SystemClock_Config
                0x08003350       0x8a CMakeFiles/project_06_USART_TIM2.elf.dir/Src/main.c.obj
                0x08003350                SystemClock_Config
 .text.Error_Handler
                0x080033da        0xc CMakeFiles/project_06_USART_TIM2.elf.dir/Src/main.c.obj
                0x080033da                Error_Handler
 *fill*         0x080033e6        0x2 
 .text.HAL_MspInit
                0x080033e8       0x64 CMakeFiles/project_06_USART_TIM2.elf.dir/Src/stm32f1xx_hal_msp.c.obj
                0x080033e8                HAL_MspInit
 .text.NMI_Handler
                0x0800344c        0xc CMakeFiles/project_06_USART_TIM2.elf.dir/Src/stm32f1xx_it.c.obj
                0x0800344c                NMI_Handler
 .text.HardFault_Handler
                0x08003458        0x6 CMakeFiles/project_06_USART_TIM2.elf.dir/Src/stm32f1xx_it.c.obj
                0x08003458                HardFault_Handler
 .text.MemManage_Handler
                0x0800345e        0x6 CMakeFiles/project_06_USART_TIM2.elf.dir/Src/stm32f1xx_it.c.obj
                0x0800345e                MemManage_Handler
 .text.BusFault_Handler
                0x08003464        0x6 CMakeFiles/project_06_USART_TIM2.elf.dir/Src/stm32f1xx_it.c.obj
                0x08003464                BusFault_Handler
 .text.UsageFault_Handler
                0x0800346a        0x6 CMakeFiles/project_06_USART_TIM2.elf.dir/Src/stm32f1xx_it.c.obj
                0x0800346a                UsageFault_Handler
 .text.SVC_Handler
                0x08003470        0xc CMakeFiles/project_06_USART_TIM2.elf.dir/Src/stm32f1xx_it.c.obj
                0x08003470                SVC_Handler
 .text.DebugMon_Handler
                0x0800347c        0xc CMakeFiles/project_06_USART_TIM2.elf.dir/Src/stm32f1xx_it.c.obj
                0x0800347c                DebugMon_Handler
 .text.PendSV_Handler
                0x08003488        0xc CMakeFiles/project_06_USART_TIM2.elf.dir/Src/stm32f1xx_it.c.obj
                0x08003488                PendSV_Handler
 .text.SysTick_Handler
                0x08003494        0xc CMakeFiles/project_06_USART_TIM2.elf.dir/Src/stm32f1xx_it.c.obj
                0x08003494                SysTick_Handler
 .text.TIM2_IRQHandler
                0x080034a0       0x14 CMakeFiles/project_06_USART_TIM2.elf.dir/Src/stm32f1xx_it.c.obj
                0x080034a0                TIM2_IRQHandler
 .text.USART1_IRQHandler
                0x080034b4       0x14 CMakeFiles/project_06_USART_TIM2.elf.dir/Src/stm32f1xx_it.c.obj
                0x080034b4                USART1_IRQHandler
 .text._sbrk    0x080034c8       0x58 CMakeFiles/project_06_USART_TIM2.elf.dir/Src/sysmem.c.obj
                0x080034c8                _sbrk
 .text.SystemInit
                0x08003520       0x68 CMakeFiles/project_06_USART_TIM2.elf.dir/Src/system_stm32f1xx.c.obj
                0x08003520                SystemInit
 .text.MX_TIM2_Init
                0x08003588       0x9c CMakeFiles/project_06_USART_TIM2.elf.dir/Src/tim.c.obj
                0x08003588                MX_TIM2_Init
 .text.HAL_TIM_Base_MspInit
                0x08003624       0x48 CMakeFiles/project_06_USART_TIM2.elf.dir/Src/tim.c.obj
                0x08003624                HAL_TIM_Base_MspInit
 .text.MX_USART1_UART_Init
                0x0800366c       0x54 CMakeFiles/project_06_USART_TIM2.elf.dir/Src/usart.c.obj
                0x0800366c                MX_USART1_UART_Init
 .text.HAL_UART_MspInit
                0x080036c0       0xa8 CMakeFiles/project_06_USART_TIM2.elf.dir/Src/usart.c.obj
                0x080036c0                HAL_UART_MspInit
 .text.Reset_Handler
                0x08003768       0x48 CMakeFiles/project_06_USART_TIM2.elf.dir/Startup/startup_stm32f103vetx.s.obj
                0x08003768                Reset_Handler
 .text.Default_Handler
                0x080037b0        0x2 CMakeFiles/project_06_USART_TIM2.elf.dir/Startup/startup_stm32f103vetx.s.obj
                0x080037b0                RTC_Alarm_IRQHandler
                0x080037b0                EXTI2_IRQHandler
                0x080037b0                TIM8_TRG_COM_IRQHandler
                0x080037b0                TIM8_CC_IRQHandler
                0x080037b0                TIM1_CC_IRQHandler
                0x080037b0                TIM6_IRQHandler
                0x080037b0                PVD_IRQHandler
                0x080037b0                SDIO_IRQHandler
                0x080037b0                EXTI3_IRQHandler
                0x080037b0                EXTI0_IRQHandler
                0x080037b0                I2C2_EV_IRQHandler
                0x080037b0                ADC1_2_IRQHandler
                0x080037b0                SPI1_IRQHandler
                0x080037b0                TAMPER_IRQHandler
                0x080037b0                TIM8_UP_IRQHandler
                0x080037b0                DMA2_Channel2_IRQHandler
                0x080037b0                DMA1_Channel4_IRQHandler
                0x080037b0                USART3_IRQHandler
                0x080037b0                RTC_IRQHandler
                0x080037b0                DMA1_Channel7_IRQHandler
                0x080037b0                CAN1_RX1_IRQHandler
                0x080037b0                UART5_IRQHandler
                0x080037b0                ADC3_IRQHandler
                0x080037b0                TIM4_IRQHandler
                0x080037b0                DMA2_Channel1_IRQHandler
                0x080037b0                I2C1_EV_IRQHandler
                0x080037b0                DMA1_Channel6_IRQHandler
                0x080037b0                UART4_IRQHandler
                0x080037b0                TIM3_IRQHandler
                0x080037b0                RCC_IRQHandler
                0x080037b0                TIM1_TRG_COM_IRQHandler
                0x080037b0                DMA1_Channel1_IRQHandler
                0x080037b0                Default_Handler
                0x080037b0                EXTI15_10_IRQHandler
                0x080037b0                TIM7_IRQHandler
                0x080037b0                TIM5_IRQHandler
                0x080037b0                EXTI9_5_IRQHandler
                0x080037b0                SPI2_IRQHandler
                0x080037b0                DMA1_Channel5_IRQHandler
                0x080037b0                EXTI4_IRQHandler
                0x080037b0                USB_LP_CAN1_RX0_IRQHandler
                0x080037b0                USB_HP_CAN1_TX_IRQHandler
                0x080037b0                DMA1_Channel3_IRQHandler
                0x080037b0                FSMC_IRQHandler
                0x080037b0                TIM1_UP_IRQHandler
                0x080037b0                WWDG_IRQHandler
                0x080037b0                TIM1_BRK_IRQHandler
                0x080037b0                EXTI1_IRQHandler
                0x080037b0                DMA2_Channel4_5_IRQHandler
                0x080037b0                USART2_IRQHandler
                0x080037b0                I2C2_ER_IRQHandler
                0x080037b0                DMA1_Channel2_IRQHandler
                0x080037b0                TIM8_BRK_IRQHandler
                0x080037b0                CAN1_SCE_IRQHandler
                0x080037b0                FLASH_IRQHandler
                0x080037b0                SPI3_IRQHandler
                0x080037b0                I2C1_ER_IRQHandler
                0x080037b0                USBWakeUp_IRQHandler
                0x080037b0                DMA2_Channel3_IRQHandler
 *fill*         0x080037b2        0x2 
 .text.__errno  0x080037b4        0xc d:/scm/gnutoo~1/92019-~1/bin/../lib/gcc/arm-none-eabi/9.2.1/../../../../arm-none-eabi/lib/thumb/v7-m/nofp\libg.a(lib_a-errno.o)
                0x080037b4                __errno
 .text.__libc_init_array
                0x080037c0       0x48 d:/scm/gnutoo~1/92019-~1/bin/../lib/gcc/arm-none-eabi/9.2.1/../../../../arm-none-eabi/lib/thumb/v7-m/nofp\libg.a(lib_a-init.o)
                0x080037c0                __libc_init_array
 .text.memset   0x08003808       0xa0 d:/scm/gnutoo~1/92019-~1/bin/../lib/gcc/arm-none-eabi/9.2.1/../../../../arm-none-eabi/lib/thumb/v7-m/nofp\libg.a(lib_a-memset.o)
                0x08003808                memset
 .text.sprintf  0x080038a8       0x44 d:/scm/gnutoo~1/92019-~1/bin/../lib/gcc/arm-none-eabi/9.2.1/../../../../arm-none-eabi/lib/thumb/v7-m/nofp\libg.a(lib_a-sprintf.o)
                0x080038a8                sprintf
 .text._svfprintf_r
                0x080038ec     0x1b50 d:/scm/gnutoo~1/92019-~1/bin/../lib/gcc/arm-none-eabi/9.2.1/../../../../arm-none-eabi/lib/thumb/v7-m/nofp\libg.a(lib_a-svfprintf.o)
                0x080038ec                _svfprintf_r
 .text.startup.register_fini
                0x0800543c       0x14 d:/scm/gnutoo~1/92019-~1/bin/../lib/gcc/arm-none-eabi/9.2.1/../../../../arm-none-eabi/lib/thumb/v7-m/nofp\libg.a(lib_a-__call_atexit.o)
 .text.atexit   0x08005450        0xc d:/scm/gnutoo~1/92019-~1/bin/../lib/gcc/arm-none-eabi/9.2.1/../../../../arm-none-eabi/lib/thumb/v7-m/nofp\libg.a(lib_a-atexit.o)
                0x08005450                atexit
 .text.quorem   0x0800545c      0x120 d:/scm/gnutoo~1/92019-~1/bin/../lib/gcc/arm-none-eabi/9.2.1/../../../../arm-none-eabi/lib/thumb/v7-m/nofp\libg.a(lib_a-dtoa.o)
 *fill*         0x0800557c        0x4 
 .text._dtoa_r  0x08005580      0xe8c d:/scm/gnutoo~1/92019-~1/bin/../lib/gcc/arm-none-eabi/9.2.1/../../../../arm-none-eabi/lib/thumb/v7-m/nofp\libg.a(lib_a-dtoa.o)
                0x08005580                _dtoa_r
 .text.__libc_fini_array
                0x0800640c       0x2c d:/scm/gnutoo~1/92019-~1/bin/../lib/gcc/arm-none-eabi/9.2.1/../../../../arm-none-eabi/lib/thumb/v7-m/nofp\libg.a(lib_a-fini.o)
                0x0800640c                __libc_fini_array
 .text._malloc_trim_r
                0x08006438       0xa0 d:/scm/gnutoo~1/92019-~1/bin/../lib/gcc/arm-none-eabi/9.2.1/../../../../arm-none-eabi/lib/thumb/v7-m/nofp\libg.a(lib_a-freer.o)
                0x08006438                _malloc_trim_r
 .text._free_r  0x080064d8      0x20c d:/scm/gnutoo~1/92019-~1/bin/../lib/gcc/arm-none-eabi/9.2.1/../../../../arm-none-eabi/lib/thumb/v7-m/nofp\libg.a(lib_a-freer.o)
                0x080064d8                _free_r
 .text._localeconv_r
                0x080066e4        0x8 d:/scm/gnutoo~1/92019-~1/bin/../lib/gcc/arm-none-eabi/9.2.1/../../../../arm-none-eabi/lib/thumb/v7-m/nofp\libg.a(lib_a-localeconv.o)
                0x080066e4                _localeconv_r
 .text.__retarget_lock_acquire_recursive
                0x080066ec        0x4 d:/scm/gnutoo~1/92019-~1/bin/../lib/gcc/arm-none-eabi/9.2.1/../../../../arm-none-eabi/lib/thumb/v7-m/nofp\libg.a(lib_a-lock.o)
                0x080066ec                __retarget_lock_acquire_recursive
 .text.__retarget_lock_release_recursive
                0x080066f0        0x4 d:/scm/gnutoo~1/92019-~1/bin/../lib/gcc/arm-none-eabi/9.2.1/../../../../arm-none-eabi/lib/thumb/v7-m/nofp\libg.a(lib_a-lock.o)
                0x080066f0                __retarget_lock_release_recursive
 .text._malloc_r
                0x080066f4      0x55c d:/scm/gnutoo~1/92019-~1/bin/../lib/gcc/arm-none-eabi/9.2.1/../../../../arm-none-eabi/lib/thumb/v7-m/nofp\libg.a(lib_a-mallocr.o)
                0x080066f4                _malloc_r
 .text.memchr   0x08006c50       0x80 d:/scm/gnutoo~1/92019-~1/bin/../lib/gcc/arm-none-eabi/9.2.1/../../../../arm-none-eabi/lib/thumb/v7-m/nofp\libg.a(lib_a-memchr-stub.o)
                0x08006c50                memchr
 .text.__malloc_lock
                0x08006cd0        0xc d:/scm/gnutoo~1/92019-~1/bin/../lib/gcc/arm-none-eabi/9.2.1/../../../../arm-none-eabi/lib/thumb/v7-m/nofp\libg.a(lib_a-mlock.o)
                0x08006cd0                __malloc_lock
 .text.__malloc_unlock
                0x08006cdc        0xc d:/scm/gnutoo~1/92019-~1/bin/../lib/gcc/arm-none-eabi/9.2.1/../../../../arm-none-eabi/lib/thumb/v7-m/nofp\libg.a(lib_a-mlock.o)
                0x08006cdc                __malloc_unlock
 .text._Balloc  0x08006ce8       0x4c d:/scm/gnutoo~1/92019-~1/bin/../lib/gcc/arm-none-eabi/9.2.1/../../../../arm-none-eabi/lib/thumb/v7-m/nofp\libg.a(lib_a-mprec.o)
                0x08006ce8                _Balloc
 .text._Bfree   0x08006d34       0x14 d:/scm/gnutoo~1/92019-~1/bin/../lib/gcc/arm-none-eabi/9.2.1/../../../../arm-none-eabi/lib/thumb/v7-m/nofp\libg.a(lib_a-mprec.o)
                0x08006d34                _Bfree
 .text.__multadd
                0x08006d48       0x7c d:/scm/gnutoo~1/92019-~1/bin/../lib/gcc/arm-none-eabi/9.2.1/../../../../arm-none-eabi/lib/thumb/v7-m/nofp\libg.a(lib_a-mprec.o)
                0x08006d48                __multadd
 .text.__hi0bits
                0x08006dc4       0x40 d:/scm/gnutoo~1/92019-~1/bin/../lib/gcc/arm-none-eabi/9.2.1/../../../../arm-none-eabi/lib/thumb/v7-m/nofp\libg.a(lib_a-mprec.o)
                0x08006dc4                __hi0bits
 .text.__lo0bits
                0x08006e04       0x60 d:/scm/gnutoo~1/92019-~1/bin/../lib/gcc/arm-none-eabi/9.2.1/../../../../arm-none-eabi/lib/thumb/v7-m/nofp\libg.a(lib_a-mprec.o)
                0x08006e04                __lo0bits
 .text.__i2b    0x08006e64       0x14 d:/scm/gnutoo~1/92019-~1/bin/../lib/gcc/arm-none-eabi/9.2.1/../../../../arm-none-eabi/lib/thumb/v7-m/nofp\libg.a(lib_a-mprec.o)
                0x08006e64                __i2b
 .text.__multiply
                0x08006e78      0x144 d:/scm/gnutoo~1/92019-~1/bin/../lib/gcc/arm-none-eabi/9.2.1/../../../../arm-none-eabi/lib/thumb/v7-m/nofp\libg.a(lib_a-mprec.o)
                0x08006e78                __multiply
 .text.__pow5mult
                0x08006fbc       0xa0 d:/scm/gnutoo~1/92019-~1/bin/../lib/gcc/arm-none-eabi/9.2.1/../../../../arm-none-eabi/lib/thumb/v7-m/nofp\libg.a(lib_a-mprec.o)
                0x08006fbc                __pow5mult
 .text.__lshift
                0x0800705c       0xd0 d:/scm/gnutoo~1/92019-~1/bin/../lib/gcc/arm-none-eabi/9.2.1/../../../../arm-none-eabi/lib/thumb/v7-m/nofp\libg.a(lib_a-mprec.o)
                0x0800705c                __lshift
 .text.__mcmp   0x0800712c       0x3c d:/scm/gnutoo~1/92019-~1/bin/../lib/gcc/arm-none-eabi/9.2.1/../../../../arm-none-eabi/lib/thumb/v7-m/nofp\libg.a(lib_a-mprec.o)
                0x0800712c                __mcmp
 .text.__mdiff  0x08007168      0x138 d:/scm/gnutoo~1/92019-~1/bin/../lib/gcc/arm-none-eabi/9.2.1/../../../../arm-none-eabi/lib/thumb/v7-m/nofp\libg.a(lib_a-mprec.o)
                0x08007168                __mdiff
 .text.__d2b    0x080072a0       0xa8 d:/scm/gnutoo~1/92019-~1/bin/../lib/gcc/arm-none-eabi/9.2.1/../../../../arm-none-eabi/lib/thumb/v7-m/nofp\libg.a(lib_a-mprec.o)
                0x080072a0                __d2b
 .text.frexp    0x08007348       0x70 d:/scm/gnutoo~1/92019-~1/bin/../lib/gcc/arm-none-eabi/9.2.1/../../../../arm-none-eabi/lib/thumb/v7-m/nofp\libg.a(lib_a-s_frexp.o)
                0x08007348                frexp
 .text._sbrk_r  0x080073b8       0x24 d:/scm/gnutoo~1/92019-~1/bin/../lib/gcc/arm-none-eabi/9.2.1/../../../../arm-none-eabi/lib/thumb/v7-m/nofp\libg.a(lib_a-sbrkr.o)
                0x080073b8                _sbrk_r
 .text.strlen   0x080073dc       0x5c d:/scm/gnutoo~1/92019-~1/bin/../lib/gcc/arm-none-eabi/9.2.1/../../../../arm-none-eabi/lib/thumb/v7-m/nofp\libg.a(lib_a-strlen-stub.o)
                0x080073dc                strlen
 .text.strncpy  0x08007438       0x68 d:/scm/gnutoo~1/92019-~1/bin/../lib/gcc/arm-none-eabi/9.2.1/../../../../arm-none-eabi/lib/thumb/v7-m/nofp\libg.a(lib_a-strncpy.o)
                0x08007438                strncpy
 .text.__ssprint_r
                0x080074a0       0xf8 d:/scm/gnutoo~1/92019-~1/bin/../lib/gcc/arm-none-eabi/9.2.1/../../../../arm-none-eabi/lib/thumb/v7-m/nofp\libg.a(lib_a-svfiprintf.o)
                0x080074a0                __ssprint_r
 .text.__register_exitproc
                0x08007598       0x8c d:/scm/gnutoo~1/92019-~1/bin/../lib/gcc/arm-none-eabi/9.2.1/../../../../arm-none-eabi/lib/thumb/v7-m/nofp\libg.a(lib_a-__atexit.o)
                0x08007598                __register_exitproc
 .text._calloc_r
                0x08007624       0x60 d:/scm/gnutoo~1/92019-~1/bin/../lib/gcc/arm-none-eabi/9.2.1/../../../../arm-none-eabi/lib/thumb/v7-m/nofp\libg.a(lib_a-callocr.o)
                0x08007624                _calloc_r
 .text.__ascii_mbtowc
                0x08007684       0x2c d:/scm/gnutoo~1/92019-~1/bin/../lib/gcc/arm-none-eabi/9.2.1/../../../../arm-none-eabi/lib/thumb/v7-m/nofp\libg.a(lib_a-mbtowc_r.o)
                0x08007684                __ascii_mbtowc
 .text.memmove  0x080076b0       0xd4 d:/scm/gnutoo~1/92019-~1/bin/../lib/gcc/arm-none-eabi/9.2.1/../../../../arm-none-eabi/lib/thumb/v7-m/nofp\libg.a(lib_a-memmove.o)
                0x080076b0                memmove
 .text._realloc_r
                0x08007784      0x3e0 d:/scm/gnutoo~1/92019-~1/bin/../lib/gcc/arm-none-eabi/9.2.1/../../../../arm-none-eabi/lib/thumb/v7-m/nofp\libg.a(lib_a-reallocr.o)
                0x08007784                _realloc_r
 .text.__ascii_wctomb
                0x08007b64       0x1c d:/scm/gnutoo~1/92019-~1/bin/../lib/gcc/arm-none-eabi/9.2.1/../../../../arm-none-eabi/lib/thumb/v7-m/nofp\libg.a(lib_a-wctomb_r.o)
                0x08007b64                __ascii_wctomb
 *(.glue_7)
 .glue_7        0x08007b80        0x0 linker stubs
 *(.glue_7t)
 .glue_7t       0x08007b80        0x0 linker stubs
 *(.eh_frame)
 .eh_frame      0x08007b80        0x0 d:/scm/gnutoo~1/92019-~1/bin/../lib/gcc/arm-none-eabi/9.2.1/thumb/v7-m/nofp/crtbegin.o
 *(.init)
 .init          0x08007b80        0x4 d:/scm/gnutoo~1/92019-~1/bin/../lib/gcc/arm-none-eabi/9.2.1/thumb/v7-m/nofp/crti.o
                0x08007b80                _init
 .init          0x08007b84        0x8 d:/scm/gnutoo~1/92019-~1/bin/../lib/gcc/arm-none-eabi/9.2.1/thumb/v7-m/nofp/crtn.o
 *(.fini)
 .fini          0x08007b8c        0x4 d:/scm/gnutoo~1/92019-~1/bin/../lib/gcc/arm-none-eabi/9.2.1/thumb/v7-m/nofp/crti.o
                0x08007b8c                _fini
 .fini          0x08007b90        0x8 d:/scm/gnutoo~1/92019-~1/bin/../lib/gcc/arm-none-eabi/9.2.1/thumb/v7-m/nofp/crtn.o
                0x08007b98                . = ALIGN (0x4)
                0x08007b98                _etext = .

.vfp11_veneer   0x08007b98        0x0
 .vfp11_veneer  0x08007b98        0x0 linker stubs

.v4_bx          0x08007b98        0x0
 .v4_bx         0x08007b98        0x0 linker stubs

.iplt           0x08007b98        0x0
 .iplt          0x08007b98        0x0 d:/scm/gnutoo~1/92019-~1/bin/../lib/gcc/arm-none-eabi/9.2.1/thumb/v7-m/nofp/crtbegin.o

.rodata         0x08007b98      0x310
                0x08007b98                . = ALIGN (0x4)
 *(.rodata)
 .rodata        0x08007b98       0x10 CMakeFiles/project_06_USART_TIM2.elf.dir/Drivers/STM32F1xx_HAL_Driver/Src/stm32f1xx_hal_rcc.c.obj
 .rodata        0x08007ba8       0x5b CMakeFiles/project_06_USART_TIM2.elf.dir/Src/main.c.obj
 *(.rodata*)
 *fill*         0x08007c03        0x1 
 .rodata.AHBPrescTable
                0x08007c04       0x10 CMakeFiles/project_06_USART_TIM2.elf.dir/Src/system_stm32f1xx.c.obj
                0x08007c04                AHBPrescTable
 .rodata.APBPrescTable
                0x08007c14        0x8 CMakeFiles/project_06_USART_TIM2.elf.dir/Src/system_stm32f1xx.c.obj
                0x08007c14                APBPrescTable
 .rodata._global_impure_ptr
                0x08007c1c        0x4 d:/scm/gnutoo~1/92019-~1/bin/../lib/gcc/arm-none-eabi/9.2.1/../../../../arm-none-eabi/lib/thumb/v7-m/nofp\libg.a(lib_a-impure.o)
                0x08007c1c                _global_impure_ptr
 .rodata._svfprintf_r.str1.4
                0x08007c20       0x42 d:/scm/gnutoo~1/92019-~1/bin/../lib/gcc/arm-none-eabi/9.2.1/../../../../arm-none-eabi/lib/thumb/v7-m/nofp\libg.a(lib_a-svfprintf.o)
 *fill*         0x08007c62        0x2 
 .rodata.blanks.7345
                0x08007c64       0x10 d:/scm/gnutoo~1/92019-~1/bin/../lib/gcc/arm-none-eabi/9.2.1/../../../../arm-none-eabi/lib/thumb/v7-m/nofp\libg.a(lib_a-svfprintf.o)
 .rodata.zeroes.7346
                0x08007c74       0x10 d:/scm/gnutoo~1/92019-~1/bin/../lib/gcc/arm-none-eabi/9.2.1/../../../../arm-none-eabi/lib/thumb/v7-m/nofp\libg.a(lib_a-svfprintf.o)
 .rodata._dtoa_r.str1.4
                0x08007c84        0xd d:/scm/gnutoo~1/92019-~1/bin/../lib/gcc/arm-none-eabi/9.2.1/../../../../arm-none-eabi/lib/thumb/v7-m/nofp\libg.a(lib_a-dtoa.o)
                                 0x12 (size before relaxing)
 *fill*         0x08007c91        0x7 
 .rodata.__mprec_bigtens
                0x08007c98       0x28 d:/scm/gnutoo~1/92019-~1/bin/../lib/gcc/arm-none-eabi/9.2.1/../../../../arm-none-eabi/lib/thumb/v7-m/nofp\libg.a(lib_a-mprec.o)
                0x08007c98                __mprec_bigtens
 .rodata.__mprec_tens
                0x08007cc0       0xc8 d:/scm/gnutoo~1/92019-~1/bin/../lib/gcc/arm-none-eabi/9.2.1/../../../../arm-none-eabi/lib/thumb/v7-m/nofp\libg.a(lib_a-mprec.o)
                0x08007cc0                __mprec_tens
 .rodata.p05.6115
                0x08007d88        0xc d:/scm/gnutoo~1/92019-~1/bin/../lib/gcc/arm-none-eabi/9.2.1/../../../../arm-none-eabi/lib/thumb/v7-m/nofp\libg.a(lib_a-mprec.o)
 .rodata._setlocale_r.str1.4
                0x08007d94        0xa d:/scm/gnutoo~1/92019-~1/bin/../lib/gcc/arm-none-eabi/9.2.1/../../../../arm-none-eabi/lib/thumb/v7-m/nofp\libg.a(lib_a-locale.o)
                                  0xd (size before relaxing)
 *fill*         0x08007d9e        0x2 
 .rodata.str1.4
                0x08007da0        0x2 d:/scm/gnutoo~1/92019-~1/bin/../lib/gcc/arm-none-eabi/9.2.1/../../../../arm-none-eabi/lib/thumb/v7-m/nofp\libg.a(lib_a-locale.o)
 *fill*         0x08007da2        0x2 
 .rodata._ctype_
                0x08007da4      0x101 d:/scm/gnutoo~1/92019-~1/bin/../lib/gcc/arm-none-eabi/9.2.1/../../../../arm-none-eabi/lib/thumb/v7-m/nofp\libg.a(lib_a-ctype_.o)
                0x08007da4                _ctype_
                0x08007ea8                . = ALIGN (0x4)
 *fill*         0x08007ea5        0x3 

.ARM.extab      0x08007ea8        0x0
                0x08007ea8                . = ALIGN (0x4)
 *(.ARM.extab* .gnu.linkonce.armextab.*)
                0x08007ea8                . = ALIGN (0x4)

.ARM            0x08007ea8        0x8
                0x08007ea8                . = ALIGN (0x4)
                0x08007ea8                __exidx_start = .
 *(.ARM.exidx*)
 .ARM.exidx     0x08007ea8        0x8 d:/scm/gnutoo~1/92019-~1/bin/../lib/gcc/arm-none-eabi/9.2.1/thumb/v7-m/nofp\libgcc.a(_udivmoddi4.o)
                0x08007eb0                __exidx_end = .
                0x08007eb0                . = ALIGN (0x4)

.rel.dyn        0x08007eb0        0x0
 .rel.iplt      0x08007eb0        0x0 d:/scm/gnutoo~1/92019-~1/bin/../lib/gcc/arm-none-eabi/9.2.1/thumb/v7-m/nofp/crtbegin.o

.preinit_array  0x08007eb0        0x0
                0x08007eb0                . = ALIGN (0x4)
                0x08007eb0                PROVIDE (__preinit_array_start = .)
 *(.preinit_array*)
                0x08007eb0                PROVIDE (__preinit_array_end = .)
                0x08007eb0                . = ALIGN (0x4)

.init_array     0x08007eb0        0x8
                0x08007eb0                . = ALIGN (0x4)
                0x08007eb0                PROVIDE (__init_array_start = .)
 *(SORT_BY_NAME(.init_array.*))
 .init_array.00000
                0x08007eb0        0x4 d:/scm/gnutoo~1/92019-~1/bin/../lib/gcc/arm-none-eabi/9.2.1/../../../../arm-none-eabi/lib/thumb/v7-m/nofp\libg.a(lib_a-__call_atexit.o)
 *(.init_array*)
 .init_array    0x08007eb4        0x4 d:/scm/gnutoo~1/92019-~1/bin/../lib/gcc/arm-none-eabi/9.2.1/thumb/v7-m/nofp/crtbegin.o
                0x08007eb8                PROVIDE (__init_array_end = .)
                0x08007eb8                . = ALIGN (0x4)

.fini_array     0x08007eb8        0x4
                0x08007eb8                . = ALIGN (0x4)
                0x08007eb8                PROVIDE (__fini_array_start = .)
 *(SORT_BY_NAME(.fini_array.*))
 *(.fini_array*)
 .fini_array    0x08007eb8        0x4 d:/scm/gnutoo~1/92019-~1/bin/../lib/gcc/arm-none-eabi/9.2.1/thumb/v7-m/nofp/crtbegin.o
                0x08007ebc                PROVIDE (__fini_array_end = .)
                0x08007ebc                . = ALIGN (0x4)
                0x08007ebc                _sidata = LOADADDR (.data)

.data           0x20000000      0x9f0 load address 0x08007ebc
                0x20000000                . = ALIGN (0x4)
                0x20000000                _sdata = .
 *(.data)
 *(.data*)
 .data.uwTickPrio
                0x20000000        0x4 CMakeFiles/project_06_USART_TIM2.elf.dir/Drivers/STM32F1xx_HAL_Driver/Src/stm32f1xx_hal.c.obj
                0x20000000                uwTickPrio
 .data.uwTickFreq
                0x20000004        0x1 CMakeFiles/project_06_USART_TIM2.elf.dir/Drivers/STM32F1xx_HAL_Driver/Src/stm32f1xx_hal.c.obj
                0x20000004                uwTickFreq
 *fill*         0x20000005        0x3 
 .data.str1     0x20000008       0x34 CMakeFiles/project_06_USART_TIM2.elf.dir/Src/main.c.obj
                0x20000008                str1
 .data.SystemCoreClock
                0x2000003c        0x4 CMakeFiles/project_06_USART_TIM2.elf.dir/Src/system_stm32f1xx.c.obj
                0x2000003c                SystemCoreClock
 .data._impure_ptr
                0x20000040        0x4 d:/scm/gnutoo~1/92019-~1/bin/../lib/gcc/arm-none-eabi/9.2.1/../../../../arm-none-eabi/lib/thumb/v7-m/nofp\libg.a(lib_a-impure.o)
                0x20000040                _impure_ptr
 *fill*         0x20000044        0x4 
 .data.impure_data
                0x20000048      0x428 d:/scm/gnutoo~1/92019-~1/bin/../lib/gcc/arm-none-eabi/9.2.1/../../../../arm-none-eabi/lib/thumb/v7-m/nofp\libg.a(lib_a-impure.o)
 .data.__atexit_recursive_mutex
                0x20000470        0x4 d:/scm/gnutoo~1/92019-~1/bin/../lib/gcc/arm-none-eabi/9.2.1/../../../../arm-none-eabi/lib/thumb/v7-m/nofp\libg.a(lib_a-__call_atexit.o)
                0x20000470                __atexit_recursive_mutex
 .data.__malloc_av_
                0x20000474      0x408 d:/scm/gnutoo~1/92019-~1/bin/../lib/gcc/arm-none-eabi/9.2.1/../../../../arm-none-eabi/lib/thumb/v7-m/nofp\libg.a(lib_a-mallocr.o)
                0x20000474                __malloc_av_
 .data.__malloc_sbrk_base
                0x2000087c        0x4 d:/scm/gnutoo~1/92019-~1/bin/../lib/gcc/arm-none-eabi/9.2.1/../../../../arm-none-eabi/lib/thumb/v7-m/nofp\libg.a(lib_a-mallocr.o)
                0x2000087c                __malloc_sbrk_base
 .data.__malloc_trim_threshold
                0x20000880        0x4 d:/scm/gnutoo~1/92019-~1/bin/../lib/gcc/arm-none-eabi/9.2.1/../../../../arm-none-eabi/lib/thumb/v7-m/nofp\libg.a(lib_a-mallocr.o)
                0x20000880                __malloc_trim_threshold
 .data.__global_locale
                0x20000884      0x16c d:/scm/gnutoo~1/92019-~1/bin/../lib/gcc/arm-none-eabi/9.2.1/../../../../arm-none-eabi/lib/thumb/v7-m/nofp\libg.a(lib_a-locale.o)
                0x20000884                __global_locale
                0x200009f0                . = ALIGN (0x4)
                0x200009f0                _edata = .

.igot.plt       0x200009f0        0x0 load address 0x080088ac
 .igot.plt      0x200009f0        0x0 d:/scm/gnutoo~1/92019-~1/bin/../lib/gcc/arm-none-eabi/9.2.1/thumb/v7-m/nofp/crtbegin.o
                0x200009f0                . = ALIGN (0x4)

.bss            0x200009f0      0x154 load address 0x080088ac
                0x200009f0                _sbss = .
                0x200009f0                __bss_start__ = _sbss
 *(.bss)
 .bss           0x200009f0       0x1c d:/scm/gnutoo~1/92019-~1/bin/../lib/gcc/arm-none-eabi/9.2.1/thumb/v7-m/nofp/crtbegin.o
 *(.bss*)
 .bss.uwTick    0x20000a0c        0x4 CMakeFiles/project_06_USART_TIM2.elf.dir/Drivers/STM32F1xx_HAL_Driver/Src/stm32f1xx_hal.c.obj
                0x20000a0c                uwTick
 .bss.hh        0x20000a10        0x1 CMakeFiles/project_06_USART_TIM2.elf.dir/Src/main.c.obj
                0x20000a10                hh
 .bss.mm        0x20000a11        0x1 CMakeFiles/project_06_USART_TIM2.elf.dir/Src/main.c.obj
                0x20000a11                mm
 .bss.ss        0x20000a12        0x1 CMakeFiles/project_06_USART_TIM2.elf.dir/Src/main.c.obj
                0x20000a12                ss
 .bss.ss05      0x20000a13        0x1 CMakeFiles/project_06_USART_TIM2.elf.dir/Src/main.c.obj
                0x20000a13                ss05
 .bss.str_buff  0x20000a14       0x40 CMakeFiles/project_06_USART_TIM2.elf.dir/Src/main.c.obj
                0x20000a14                str_buff
 .bss.Rx_dat    0x20000a54       0x10 CMakeFiles/project_06_USART_TIM2.elf.dir/Src/main.c.obj
                0x20000a54                Rx_dat
 .bss.heap_end.5201
                0x20000a64        0x4 CMakeFiles/project_06_USART_TIM2.elf.dir/Src/sysmem.c.obj
 .bss.htim2     0x20000a68       0x40 CMakeFiles/project_06_USART_TIM2.elf.dir/Src/tim.c.obj
                0x20000a68                htim2
 .bss.huart1    0x20000aa8       0x40 CMakeFiles/project_06_USART_TIM2.elf.dir/Src/usart.c.obj
                0x20000aa8                huart1
 .bss.__malloc_current_mallinfo
                0x20000ae8       0x28 d:/scm/gnutoo~1/92019-~1/bin/../lib/gcc/arm-none-eabi/9.2.1/../../../../arm-none-eabi/lib/thumb/v7-m/nofp\libg.a(lib_a-mallocr.o)
                0x20000ae8                __malloc_current_mallinfo
 .bss.__malloc_max_sbrked_mem
                0x20000b10        0x4 d:/scm/gnutoo~1/92019-~1/bin/../lib/gcc/arm-none-eabi/9.2.1/../../../../arm-none-eabi/lib/thumb/v7-m/nofp\libg.a(lib_a-mallocr.o)
                0x20000b10                __malloc_max_sbrked_mem
 .bss.__malloc_max_total_mem
                0x20000b14        0x4 d:/scm/gnutoo~1/92019-~1/bin/../lib/gcc/arm-none-eabi/9.2.1/../../../../arm-none-eabi/lib/thumb/v7-m/nofp\libg.a(lib_a-mallocr.o)
                0x20000b14                __malloc_max_total_mem
 .bss.__malloc_top_pad
                0x20000b18        0x4 d:/scm/gnutoo~1/92019-~1/bin/../lib/gcc/arm-none-eabi/9.2.1/../../../../arm-none-eabi/lib/thumb/v7-m/nofp\libg.a(lib_a-mallocr.o)
                0x20000b18                __malloc_top_pad
 *(COMMON)
 COMMON         0x20000b1c       0x21 d:/scm/gnutoo~1/92019-~1/bin/../lib/gcc/arm-none-eabi/9.2.1/../../../../arm-none-eabi/lib/thumb/v7-m/nofp\libg.a(lib_a-lock.o)
                0x20000b1c                __lock___atexit_recursive_mutex
                0x20000b20                __lock___arc4random_mutex
                0x20000b24                __lock___env_recursive_mutex
                0x20000b28                __lock___sinit_recursive_mutex
                0x20000b2c                __lock___malloc_recursive_mutex
                0x20000b30                __lock___at_quick_exit_mutex
                0x20000b34                __lock___dd_hash_mutex
                0x20000b38                __lock___tz_mutex
                0x20000b3c                __lock___sfp_recursive_mutex
 *fill*         0x20000b3d        0x3 
 COMMON         0x20000b40        0x4 d:/scm/gnutoo~1/92019-~1/bin/../lib/gcc/arm-none-eabi/9.2.1/../../../../arm-none-eabi/lib/thumb/v7-m/nofp\libg.a(lib_a-reent.o)
                0x20000b40                errno
                0x20000b44                . = ALIGN (0x4)
                0x20000b44                _ebss = .
                0x20000b44                __bss_end__ = _ebss

._user_heap_stack
                0x20000b44      0x604 load address 0x080088ac
                0x20000b48                . = ALIGN (0x8)
 *fill*         0x20000b44        0x4 
                0x20000b48                PROVIDE (end = .)
                [!provide]                PROVIDE (_end = .)
                0x20000d48                . = (. + _Min_Heap_Size)
 *fill*         0x20000b48      0x200 
                0x20001148                . = (. + _Min_Stack_Size)
 *fill*         0x20000d48      0x400 
                0x20001148                . = ALIGN (0x8)

/DISCARD/
 libc.a(*)
 libm.a(*)
 libgcc.a(*)

.ARM.attributes
                0x00000000       0x29
 *(.ARM.attributes)
 .ARM.attributes
                0x00000000       0x1d d:/scm/gnutoo~1/92019-~1/bin/../lib/gcc/arm-none-eabi/9.2.1/thumb/v7-m/nofp/crti.o
 .ARM.attributes
                0x0000001d       0x2d d:/scm/gnutoo~1/92019-~1/bin/../lib/gcc/arm-none-eabi/9.2.1/thumb/v7-m/nofp/crtbegin.o
 .ARM.attributes
                0x0000004a       0x2d CMakeFiles/project_06_USART_TIM2.elf.dir/Drivers/STM32F1xx_HAL_Driver/Src/stm32f1xx_hal.c.obj
 .ARM.attributes
                0x00000077       0x2d CMakeFiles/project_06_USART_TIM2.elf.dir/Drivers/STM32F1xx_HAL_Driver/Src/stm32f1xx_hal_cortex.c.obj
 .ARM.attributes
                0x000000a4       0x2d CMakeFiles/project_06_USART_TIM2.elf.dir/Drivers/STM32F1xx_HAL_Driver/Src/stm32f1xx_hal_dma.c.obj
 .ARM.attributes
                0x000000d1       0x2d CMakeFiles/project_06_USART_TIM2.elf.dir/Drivers/STM32F1xx_HAL_Driver/Src/stm32f1xx_hal_gpio.c.obj
 .ARM.attributes
                0x000000fe       0x2d CMakeFiles/project_06_USART_TIM2.elf.dir/Drivers/STM32F1xx_HAL_Driver/Src/stm32f1xx_hal_rcc.c.obj
 .ARM.attributes
                0x0000012b       0x2d CMakeFiles/project_06_USART_TIM2.elf.dir/Drivers/STM32F1xx_HAL_Driver/Src/stm32f1xx_hal_tim.c.obj
 .ARM.attributes
                0x00000158       0x2d CMakeFiles/project_06_USART_TIM2.elf.dir/Drivers/STM32F1xx_HAL_Driver/Src/stm32f1xx_hal_tim_ex.c.obj
 .ARM.attributes
                0x00000185       0x2d CMakeFiles/project_06_USART_TIM2.elf.dir/Drivers/STM32F1xx_HAL_Driver/Src/stm32f1xx_hal_uart.c.obj
 .ARM.attributes
                0x000001b2       0x2d CMakeFiles/project_06_USART_TIM2.elf.dir/Src/gpio.c.obj
 .ARM.attributes
                0x000001df       0x2d CMakeFiles/project_06_USART_TIM2.elf.dir/Src/main.c.obj
 .ARM.attributes
                0x0000020c       0x2d CMakeFiles/project_06_USART_TIM2.elf.dir/Src/stm32f1xx_hal_msp.c.obj
 .ARM.attributes
                0x00000239       0x2d CMakeFiles/project_06_USART_TIM2.elf.dir/Src/stm32f1xx_it.c.obj
 .ARM.attributes
                0x00000266       0x2d CMakeFiles/project_06_USART_TIM2.elf.dir/Src/sysmem.c.obj
 .ARM.attributes
                0x00000293       0x2d CMakeFiles/project_06_USART_TIM2.elf.dir/Src/system_stm32f1xx.c.obj
 .ARM.attributes
                0x000002c0       0x2d CMakeFiles/project_06_USART_TIM2.elf.dir/Src/tim.c.obj
 .ARM.attributes
                0x000002ed       0x2d CMakeFiles/project_06_USART_TIM2.elf.dir/Src/usart.c.obj
 .ARM.attributes
                0x0000031a       0x21 CMakeFiles/project_06_USART_TIM2.elf.dir/Startup/startup_stm32f103vetx.s.obj
 .ARM.attributes
                0x0000033b       0x2d d:/scm/gnutoo~1/92019-~1/bin/../lib/gcc/arm-none-eabi/9.2.1/../../../../arm-none-eabi/lib/thumb/v7-m/nofp\libg.a(lib_a-errno.o)
 .ARM.attributes
                0x00000368       0x2d d:/scm/gnutoo~1/92019-~1/bin/../lib/gcc/arm-none-eabi/9.2.1/../../../../arm-none-eabi/lib/thumb/v7-m/nofp\libg.a(lib_a-impure.o)
 .ARM.attributes
                0x00000395       0x2d d:/scm/gnutoo~1/92019-~1/bin/../lib/gcc/arm-none-eabi/9.2.1/../../../../arm-none-eabi/lib/thumb/v7-m/nofp\libg.a(lib_a-init.o)
 .ARM.attributes
                0x000003c2       0x2d d:/scm/gnutoo~1/92019-~1/bin/../lib/gcc/arm-none-eabi/9.2.1/../../../../arm-none-eabi/lib/thumb/v7-m/nofp\libg.a(lib_a-memset.o)
 .ARM.attributes
                0x000003ef       0x2d d:/scm/gnutoo~1/92019-~1/bin/../lib/gcc/arm-none-eabi/9.2.1/../../../../arm-none-eabi/lib/thumb/v7-m/nofp\libg.a(lib_a-sprintf.o)
 .ARM.attributes
                0x0000041c       0x2d d:/scm/gnutoo~1/92019-~1/bin/../lib/gcc/arm-none-eabi/9.2.1/../../../../arm-none-eabi/lib/thumb/v7-m/nofp\libg.a(lib_a-svfprintf.o)
 .ARM.attributes
                0x00000449       0x2d d:/scm/gnutoo~1/92019-~1/bin/../lib/gcc/arm-none-eabi/9.2.1/../../../../arm-none-eabi/lib/thumb/v7-m/nofp\libg.a(lib_a-__call_atexit.o)
 .ARM.attributes
                0x00000476       0x2d d:/scm/gnutoo~1/92019-~1/bin/../lib/gcc/arm-none-eabi/9.2.1/../../../../arm-none-eabi/lib/thumb/v7-m/nofp\libg.a(lib_a-atexit.o)
 .ARM.attributes
                0x000004a3       0x2d d:/scm/gnutoo~1/92019-~1/bin/../lib/gcc/arm-none-eabi/9.2.1/../../../../arm-none-eabi/lib/thumb/v7-m/nofp\libg.a(lib_a-dtoa.o)
 .ARM.attributes
                0x000004d0       0x2d d:/scm/gnutoo~1/92019-~1/bin/../lib/gcc/arm-none-eabi/9.2.1/../../../../arm-none-eabi/lib/thumb/v7-m/nofp\libg.a(lib_a-fini.o)
 .ARM.attributes
                0x000004fd       0x2d d:/scm/gnutoo~1/92019-~1/bin/../lib/gcc/arm-none-eabi/9.2.1/../../../../arm-none-eabi/lib/thumb/v7-m/nofp\libg.a(lib_a-freer.o)
 .ARM.attributes
                0x0000052a       0x2d d:/scm/gnutoo~1/92019-~1/bin/../lib/gcc/arm-none-eabi/9.2.1/../../../../arm-none-eabi/lib/thumb/v7-m/nofp\libg.a(lib_a-localeconv.o)
 .ARM.attributes
                0x00000557       0x2d d:/scm/gnutoo~1/92019-~1/bin/../lib/gcc/arm-none-eabi/9.2.1/../../../../arm-none-eabi/lib/thumb/v7-m/nofp\libg.a(lib_a-lock.o)
 .ARM.attributes
                0x00000584       0x2d d:/scm/gnutoo~1/92019-~1/bin/../lib/gcc/arm-none-eabi/9.2.1/../../../../arm-none-eabi/lib/thumb/v7-m/nofp\libg.a(lib_a-mallocr.o)
 .ARM.attributes
                0x000005b1       0x2d d:/scm/gnutoo~1/92019-~1/bin/../lib/gcc/arm-none-eabi/9.2.1/../../../../arm-none-eabi/lib/thumb/v7-m/nofp\libg.a(lib_a-memchr-stub.o)
 .ARM.attributes
                0x000005de       0x1b d:/scm/gnutoo~1/92019-~1/bin/../lib/gcc/arm-none-eabi/9.2.1/../../../../arm-none-eabi/lib/thumb/v7-m/nofp\libg.a(lib_a-memcpy.o)
 .ARM.attributes
                0x000005f9       0x2d d:/scm/gnutoo~1/92019-~1/bin/../lib/gcc/arm-none-eabi/9.2.1/../../../../arm-none-eabi/lib/thumb/v7-m/nofp\libg.a(lib_a-mlock.o)
 .ARM.attributes
                0x00000626       0x2d d:/scm/gnutoo~1/92019-~1/bin/../lib/gcc/arm-none-eabi/9.2.1/../../../../arm-none-eabi/lib/thumb/v7-m/nofp\libg.a(lib_a-mprec.o)
 .ARM.attributes
                0x00000653       0x2d d:/scm/gnutoo~1/92019-~1/bin/../lib/gcc/arm-none-eabi/9.2.1/../../../../arm-none-eabi/lib/thumb/v7-m/nofp\libg.a(lib_a-s_frexp.o)
 .ARM.attributes
                0x00000680       0x2d d:/scm/gnutoo~1/92019-~1/bin/../lib/gcc/arm-none-eabi/9.2.1/../../../../arm-none-eabi/lib/thumb/v7-m/nofp\libg.a(lib_a-sbrkr.o)
 .ARM.attributes
                0x000006ad       0x2d d:/scm/gnutoo~1/92019-~1/bin/../lib/gcc/arm-none-eabi/9.2.1/../../../../arm-none-eabi/lib/thumb/v7-m/nofp\libg.a(lib_a-strlen-stub.o)
 .ARM.attributes
                0x000006da       0x2d d:/scm/gnutoo~1/92019-~1/bin/../lib/gcc/arm-none-eabi/9.2.1/../../../../arm-none-eabi/lib/thumb/v7-m/nofp\libg.a(lib_a-strncpy.o)
 .ARM.attributes
                0x00000707       0x2d d:/scm/gnutoo~1/92019-~1/bin/../lib/gcc/arm-none-eabi/9.2.1/../../../../arm-none-eabi/lib/thumb/v7-m/nofp\libg.a(lib_a-svfiprintf.o)
 .ARM.attributes
                0x00000734       0x2d d:/scm/gnutoo~1/92019-~1/bin/../lib/gcc/arm-none-eabi/9.2.1/../../../../arm-none-eabi/lib/thumb/v7-m/nofp\libg.a(lib_a-__atexit.o)
 .ARM.attributes
                0x00000761       0x2d d:/scm/gnutoo~1/92019-~1/bin/../lib/gcc/arm-none-eabi/9.2.1/../../../../arm-none-eabi/lib/thumb/v7-m/nofp\libg.a(lib_a-callocr.o)
 .ARM.attributes
                0x0000078e       0x2d d:/scm/gnutoo~1/92019-~1/bin/../lib/gcc/arm-none-eabi/9.2.1/../../../../arm-none-eabi/lib/thumb/v7-m/nofp\libg.a(lib_a-locale.o)
 .ARM.attributes
                0x000007bb       0x2d d:/scm/gnutoo~1/92019-~1/bin/../lib/gcc/arm-none-eabi/9.2.1/../../../../arm-none-eabi/lib/thumb/v7-m/nofp\libg.a(lib_a-mbtowc_r.o)
 .ARM.attributes
                0x000007e8       0x2d d:/scm/gnutoo~1/92019-~1/bin/../lib/gcc/arm-none-eabi/9.2.1/../../../../arm-none-eabi/lib/thumb/v7-m/nofp\libg.a(lib_a-memmove.o)
 .ARM.attributes
                0x00000815       0x2d d:/scm/gnutoo~1/92019-~1/bin/../lib/gcc/arm-none-eabi/9.2.1/../../../../arm-none-eabi/lib/thumb/v7-m/nofp\libg.a(lib_a-reallocr.o)
 .ARM.attributes
                0x00000842       0x2d d:/scm/gnutoo~1/92019-~1/bin/../lib/gcc/arm-none-eabi/9.2.1/../../../../arm-none-eabi/lib/thumb/v7-m/nofp\libg.a(lib_a-reent.o)
 .ARM.attributes
                0x0000086f       0x2d d:/scm/gnutoo~1/92019-~1/bin/../lib/gcc/arm-none-eabi/9.2.1/../../../../arm-none-eabi/lib/thumb/v7-m/nofp\libg.a(lib_a-wctomb_r.o)
 .ARM.attributes
                0x0000089c       0x2d d:/scm/gnutoo~1/92019-~1/bin/../lib/gcc/arm-none-eabi/9.2.1/../../../../arm-none-eabi/lib/thumb/v7-m/nofp\libg.a(lib_a-ctype_.o)
 .ARM.attributes
                0x000008c9       0x1d d:/scm/gnutoo~1/92019-~1/bin/../lib/gcc/arm-none-eabi/9.2.1/thumb/v7-m/nofp\libgcc.a(_arm_addsubdf3.o)
 .ARM.attributes
                0x000008e6       0x1d d:/scm/gnutoo~1/92019-~1/bin/../lib/gcc/arm-none-eabi/9.2.1/thumb/v7-m/nofp\libgcc.a(_arm_muldivdf3.o)
 .ARM.attributes
                0x00000903       0x1d d:/scm/gnutoo~1/92019-~1/bin/../lib/gcc/arm-none-eabi/9.2.1/thumb/v7-m/nofp\libgcc.a(_arm_cmpdf2.o)
 .ARM.attributes
                0x00000920       0x1d d:/scm/gnutoo~1/92019-~1/bin/../lib/gcc/arm-none-eabi/9.2.1/thumb/v7-m/nofp\libgcc.a(_arm_unorddf2.o)
 .ARM.attributes
                0x0000093d       0x1d d:/scm/gnutoo~1/92019-~1/bin/../lib/gcc/arm-none-eabi/9.2.1/thumb/v7-m/nofp\libgcc.a(_arm_fixdfsi.o)
 .ARM.attributes
                0x0000095a       0x1d d:/scm/gnutoo~1/92019-~1/bin/../lib/gcc/arm-none-eabi/9.2.1/thumb/v7-m/nofp\libgcc.a(_aeabi_uldivmod.o)
 .ARM.attributes
                0x00000977       0x2d d:/scm/gnutoo~1/92019-~1/bin/../lib/gcc/arm-none-eabi/9.2.1/thumb/v7-m/nofp\libgcc.a(_udivmoddi4.o)
 .ARM.attributes
                0x000009a4       0x1d d:/scm/gnutoo~1/92019-~1/bin/../lib/gcc/arm-none-eabi/9.2.1/thumb/v7-m/nofp\libgcc.a(_dvmd_tls.o)
 .ARM.attributes
                0x000009c1       0x1d d:/scm/gnutoo~1/92019-~1/bin/../lib/gcc/arm-none-eabi/9.2.1/thumb/v7-m/nofp/crtn.o
OUTPUT(project_06_USART_TIM2.elf elf32-littlearm)

.debug_info     0x00000000     0xbc49
 .debug_info    0x00000000      0x7ad CMakeFiles/project_06_USART_TIM2.elf.dir/Drivers/STM32F1xx_HAL_Driver/Src/stm32f1xx_hal.c.obj
 .debug_info    0x000007ad      0xc2b CMakeFiles/project_06_USART_TIM2.elf.dir/Drivers/STM32F1xx_HAL_Driver/Src/stm32f1xx_hal_cortex.c.obj
 .debug_info    0x000013d8      0x807 CMakeFiles/project_06_USART_TIM2.elf.dir/Drivers/STM32F1xx_HAL_Driver/Src/stm32f1xx_hal_dma.c.obj
 .debug_info    0x00001bdf      0x6da CMakeFiles/project_06_USART_TIM2.elf.dir/Drivers/STM32F1xx_HAL_Driver/Src/stm32f1xx_hal_gpio.c.obj
 .debug_info    0x000022b9      0x877 CMakeFiles/project_06_USART_TIM2.elf.dir/Drivers/STM32F1xx_HAL_Driver/Src/stm32f1xx_hal_rcc.c.obj
 .debug_info    0x00002b30     0x2669 CMakeFiles/project_06_USART_TIM2.elf.dir/Drivers/STM32F1xx_HAL_Driver/Src/stm32f1xx_hal_tim.c.obj
 .debug_info    0x00005199     0x11fb CMakeFiles/project_06_USART_TIM2.elf.dir/Drivers/STM32F1xx_HAL_Driver/Src/stm32f1xx_hal_tim_ex.c.obj
 .debug_info    0x00006394     0x12db CMakeFiles/project_06_USART_TIM2.elf.dir/Drivers/STM32F1xx_HAL_Driver/Src/stm32f1xx_hal_uart.c.obj
 .debug_info    0x0000766f      0x378 CMakeFiles/project_06_USART_TIM2.elf.dir/Src/gpio.c.obj
 .debug_info    0x000079e7     0x1463 CMakeFiles/project_06_USART_TIM2.elf.dir/Src/main.c.obj
 .debug_info    0x00008e4a      0x2e5 CMakeFiles/project_06_USART_TIM2.elf.dir/Src/stm32f1xx_hal_msp.c.obj
 .debug_info    0x0000912f      0x946 CMakeFiles/project_06_USART_TIM2.elf.dir/Src/stm32f1xx_it.c.obj
 .debug_info    0x00009a75      0x9aa CMakeFiles/project_06_USART_TIM2.elf.dir/Src/sysmem.c.obj
 .debug_info    0x0000a41f      0x462 CMakeFiles/project_06_USART_TIM2.elf.dir/Src/system_stm32f1xx.c.obj
 .debug_info    0x0000a881      0x9dd CMakeFiles/project_06_USART_TIM2.elf.dir/Src/tim.c.obj
 .debug_info    0x0000b25e      0x9c9 CMakeFiles/project_06_USART_TIM2.elf.dir/Src/usart.c.obj
 .debug_info    0x0000bc27       0x22 CMakeFiles/project_06_USART_TIM2.elf.dir/Startup/startup_stm32f103vetx.s.obj

.debug_abbrev   0x00000000     0x2012
 .debug_abbrev  0x00000000      0x1fd CMakeFiles/project_06_USART_TIM2.elf.dir/Drivers/STM32F1xx_HAL_Driver/Src/stm32f1xx_hal.c.obj
 .debug_abbrev  0x000001fd      0x310 CMakeFiles/project_06_USART_TIM2.elf.dir/Drivers/STM32F1xx_HAL_Driver/Src/stm32f1xx_hal_cortex.c.obj
 .debug_abbrev  0x0000050d      0x225 CMakeFiles/project_06_USART_TIM2.elf.dir/Drivers/STM32F1xx_HAL_Driver/Src/stm32f1xx_hal_dma.c.obj
 .debug_abbrev  0x00000732      0x1e5 CMakeFiles/project_06_USART_TIM2.elf.dir/Drivers/STM32F1xx_HAL_Driver/Src/stm32f1xx_hal_gpio.c.obj
 .debug_abbrev  0x00000917      0x270 CMakeFiles/project_06_USART_TIM2.elf.dir/Drivers/STM32F1xx_HAL_Driver/Src/stm32f1xx_hal_rcc.c.obj
 .debug_abbrev  0x00000b87      0x25b CMakeFiles/project_06_USART_TIM2.elf.dir/Drivers/STM32F1xx_HAL_Driver/Src/stm32f1xx_hal_tim.c.obj
 .debug_abbrev  0x00000de2      0x249 CMakeFiles/project_06_USART_TIM2.elf.dir/Drivers/STM32F1xx_HAL_Driver/Src/stm32f1xx_hal_tim_ex.c.obj
 .debug_abbrev  0x0000102b      0x26d CMakeFiles/project_06_USART_TIM2.elf.dir/Drivers/STM32F1xx_HAL_Driver/Src/stm32f1xx_hal_uart.c.obj
 .debug_abbrev  0x00001298      0x14b CMakeFiles/project_06_USART_TIM2.elf.dir/Src/gpio.c.obj
 .debug_abbrev  0x000013e3      0x2ae CMakeFiles/project_06_USART_TIM2.elf.dir/Src/main.c.obj
 .debug_abbrev  0x00001691      0x11a CMakeFiles/project_06_USART_TIM2.elf.dir/Src/stm32f1xx_hal_msp.c.obj
 .debug_abbrev  0x000017ab      0x173 CMakeFiles/project_06_USART_TIM2.elf.dir/Src/stm32f1xx_it.c.obj
 .debug_abbrev  0x0000191e      0x21e CMakeFiles/project_06_USART_TIM2.elf.dir/Src/sysmem.c.obj
 .debug_abbrev  0x00001b3c      0x14b CMakeFiles/project_06_USART_TIM2.elf.dir/Src/system_stm32f1xx.c.obj
 .debug_abbrev  0x00001c87      0x1b8 CMakeFiles/project_06_USART_TIM2.elf.dir/Src/tim.c.obj
 .debug_abbrev  0x00001e3f      0x1c1 CMakeFiles/project_06_USART_TIM2.elf.dir/Src/usart.c.obj
 .debug_abbrev  0x00002000       0x12 CMakeFiles/project_06_USART_TIM2.elf.dir/Startup/startup_stm32f103vetx.s.obj

.debug_aranges  0x00000000      0xbd8
 .debug_aranges
                0x00000000       0xe0 CMakeFiles/project_06_USART_TIM2.elf.dir/Drivers/STM32F1xx_HAL_Driver/Src/stm32f1xx_hal.c.obj
 .debug_aranges
                0x000000e0      0x100 CMakeFiles/project_06_USART_TIM2.elf.dir/Drivers/STM32F1xx_HAL_Driver/Src/stm32f1xx_hal_cortex.c.obj
 .debug_aranges
                0x000001e0       0x80 CMakeFiles/project_06_USART_TIM2.elf.dir/Drivers/STM32F1xx_HAL_Driver/Src/stm32f1xx_hal_dma.c.obj
 .debug_aranges
                0x00000260       0x58 CMakeFiles/project_06_USART_TIM2.elf.dir/Drivers/STM32F1xx_HAL_Driver/Src/stm32f1xx_hal_gpio.c.obj
 .debug_aranges
                0x000002b8       0x90 CMakeFiles/project_06_USART_TIM2.elf.dir/Drivers/STM32F1xx_HAL_Driver/Src/stm32f1xx_hal_rcc.c.obj
 .debug_aranges
                0x00000348      0x3a8 CMakeFiles/project_06_USART_TIM2.elf.dir/Drivers/STM32F1xx_HAL_Driver/Src/stm32f1xx_hal_tim.c.obj
 .debug_aranges
                0x000006f0      0x150 CMakeFiles/project_06_USART_TIM2.elf.dir/Drivers/STM32F1xx_HAL_Driver/Src/stm32f1xx_hal_tim_ex.c.obj
 .debug_aranges
                0x00000840      0x1d0 CMakeFiles/project_06_USART_TIM2.elf.dir/Drivers/STM32F1xx_HAL_Driver/Src/stm32f1xx_hal_uart.c.obj
 .debug_aranges
                0x00000a10       0x20 CMakeFiles/project_06_USART_TIM2.elf.dir/Src/gpio.c.obj
 .debug_aranges
                0x00000a30       0x48 CMakeFiles/project_06_USART_TIM2.elf.dir/Src/main.c.obj
 .debug_aranges
                0x00000a78       0x20 CMakeFiles/project_06_USART_TIM2.elf.dir/Src/stm32f1xx_hal_msp.c.obj
 .debug_aranges
                0x00000a98       0x70 CMakeFiles/project_06_USART_TIM2.elf.dir/Src/stm32f1xx_it.c.obj
 .debug_aranges
                0x00000b08       0x20 CMakeFiles/project_06_USART_TIM2.elf.dir/Src/sysmem.c.obj
 .debug_aranges
                0x00000b28       0x28 CMakeFiles/project_06_USART_TIM2.elf.dir/Src/system_stm32f1xx.c.obj
 .debug_aranges
                0x00000b50       0x30 CMakeFiles/project_06_USART_TIM2.elf.dir/Src/tim.c.obj
 .debug_aranges
                0x00000b80       0x30 CMakeFiles/project_06_USART_TIM2.elf.dir/Src/usart.c.obj
 .debug_aranges
                0x00000bb0       0x28 CMakeFiles/project_06_USART_TIM2.elf.dir/Startup/startup_stm32f103vetx.s.obj

.debug_ranges   0x00000000      0xad0
 .debug_ranges  0x00000000       0xd0 CMakeFiles/project_06_USART_TIM2.elf.dir/Drivers/STM32F1xx_HAL_Driver/Src/stm32f1xx_hal.c.obj
 .debug_ranges  0x000000d0       0xf0 CMakeFiles/project_06_USART_TIM2.elf.dir/Drivers/STM32F1xx_HAL_Driver/Src/stm32f1xx_hal_cortex.c.obj
 .debug_ranges  0x000001c0       0x70 CMakeFiles/project_06_USART_TIM2.elf.dir/Drivers/STM32F1xx_HAL_Driver/Src/stm32f1xx_hal_dma.c.obj
 .debug_ranges  0x00000230       0x48 CMakeFiles/project_06_USART_TIM2.elf.dir/Drivers/STM32F1xx_HAL_Driver/Src/stm32f1xx_hal_gpio.c.obj
 .debug_ranges  0x00000278       0x80 CMakeFiles/project_06_USART_TIM2.elf.dir/Drivers/STM32F1xx_HAL_Driver/Src/stm32f1xx_hal_rcc.c.obj
 .debug_ranges  0x000002f8      0x398 CMakeFiles/project_06_USART_TIM2.elf.dir/Drivers/STM32F1xx_HAL_Driver/Src/stm32f1xx_hal_tim.c.obj
 .debug_ranges  0x00000690      0x140 CMakeFiles/project_06_USART_TIM2.elf.dir/Drivers/STM32F1xx_HAL_Driver/Src/stm32f1xx_hal_tim_ex.c.obj
 .debug_ranges  0x000007d0      0x1c0 CMakeFiles/project_06_USART_TIM2.elf.dir/Drivers/STM32F1xx_HAL_Driver/Src/stm32f1xx_hal_uart.c.obj
 .debug_ranges  0x00000990       0x10 CMakeFiles/project_06_USART_TIM2.elf.dir/Src/gpio.c.obj
 .debug_ranges  0x000009a0       0x38 CMakeFiles/project_06_USART_TIM2.elf.dir/Src/main.c.obj
 .debug_ranges  0x000009d8       0x10 CMakeFiles/project_06_USART_TIM2.elf.dir/Src/stm32f1xx_hal_msp.c.obj
 .debug_ranges  0x000009e8       0x60 CMakeFiles/project_06_USART_TIM2.elf.dir/Src/stm32f1xx_it.c.obj
 .debug_ranges  0x00000a48       0x10 CMakeFiles/project_06_USART_TIM2.elf.dir/Src/sysmem.c.obj
 .debug_ranges  0x00000a58       0x18 CMakeFiles/project_06_USART_TIM2.elf.dir/Src/system_stm32f1xx.c.obj
 .debug_ranges  0x00000a70       0x20 CMakeFiles/project_06_USART_TIM2.elf.dir/Src/tim.c.obj
 .debug_ranges  0x00000a90       0x20 CMakeFiles/project_06_USART_TIM2.elf.dir/Src/usart.c.obj
 .debug_ranges  0x00000ab0       0x20 CMakeFiles/project_06_USART_TIM2.elf.dir/Startup/startup_stm32f103vetx.s.obj

.debug_line     0x00000000     0x8457
 .debug_line    0x00000000      0x4d8 CMakeFiles/project_06_USART_TIM2.elf.dir/Drivers/STM32F1xx_HAL_Driver/Src/stm32f1xx_hal.c.obj
 .debug_line    0x000004d8      0x6be CMakeFiles/project_06_USART_TIM2.elf.dir/Drivers/STM32F1xx_HAL_Driver/Src/stm32f1xx_hal_cortex.c.obj
 .debug_line    0x00000b96      0xe2e CMakeFiles/project_06_USART_TIM2.elf.dir/Drivers/STM32F1xx_HAL_Driver/Src/stm32f1xx_hal_dma.c.obj
 .debug_line    0x000019c4      0x5b8 CMakeFiles/project_06_USART_TIM2.elf.dir/Drivers/STM32F1xx_HAL_Driver/Src/stm32f1xx_hal_gpio.c.obj
 .debug_line    0x00001f7c      0x944 CMakeFiles/project_06_USART_TIM2.elf.dir/Drivers/STM32F1xx_HAL_Driver/Src/stm32f1xx_hal_rcc.c.obj
 .debug_line    0x000028c0     0x250b CMakeFiles/project_06_USART_TIM2.elf.dir/Drivers/STM32F1xx_HAL_Driver/Src/stm32f1xx_hal_tim.c.obj
 .debug_line    0x00004dcb      0xd2e CMakeFiles/project_06_USART_TIM2.elf.dir/Drivers/STM32F1xx_HAL_Driver/Src/stm32f1xx_hal_tim_ex.c.obj
 .debug_line    0x00005af9     0x1300 CMakeFiles/project_06_USART_TIM2.elf.dir/Drivers/STM32F1xx_HAL_Driver/Src/stm32f1xx_hal_uart.c.obj
 .debug_line    0x00006df9      0x233 CMakeFiles/project_06_USART_TIM2.elf.dir/Src/gpio.c.obj
 .debug_line    0x0000702c      0x45b CMakeFiles/project_06_USART_TIM2.elf.dir/Src/main.c.obj
 .debug_line    0x00007487      0x20e CMakeFiles/project_06_USART_TIM2.elf.dir/Src/stm32f1xx_hal_msp.c.obj
 .debug_line    0x00007695      0x344 CMakeFiles/project_06_USART_TIM2.elf.dir/Src/stm32f1xx_it.c.obj
 .debug_line    0x000079d9      0x13a CMakeFiles/project_06_USART_TIM2.elf.dir/Src/sysmem.c.obj
 .debug_line    0x00007b13      0x2c1 CMakeFiles/project_06_USART_TIM2.elf.dir/Src/system_stm32f1xx.c.obj
 .debug_line    0x00007dd4      0x2e4 CMakeFiles/project_06_USART_TIM2.elf.dir/Src/tim.c.obj
 .debug_line    0x000080b8      0x301 CMakeFiles/project_06_USART_TIM2.elf.dir/Src/usart.c.obj
 .debug_line    0x000083b9       0x9e CMakeFiles/project_06_USART_TIM2.elf.dir/Startup/startup_stm32f103vetx.s.obj

.debug_str      0x00000000     0x3a3c
 .debug_str     0x00000000      0x8ed CMakeFiles/project_06_USART_TIM2.elf.dir/Drivers/STM32F1xx_HAL_Driver/Src/stm32f1xx_hal.c.obj
                                0x951 (size before relaxing)
 .debug_str     0x000008ed      0x429 CMakeFiles/project_06_USART_TIM2.elf.dir/Drivers/STM32F1xx_HAL_Driver/Src/stm32f1xx_hal_cortex.c.obj
                                0xab8 (size before relaxing)
 .debug_str     0x00000d16      0x40f CMakeFiles/project_06_USART_TIM2.elf.dir/Drivers/STM32F1xx_HAL_Driver/Src/stm32f1xx_hal_dma.c.obj
                                0x716 (size before relaxing)
 .debug_str     0x00001125      0x1e9 CMakeFiles/project_06_USART_TIM2.elf.dir/Drivers/STM32F1xx_HAL_Driver/Src/stm32f1xx_hal_gpio.c.obj
                                0x525 (size before relaxing)
 .debug_str     0x0000130e      0x349 CMakeFiles/project_06_USART_TIM2.elf.dir/Drivers/STM32F1xx_HAL_Driver/Src/stm32f1xx_hal_rcc.c.obj
                                0x6e0 (size before relaxing)
 .debug_str     0x00001657      0xfe4 CMakeFiles/project_06_USART_TIM2.elf.dir/Drivers/STM32F1xx_HAL_Driver/Src/stm32f1xx_hal_tim.c.obj
                               0x1503 (size before relaxing)
 .debug_str     0x0000263b      0x598 CMakeFiles/project_06_USART_TIM2.elf.dir/Drivers/STM32F1xx_HAL_Driver/Src/stm32f1xx_hal_tim_ex.c.obj
                                0xd03 (size before relaxing)
 .debug_str     0x00002bd3      0x6fc CMakeFiles/project_06_USART_TIM2.elf.dir/Drivers/STM32F1xx_HAL_Driver/Src/stm32f1xx_hal_uart.c.obj
                                0xc27 (size before relaxing)
 .debug_str     0x000032cf       0x4a CMakeFiles/project_06_USART_TIM2.elf.dir/Src/gpio.c.obj
                                0x37d (size before relaxing)
 .debug_str     0x00003319      0x440 CMakeFiles/project_06_USART_TIM2.elf.dir/Src/main.c.obj
                                0xe09 (size before relaxing)
 .debug_str     0x00003759       0x3a CMakeFiles/project_06_USART_TIM2.elf.dir/Src/stm32f1xx_hal_msp.c.obj
                                0x33f (size before relaxing)
 .debug_str     0x00003793       0xe7 CMakeFiles/project_06_USART_TIM2.elf.dir/Src/stm32f1xx_it.c.obj
                                0x8ef (size before relaxing)
 .debug_str     0x0000387a       0x71 CMakeFiles/project_06_USART_TIM2.elf.dir/Src/sysmem.c.obj
                                0x5f5 (size before relaxing)
 .debug_str     0x000038eb       0x6c CMakeFiles/project_06_USART_TIM2.elf.dir/Src/system_stm32f1xx.c.obj
                                0x394 (size before relaxing)
 .debug_str     0x00003957       0x48 CMakeFiles/project_06_USART_TIM2.elf.dir/Src/tim.c.obj
                                0xb7f (size before relaxing)
 .debug_str     0x0000399f       0x4d CMakeFiles/project_06_USART_TIM2.elf.dir/Src/usart.c.obj
                                0xb00 (size before relaxing)
 .debug_str     0x000039ec       0x50 CMakeFiles/project_06_USART_TIM2.elf.dir/Startup/startup_stm32f103vetx.s.obj
                                 0x84 (size before relaxing)

.comment        0x00000000       0x79
 .comment       0x00000000       0x79 CMakeFiles/project_06_USART_TIM2.elf.dir/Drivers/STM32F1xx_HAL_Driver/Src/stm32f1xx_hal.c.obj
                                 0x7a (size before relaxing)
 .comment       0x00000079       0x7a CMakeFiles/project_06_USART_TIM2.elf.dir/Drivers/STM32F1xx_HAL_Driver/Src/stm32f1xx_hal_cortex.c.obj
 .comment       0x00000079       0x7a CMakeFiles/project_06_USART_TIM2.elf.dir/Drivers/STM32F1xx_HAL_Driver/Src/stm32f1xx_hal_dma.c.obj
 .comment       0x00000079       0x7a CMakeFiles/project_06_USART_TIM2.elf.dir/Drivers/STM32F1xx_HAL_Driver/Src/stm32f1xx_hal_gpio.c.obj
 .comment       0x00000079       0x7a CMakeFiles/project_06_USART_TIM2.elf.dir/Drivers/STM32F1xx_HAL_Driver/Src/stm32f1xx_hal_rcc.c.obj
 .comment       0x00000079       0x7a CMakeFiles/project_06_USART_TIM2.elf.dir/Drivers/STM32F1xx_HAL_Driver/Src/stm32f1xx_hal_tim.c.obj
 .comment       0x00000079       0x7a CMakeFiles/project_06_USART_TIM2.elf.dir/Drivers/STM32F1xx_HAL_Driver/Src/stm32f1xx_hal_tim_ex.c.obj
 .comment       0x00000079       0x7a CMakeFiles/project_06_USART_TIM2.elf.dir/Drivers/STM32F1xx_HAL_Driver/Src/stm32f1xx_hal_uart.c.obj
 .comment       0x00000079       0x7a CMakeFiles/project_06_USART_TIM2.elf.dir/Src/gpio.c.obj
 .comment       0x00000079       0x7a CMakeFiles/project_06_USART_TIM2.elf.dir/Src/main.c.obj
 .comment       0x00000079       0x7a CMakeFiles/project_06_USART_TIM2.elf.dir/Src/stm32f1xx_hal_msp.c.obj
 .comment       0x00000079       0x7a CMakeFiles/project_06_USART_TIM2.elf.dir/Src/stm32f1xx_it.c.obj
 .comment       0x00000079       0x7a CMakeFiles/project_06_USART_TIM2.elf.dir/Src/sysmem.c.obj
 .comment       0x00000079       0x7a CMakeFiles/project_06_USART_TIM2.elf.dir/Src/system_stm32f1xx.c.obj
 .comment       0x00000079       0x7a CMakeFiles/project_06_USART_TIM2.elf.dir/Src/tim.c.obj
 .comment       0x00000079       0x7a CMakeFiles/project_06_USART_TIM2.elf.dir/Src/usart.c.obj

.debug_frame    0x00000000     0x3c80
 .debug_frame   0x00000000      0x334 CMakeFiles/project_06_USART_TIM2.elf.dir/Drivers/STM32F1xx_HAL_Driver/Src/stm32f1xx_hal.c.obj
 .debug_frame   0x00000334      0x428 CMakeFiles/project_06_USART_TIM2.elf.dir/Drivers/STM32F1xx_HAL_Driver/Src/stm32f1xx_hal_cortex.c.obj
 .debug_frame   0x0000075c      0x20c CMakeFiles/project_06_USART_TIM2.elf.dir/Drivers/STM32F1xx_HAL_Driver/Src/stm32f1xx_hal_dma.c.obj
 .debug_frame   0x00000968      0x14c CMakeFiles/project_06_USART_TIM2.elf.dir/Drivers/STM32F1xx_HAL_Driver/Src/stm32f1xx_hal_gpio.c.obj
 .debug_frame   0x00000ab4      0x21c CMakeFiles/project_06_USART_TIM2.elf.dir/Drivers/STM32F1xx_HAL_Driver/Src/stm32f1xx_hal_rcc.c.obj
 .debug_frame   0x00000cd0     0x10f0 CMakeFiles/project_06_USART_TIM2.elf.dir/Drivers/STM32F1xx_HAL_Driver/Src/stm32f1xx_hal_tim.c.obj
 .debug_frame   0x00001dc0      0x5c0 CMakeFiles/project_06_USART_TIM2.elf.dir/Drivers/STM32F1xx_HAL_Driver/Src/stm32f1xx_hal_tim_ex.c.obj
 .debug_frame   0x00002380      0x834 CMakeFiles/project_06_USART_TIM2.elf.dir/Drivers/STM32F1xx_HAL_Driver/Src/stm32f1xx_hal_uart.c.obj
 .debug_frame   0x00002bb4       0x34 CMakeFiles/project_06_USART_TIM2.elf.dir/Src/gpio.c.obj
 .debug_frame   0x00002be8       0xd8 CMakeFiles/project_06_USART_TIM2.elf.dir/Src/main.c.obj
 .debug_frame   0x00002cc0       0x38 CMakeFiles/project_06_USART_TIM2.elf.dir/Src/stm32f1xx_hal_msp.c.obj
 .debug_frame   0x00002cf8      0x144 CMakeFiles/project_06_USART_TIM2.elf.dir/Src/stm32f1xx_it.c.obj
 .debug_frame   0x00002e3c       0x34 CMakeFiles/project_06_USART_TIM2.elf.dir/Src/sysmem.c.obj
 .debug_frame   0x00002e70       0x58 CMakeFiles/project_06_USART_TIM2.elf.dir/Src/system_stm32f1xx.c.obj
 .debug_frame   0x00002ec8       0x7c CMakeFiles/project_06_USART_TIM2.elf.dir/Src/tim.c.obj
 .debug_frame   0x00002f44       0x74 CMakeFiles/project_06_USART_TIM2.elf.dir/Src/usart.c.obj
 .debug_frame   0x00002fb8       0x20 d:/scm/gnutoo~1/92019-~1/bin/../lib/gcc/arm-none-eabi/9.2.1/../../../../arm-none-eabi/lib/thumb/v7-m/nofp\libg.a(lib_a-errno.o)
 .debug_frame   0x00002fd8       0x2c d:/scm/gnutoo~1/92019-~1/bin/../lib/gcc/arm-none-eabi/9.2.1/../../../../arm-none-eabi/lib/thumb/v7-m/nofp\libg.a(lib_a-init.o)
 .debug_frame   0x00003004       0x38 d:/scm/gnutoo~1/92019-~1/bin/../lib/gcc/arm-none-eabi/9.2.1/../../../../arm-none-eabi/lib/thumb/v7-m/nofp\libg.a(lib_a-memset.o)
 .debug_frame   0x0000303c       0x7c d:/scm/gnutoo~1/92019-~1/bin/../lib/gcc/arm-none-eabi/9.2.1/../../../../arm-none-eabi/lib/thumb/v7-m/nofp\libg.a(lib_a-sprintf.o)
 .debug_frame   0x000030b8       0x44 d:/scm/gnutoo~1/92019-~1/bin/../lib/gcc/arm-none-eabi/9.2.1/../../../../arm-none-eabi/lib/thumb/v7-m/nofp\libg.a(lib_a-svfprintf.o)
 .debug_frame   0x000030fc       0x5c d:/scm/gnutoo~1/92019-~1/bin/../lib/gcc/arm-none-eabi/9.2.1/../../../../arm-none-eabi/lib/thumb/v7-m/nofp\libg.a(lib_a-__call_atexit.o)
 .debug_frame   0x00003158       0x20 d:/scm/gnutoo~1/92019-~1/bin/../lib/gcc/arm-none-eabi/9.2.1/../../../../arm-none-eabi/lib/thumb/v7-m/nofp\libg.a(lib_a-atexit.o)
 .debug_frame   0x00003178       0x8c d:/scm/gnutoo~1/92019-~1/bin/../lib/gcc/arm-none-eabi/9.2.1/../../../../arm-none-eabi/lib/thumb/v7-m/nofp\libg.a(lib_a-dtoa.o)
 .debug_frame   0x00003204       0x34 d:/scm/gnutoo~1/92019-~1/bin/../lib/gcc/arm-none-eabi/9.2.1/../../../../arm-none-eabi/lib/thumb/v7-m/nofp\libg.a(lib_a-fini.o)
 .debug_frame   0x00003238       0x8c d:/scm/gnutoo~1/92019-~1/bin/../lib/gcc/arm-none-eabi/9.2.1/../../../../arm-none-eabi/lib/thumb/v7-m/nofp\libg.a(lib_a-freer.o)
 .debug_frame   0x000032c4       0x40 d:/scm/gnutoo~1/92019-~1/bin/../lib/gcc/arm-none-eabi/9.2.1/../../../../arm-none-eabi/lib/thumb/v7-m/nofp\libg.a(lib_a-localeconv.o)
 .debug_frame   0x00003304       0xb0 d:/scm/gnutoo~1/92019-~1/bin/../lib/gcc/arm-none-eabi/9.2.1/../../../../arm-none-eabi/lib/thumb/v7-m/nofp\libg.a(lib_a-lock.o)
 .debug_frame   0x000033b4       0x4c d:/scm/gnutoo~1/92019-~1/bin/../lib/gcc/arm-none-eabi/9.2.1/../../../../arm-none-eabi/lib/thumb/v7-m/nofp\libg.a(lib_a-mallocr.o)
 .debug_frame   0x00003400       0x44 d:/scm/gnutoo~1/92019-~1/bin/../lib/gcc/arm-none-eabi/9.2.1/../../../../arm-none-eabi/lib/thumb/v7-m/nofp\libg.a(lib_a-memchr-stub.o)
 .debug_frame   0x00003444       0x30 d:/scm/gnutoo~1/92019-~1/bin/../lib/gcc/arm-none-eabi/9.2.1/../../../../arm-none-eabi/lib/thumb/v7-m/nofp\libg.a(lib_a-mlock.o)
 .debug_frame   0x00003474      0x25c d:/scm/gnutoo~1/92019-~1/bin/../lib/gcc/arm-none-eabi/9.2.1/../../../../arm-none-eabi/lib/thumb/v7-m/nofp\libg.a(lib_a-mprec.o)
 .debug_frame   0x000036d0       0x30 d:/scm/gnutoo~1/92019-~1/bin/../lib/gcc/arm-none-eabi/9.2.1/../../../../arm-none-eabi/lib/thumb/v7-m/nofp\libg.a(lib_a-s_frexp.o)
 .debug_frame   0x00003700       0x2c d:/scm/gnutoo~1/92019-~1/bin/../lib/gcc/arm-none-eabi/9.2.1/../../../../arm-none-eabi/lib/thumb/v7-m/nofp\libg.a(lib_a-sbrkr.o)
 .debug_frame   0x0000372c       0x20 d:/scm/gnutoo~1/92019-~1/bin/../lib/gcc/arm-none-eabi/9.2.1/../../../../arm-none-eabi/lib/thumb/v7-m/nofp\libg.a(lib_a-strlen-stub.o)
 .debug_frame   0x0000374c       0x38 d:/scm/gnutoo~1/92019-~1/bin/../lib/gcc/arm-none-eabi/9.2.1/../../../../arm-none-eabi/lib/thumb/v7-m/nofp\libg.a(lib_a-strncpy.o)
 .debug_frame   0x00003784       0x78 d:/scm/gnutoo~1/92019-~1/bin/../lib/gcc/arm-none-eabi/9.2.1/../../../../arm-none-eabi/lib/thumb/v7-m/nofp\libg.a(lib_a-svfiprintf.o)
 .debug_frame   0x000037fc       0x34 d:/scm/gnutoo~1/92019-~1/bin/../lib/gcc/arm-none-eabi/9.2.1/../../../../arm-none-eabi/lib/thumb/v7-m/nofp\libg.a(lib_a-__atexit.o)
 .debug_frame   0x00003830       0x28 d:/scm/gnutoo~1/92019-~1/bin/../lib/gcc/arm-none-eabi/9.2.1/../../../../arm-none-eabi/lib/thumb/v7-m/nofp\libg.a(lib_a-callocr.o)
 .debug_frame   0x00003858       0x54 d:/scm/gnutoo~1/92019-~1/bin/../lib/gcc/arm-none-eabi/9.2.1/../../../../arm-none-eabi/lib/thumb/v7-m/nofp\libg.a(lib_a-locale.o)
 .debug_frame   0x000038ac       0x4c d:/scm/gnutoo~1/92019-~1/bin/../lib/gcc/arm-none-eabi/9.2.1/../../../../arm-none-eabi/lib/thumb/v7-m/nofp\libg.a(lib_a-mbtowc_r.o)
 .debug_frame   0x000038f8       0x40 d:/scm/gnutoo~1/92019-~1/bin/../lib/gcc/arm-none-eabi/9.2.1/../../../../arm-none-eabi/lib/thumb/v7-m/nofp\libg.a(lib_a-memmove.o)
 .debug_frame   0x00003938       0x48 d:/scm/gnutoo~1/92019-~1/bin/../lib/gcc/arm-none-eabi/9.2.1/../../../../arm-none-eabi/lib/thumb/v7-m/nofp\libg.a(lib_a-reallocr.o)
 .debug_frame   0x00003980       0x60 d:/scm/gnutoo~1/92019-~1/bin/../lib/gcc/arm-none-eabi/9.2.1/../../../../arm-none-eabi/lib/thumb/v7-m/nofp\libg.a(lib_a-reent.o)
 .debug_frame   0x000039e0       0x3c d:/scm/gnutoo~1/92019-~1/bin/../lib/gcc/arm-none-eabi/9.2.1/../../../../arm-none-eabi/lib/thumb/v7-m/nofp\libg.a(lib_a-wctomb_r.o)
 .debug_frame   0x00003a1c       0xac d:/scm/gnutoo~1/92019-~1/bin/../lib/gcc/arm-none-eabi/9.2.1/thumb/v7-m/nofp\libgcc.a(_arm_addsubdf3.o)
 .debug_frame   0x00003ac8       0x50 d:/scm/gnutoo~1/92019-~1/bin/../lib/gcc/arm-none-eabi/9.2.1/thumb/v7-m/nofp\libgcc.a(_arm_muldivdf3.o)
 .debug_frame   0x00003b18       0xc4 d:/scm/gnutoo~1/92019-~1/bin/../lib/gcc/arm-none-eabi/9.2.1/thumb/v7-m/nofp\libgcc.a(_arm_cmpdf2.o)
 .debug_frame   0x00003bdc       0x20 d:/scm/gnutoo~1/92019-~1/bin/../lib/gcc/arm-none-eabi/9.2.1/thumb/v7-m/nofp\libgcc.a(_arm_unorddf2.o)
 .debug_frame   0x00003bfc       0x24 d:/scm/gnutoo~1/92019-~1/bin/../lib/gcc/arm-none-eabi/9.2.1/thumb/v7-m/nofp\libgcc.a(_arm_fixdfsi.o)
 .debug_frame   0x00003c20       0x2c d:/scm/gnutoo~1/92019-~1/bin/../lib/gcc/arm-none-eabi/9.2.1/thumb/v7-m/nofp\libgcc.a(_aeabi_uldivmod.o)
 .debug_frame   0x00003c4c       0x34 d:/scm/gnutoo~1/92019-~1/bin/../lib/gcc/arm-none-eabi/9.2.1/thumb/v7-m/nofp\libgcc.a(_udivmoddi4.o)
