Archive member included to satisfy reference by file (symbol)

d:/scm/gnutoo~1/92019-~1/bin/../lib/gcc/arm-none-eabi/9.2.1/../../../../arm-none-eabi/lib/thumb/v7-m/nofp\libg.a(lib_a-errno.o)
                              CMakeFiles/project_07_PWM.elf.dir/Src/syscalls.c.obj (__errno)
d:/scm/gnutoo~1/92019-~1/bin/../lib/gcc/arm-none-eabi/9.2.1/../../../../arm-none-eabi/lib/thumb/v7-m/nofp\libg.a(lib_a-exit.o)
                              d:/scm/gnutoo~1/92019-~1/bin/../lib/gcc/arm-none-eabi/9.2.1/../../../../arm-none-eabi/lib/thumb/v7-m/nofp/crt0.o (exit)
d:/scm/gnutoo~1/92019-~1/bin/../lib/gcc/arm-none-eabi/9.2.1/../../../../arm-none-eabi/lib/thumb/v7-m/nofp\libg.a(lib_a-impure.o)
                              d:/scm/gnutoo~1/92019-~1/bin/../lib/gcc/arm-none-eabi/9.2.1/../../../../arm-none-eabi/lib/thumb/v7-m/nofp\libg.a(lib_a-exit.o) (_global_impure_ptr)
d:/scm/gnutoo~1/92019-~1/bin/../lib/gcc/arm-none-eabi/9.2.1/../../../../arm-none-eabi/lib/thumb/v7-m/nofp\libg.a(lib_a-init.o)
                              d:/scm/gnutoo~1/92019-~1/bin/../lib/gcc/arm-none-eabi/9.2.1/../../../../arm-none-eabi/lib/thumb/v7-m/nofp/crt0.o (__libc_init_array)
d:/scm/gnutoo~1/92019-~1/bin/../lib/gcc/arm-none-eabi/9.2.1/../../../../arm-none-eabi/lib/thumb/v7-m/nofp\libg.a(lib_a-memset.o)
                              d:/scm/gnutoo~1/92019-~1/bin/../lib/gcc/arm-none-eabi/9.2.1/../../../../arm-none-eabi/lib/thumb/v7-m/nofp/crt0.o (memset)
d:/scm/gnutoo~1/92019-~1/bin/../lib/gcc/arm-none-eabi/9.2.1/../../../../arm-none-eabi/lib/thumb/v7-m/nofp\libg.a(lib_a-__call_atexit.o)
                              d:/scm/gnutoo~1/92019-~1/bin/../lib/gcc/arm-none-eabi/9.2.1/../../../../arm-none-eabi/lib/thumb/v7-m/nofp\libg.a(lib_a-exit.o) (__call_exitprocs)
d:/scm/gnutoo~1/92019-~1/bin/../lib/gcc/arm-none-eabi/9.2.1/../../../../arm-none-eabi/lib/thumb/v7-m/nofp\libg.a(lib_a-atexit.o)
                              d:/scm/gnutoo~1/92019-~1/bin/../lib/gcc/arm-none-eabi/9.2.1/../../../../arm-none-eabi/lib/thumb/v7-m/nofp\libg.a(lib_a-__call_atexit.o) (atexit)
d:/scm/gnutoo~1/92019-~1/bin/../lib/gcc/arm-none-eabi/9.2.1/../../../../arm-none-eabi/lib/thumb/v7-m/nofp\libg.a(lib_a-fini.o)
                              d:/scm/gnutoo~1/92019-~1/bin/../lib/gcc/arm-none-eabi/9.2.1/../../../../arm-none-eabi/lib/thumb/v7-m/nofp\libg.a(lib_a-__call_atexit.o) (__libc_fini_array)
d:/scm/gnutoo~1/92019-~1/bin/../lib/gcc/arm-none-eabi/9.2.1/../../../../arm-none-eabi/lib/thumb/v7-m/nofp\libg.a(lib_a-lock.o)
                              d:/scm/gnutoo~1/92019-~1/bin/../lib/gcc/arm-none-eabi/9.2.1/../../../../arm-none-eabi/lib/thumb/v7-m/nofp\libg.a(lib_a-__call_atexit.o) (__retarget_lock_acquire_recursive)
d:/scm/gnutoo~1/92019-~1/bin/../lib/gcc/arm-none-eabi/9.2.1/../../../../arm-none-eabi/lib/thumb/v7-m/nofp\libg.a(lib_a-__atexit.o)
                              d:/scm/gnutoo~1/92019-~1/bin/../lib/gcc/arm-none-eabi/9.2.1/../../../../arm-none-eabi/lib/thumb/v7-m/nofp\libg.a(lib_a-atexit.o) (__register_exitproc)

Allocating common symbols
Common symbol       size              file

__lock___atexit_recursive_mutex
                    0x1               d:/scm/gnutoo~1/92019-~1/bin/../lib/gcc/arm-none-eabi/9.2.1/../../../../arm-none-eabi/lib/thumb/v7-m/nofp\libg.a(lib_a-lock.o)
__lock___arc4random_mutex
                    0x1               d:/scm/gnutoo~1/92019-~1/bin/../lib/gcc/arm-none-eabi/9.2.1/../../../../arm-none-eabi/lib/thumb/v7-m/nofp\libg.a(lib_a-lock.o)
__lock___env_recursive_mutex
                    0x1               d:/scm/gnutoo~1/92019-~1/bin/../lib/gcc/arm-none-eabi/9.2.1/../../../../arm-none-eabi/lib/thumb/v7-m/nofp\libg.a(lib_a-lock.o)
__lock___sinit_recursive_mutex
                    0x1               d:/scm/gnutoo~1/92019-~1/bin/../lib/gcc/arm-none-eabi/9.2.1/../../../../arm-none-eabi/lib/thumb/v7-m/nofp\libg.a(lib_a-lock.o)
__lock___malloc_recursive_mutex
                    0x1               d:/scm/gnutoo~1/92019-~1/bin/../lib/gcc/arm-none-eabi/9.2.1/../../../../arm-none-eabi/lib/thumb/v7-m/nofp\libg.a(lib_a-lock.o)
__lock___at_quick_exit_mutex
                    0x1               d:/scm/gnutoo~1/92019-~1/bin/../lib/gcc/arm-none-eabi/9.2.1/../../../../arm-none-eabi/lib/thumb/v7-m/nofp\libg.a(lib_a-lock.o)
__lock___dd_hash_mutex
                    0x1               d:/scm/gnutoo~1/92019-~1/bin/../lib/gcc/arm-none-eabi/9.2.1/../../../../arm-none-eabi/lib/thumb/v7-m/nofp\libg.a(lib_a-lock.o)
__lock___tz_mutex   0x1               d:/scm/gnutoo~1/92019-~1/bin/../lib/gcc/arm-none-eabi/9.2.1/../../../../arm-none-eabi/lib/thumb/v7-m/nofp\libg.a(lib_a-lock.o)
__lock___sfp_recursive_mutex
                    0x1               d:/scm/gnutoo~1/92019-~1/bin/../lib/gcc/arm-none-eabi/9.2.1/../../../../arm-none-eabi/lib/thumb/v7-m/nofp\libg.a(lib_a-lock.o)

Discarded input sections

 .text          0x00000000        0x0 d:/scm/gnutoo~1/92019-~1/bin/../lib/gcc/arm-none-eabi/9.2.1/thumb/v7-m/nofp/crti.o
[...]
Memory Configuration

Name             Origin             Length             Attributes
RAM              0x20000000         0x00010000         xrw
FLASH            0x08000000         0x00080000         xr
*default*        0x00000000         0xffffffff

Linker script and memory map

LOAD d:/scm/gnutoo~1/92019-~1/bin/../lib/gcc/arm-none-eabi/9.2.1/thumb/v7-m/nofp/crti.o
LOAD d:/scm/gnutoo~1/92019-~1/bin/../lib/gcc/arm-none-eabi/9.2.1/thumb/v7-m/nofp/crtbegin.o
LOAD d:/scm/gnutoo~1/92019-~1/bin/../lib/gcc/arm-none-eabi/9.2.1/../../../../arm-none-eabi/lib/thumb/v7-m/nofp/crt0.o
LOAD CMakeFiles/project_07_PWM.elf.dir/Drivers/STM32F1xx_HAL_Driver/Src/stm32f1xx_hal.c.obj
LOAD CMakeFiles/project_07_PWM.elf.dir/Drivers/STM32F1xx_HAL_Driver/Src/stm32f1xx_hal_cortex.c.obj
LOAD CMakeFiles/project_07_PWM.elf.dir/Drivers/STM32F1xx_HAL_Driver/Src/stm32f1xx_hal_dma.c.obj
LOAD CMakeFiles/project_07_PWM.elf.dir/Drivers/STM32F1xx_HAL_Driver/Src/stm32f1xx_hal_exti.c.obj
LOAD CMakeFiles/project_07_PWM.elf.dir/Drivers/STM32F1xx_HAL_Driver/Src/stm32f1xx_hal_flash.c.obj
LOAD CMakeFiles/project_07_PWM.elf.dir/Drivers/STM32F1xx_HAL_Driver/Src/stm32f1xx_hal_flash_ex.c.obj
LOAD CMakeFiles/project_07_PWM.elf.dir/Drivers/STM32F1xx_HAL_Driver/Src/stm32f1xx_hal_gpio.c.obj
LOAD CMakeFiles/project_07_PWM.elf.dir/Drivers/STM32F1xx_HAL_Driver/Src/stm32f1xx_hal_gpio_ex.c.obj
LOAD CMakeFiles/project_07_PWM.elf.dir/Drivers/STM32F1xx_HAL_Driver/Src/stm32f1xx_hal_pwr.c.obj
LOAD CMakeFiles/project_07_PWM.elf.dir/Drivers/STM32F1xx_HAL_Driver/Src/stm32f1xx_hal_rcc.c.obj
LOAD CMakeFiles/project_07_PWM.elf.dir/Drivers/STM32F1xx_HAL_Driver/Src/stm32f1xx_hal_rcc_ex.c.obj
LOAD CMakeFiles/project_07_PWM.elf.dir/Drivers/STM32F1xx_HAL_Driver/Src/stm32f1xx_hal_tim.c.obj
LOAD CMakeFiles/project_07_PWM.elf.dir/Drivers/STM32F1xx_HAL_Driver/Src/stm32f1xx_hal_tim_ex.c.obj
LOAD CMakeFiles/project_07_PWM.elf.dir/Src/gpio.c.obj
LOAD CMakeFiles/project_07_PWM.elf.dir/Src/main.c.obj
LOAD CMakeFiles/project_07_PWM.elf.dir/Src/stm32f1xx_hal_msp.c.obj
LOAD CMakeFiles/project_07_PWM.elf.dir/Src/stm32f1xx_it.c.obj
LOAD CMakeFiles/project_07_PWM.elf.dir/Src/syscalls.c.obj
LOAD CMakeFiles/project_07_PWM.elf.dir/Src/sysmem.c.obj
LOAD CMakeFiles/project_07_PWM.elf.dir/Src/system_stm32f1xx.c.obj
LOAD CMakeFiles/project_07_PWM.elf.dir/Src/tim.c.obj
LOAD CMakeFiles/project_07_PWM.elf.dir/Startup/startup_stm32f103vetx.s.obj
START GROUP
LOAD d:/scm/gnutoo~1/92019-~1/bin/../lib/gcc/arm-none-eabi/9.2.1/thumb/v7-m/nofp\libgcc.a
LOAD d:/scm/gnutoo~1/92019-~1/bin/../lib/gcc/arm-none-eabi/9.2.1/../../../../arm-none-eabi/lib/thumb/v7-m/nofp\libg.a
LOAD d:/scm/gnutoo~1/92019-~1/bin/../lib/gcc/arm-none-eabi/9.2.1/../../../../arm-none-eabi/lib/thumb/v7-m/nofp\libc.a
END GROUP
LOAD d:/scm/gnutoo~1/92019-~1/bin/../lib/gcc/arm-none-eabi/9.2.1/thumb/v7-m/nofp/crtend.o
LOAD d:/scm/gnutoo~1/92019-~1/bin/../lib/gcc/arm-none-eabi/9.2.1/thumb/v7-m/nofp/crtn.o
                0x20010000                _estack = 0x20010000
                0x00000200                _Min_Heap_Size = 0x200
                0x00000400                _Min_Stack_Size = 0x400

.isr_vector     0x08000000      0x1e4
                0x08000000                . = ALIGN (0x4)
 *(.isr_vector)
 .isr_vector    0x08000000      0x1e4 CMakeFiles/project_07_PWM.elf.dir/Startup/startup_stm32f103vetx.s.obj
                0x08000000                g_pfnVectors
                0x080001e4                . = ALIGN (0x4)

.text           0x080001e4     0x2050
                0x080001e4                . = ALIGN (0x4)
 *(.text)
 .text          0x080001e4       0x40 d:/scm/gnutoo~1/92019-~1/bin/../lib/gcc/arm-none-eabi/9.2.1/thumb/v7-m/nofp/crtbegin.o
 *(.text*)
 .text.HAL_Init
                0x08000224       0x2c CMakeFiles/project_07_PWM.elf.dir/Drivers/STM32F1xx_HAL_Driver/Src/stm32f1xx_hal.c.obj
                0x08000224                HAL_Init
 .text.HAL_InitTick
                0x08000250       0x60 CMakeFiles/project_07_PWM.elf.dir/Drivers/STM32F1xx_HAL_Driver/Src/stm32f1xx_hal.c.obj
                0x08000250                HAL_InitTick
 .text.HAL_IncTick
                0x080002b0       0x24 CMakeFiles/project_07_PWM.elf.dir/Drivers/STM32F1xx_HAL_Driver/Src/stm32f1xx_hal.c.obj
                0x080002b0                HAL_IncTick
 .text.HAL_GetTick
                0x080002d4       0x14 CMakeFiles/project_07_PWM.elf.dir/Drivers/STM32F1xx_HAL_Driver/Src/stm32f1xx_hal.c.obj
                0x080002d4                HAL_GetTick
 .text.HAL_Delay
                0x080002e8       0x48 CMakeFiles/project_07_PWM.elf.dir/Drivers/STM32F1xx_HAL_Driver/Src/stm32f1xx_hal.c.obj
                0x080002e8                HAL_Delay
 .text.__NVIC_SetPriorityGrouping
                0x08000330       0x48 CMakeFiles/project_07_PWM.elf.dir/Drivers/STM32F1xx_HAL_Driver/Src/stm32f1xx_hal_cortex.c.obj
 .text.__NVIC_GetPriorityGrouping
                0x08000378       0x1c CMakeFiles/project_07_PWM.elf.dir/Drivers/STM32F1xx_HAL_Driver/Src/stm32f1xx_hal_cortex.c.obj
 .text.__NVIC_EnableIRQ
                0x08000394       0x38 CMakeFiles/project_07_PWM.elf.dir/Drivers/STM32F1xx_HAL_Driver/Src/stm32f1xx_hal_cortex.c.obj
 .text.__NVIC_SetPriority
                0x080003cc       0x54 CMakeFiles/project_07_PWM.elf.dir/Drivers/STM32F1xx_HAL_Driver/Src/stm32f1xx_hal_cortex.c.obj
 .text.NVIC_EncodePriority
                0x08000420       0x64 CMakeFiles/project_07_PWM.elf.dir/Drivers/STM32F1xx_HAL_Driver/Src/stm32f1xx_hal_cortex.c.obj
 .text.SysTick_Config
                0x08000484       0x44 CMakeFiles/project_07_PWM.elf.dir/Drivers/STM32F1xx_HAL_Driver/Src/stm32f1xx_hal_cortex.c.obj
 .text.HAL_NVIC_SetPriorityGrouping
                0x080004c8       0x16 CMakeFiles/project_07_PWM.elf.dir/Drivers/STM32F1xx_HAL_Driver/Src/stm32f1xx_hal_cortex.c.obj
                0x080004c8                HAL_NVIC_SetPriorityGrouping
 .text.HAL_NVIC_SetPriority
                0x080004de       0x38 CMakeFiles/project_07_PWM.elf.dir/Drivers/STM32F1xx_HAL_Driver/Src/stm32f1xx_hal_cortex.c.obj
                0x080004de                HAL_NVIC_SetPriority
 .text.HAL_NVIC_EnableIRQ
                0x08000516       0x1c CMakeFiles/project_07_PWM.elf.dir/Drivers/STM32F1xx_HAL_Driver/Src/stm32f1xx_hal_cortex.c.obj
                0x08000516                HAL_NVIC_EnableIRQ
 .text.HAL_SYSTICK_Config
                0x08000532       0x18 CMakeFiles/project_07_PWM.elf.dir/Drivers/STM32F1xx_HAL_Driver/Src/stm32f1xx_hal_cortex.c.obj
                0x08000532                HAL_SYSTICK_Config
 *fill*         0x0800054a        0x2 
 .text.HAL_GPIO_Init
                0x0800054c      0x328 CMakeFiles/project_07_PWM.elf.dir/Drivers/STM32F1xx_HAL_Driver/Src/stm32f1xx_hal_gpio.c.obj
                0x0800054c                HAL_GPIO_Init
 .text.HAL_GPIO_EXTI_IRQHandler
                0x08000874       0x30 CMakeFiles/project_07_PWM.elf.dir/Drivers/STM32F1xx_HAL_Driver/Src/stm32f1xx_hal_gpio.c.obj
                0x08000874                HAL_GPIO_EXTI_IRQHandler
 .text.HAL_RCC_OscConfig
                0x080008a4      0x500 CMakeFiles/project_07_PWM.elf.dir/Drivers/STM32F1xx_HAL_Driver/Src/stm32f1xx_hal_rcc.c.obj
                0x080008a4                HAL_RCC_OscConfig
 .text.HAL_RCC_ClockConfig
                0x08000da4      0x1d4 CMakeFiles/project_07_PWM.elf.dir/Drivers/STM32F1xx_HAL_Driver/Src/stm32f1xx_hal_rcc.c.obj
                0x08000da4                HAL_RCC_ClockConfig
 .text.HAL_RCC_GetSysClockFreq
                0x08000f78       0xc0 CMakeFiles/project_07_PWM.elf.dir/Drivers/STM32F1xx_HAL_Driver/Src/stm32f1xx_hal_rcc.c.obj
                0x08000f78                HAL_RCC_GetSysClockFreq
 .text.RCC_Delay
                0x08001038       0x3c CMakeFiles/project_07_PWM.elf.dir/Drivers/STM32F1xx_HAL_Driver/Src/stm32f1xx_hal_rcc.c.obj
 .text.HAL_TIM_Base_Init
                0x08001074       0x56 CMakeFiles/project_07_PWM.elf.dir/Drivers/STM32F1xx_HAL_Driver/Src/stm32f1xx_hal_tim.c.obj
                0x08001074                HAL_TIM_Base_Init
 .text.HAL_TIM_PWM_Init
                0x080010ca       0x56 CMakeFiles/project_07_PWM.elf.dir/Drivers/STM32F1xx_HAL_Driver/Src/stm32f1xx_hal_tim.c.obj
                0x080010ca                HAL_TIM_PWM_Init
 .text.HAL_TIM_PWM_MspInit
                0x08001120       0x12 CMakeFiles/project_07_PWM.elf.dir/Drivers/STM32F1xx_HAL_Driver/Src/stm32f1xx_hal_tim.c.obj
                0x08001120                HAL_TIM_PWM_MspInit
 *fill*         0x08001132        0x2 
 .text.HAL_TIM_PWM_Start
                0x08001134       0x7c CMakeFiles/project_07_PWM.elf.dir/Drivers/STM32F1xx_HAL_Driver/Src/stm32f1xx_hal_tim.c.obj
                0x08001134                HAL_TIM_PWM_Start
 .text.HAL_TIM_PWM_ConfigChannel
                0x080011b0      0x18c CMakeFiles/project_07_PWM.elf.dir/Drivers/STM32F1xx_HAL_Driver/Src/stm32f1xx_hal_tim.c.obj
                0x080011b0                HAL_TIM_PWM_ConfigChannel
 .text.HAL_TIM_ConfigClockSource
                0x0800133c      0x188 CMakeFiles/project_07_PWM.elf.dir/Drivers/STM32F1xx_HAL_Driver/Src/stm32f1xx_hal_tim.c.obj
                0x0800133c                HAL_TIM_ConfigClockSource
 .text.TIM_Base_SetConfig
                0x080014c4       0xf4 CMakeFiles/project_07_PWM.elf.dir/Drivers/STM32F1xx_HAL_Driver/Src/stm32f1xx_hal_tim.c.obj
                0x080014c4                TIM_Base_SetConfig
 .text.TIM_OC1_SetConfig
                0x080015b8       0xe0 CMakeFiles/project_07_PWM.elf.dir/Drivers/STM32F1xx_HAL_Driver/Src/stm32f1xx_hal_tim.c.obj
 .text.TIM_OC2_SetConfig
                0x08001698       0xe8 CMakeFiles/project_07_PWM.elf.dir/Drivers/STM32F1xx_HAL_Driver/Src/stm32f1xx_hal_tim.c.obj
                0x08001698                TIM_OC2_SetConfig
 .text.TIM_OC3_SetConfig
                0x08001780       0xe8 CMakeFiles/project_07_PWM.elf.dir/Drivers/STM32F1xx_HAL_Driver/Src/stm32f1xx_hal_tim.c.obj
 .text.TIM_OC4_SetConfig
                0x08001868       0xa8 CMakeFiles/project_07_PWM.elf.dir/Drivers/STM32F1xx_HAL_Driver/Src/stm32f1xx_hal_tim.c.obj
 .text.TIM_TI1_ConfigInputStage
                0x08001910       0x5c CMakeFiles/project_07_PWM.elf.dir/Drivers/STM32F1xx_HAL_Driver/Src/stm32f1xx_hal_tim.c.obj
 .text.TIM_TI2_ConfigInputStage
                0x0800196c       0x5e CMakeFiles/project_07_PWM.elf.dir/Drivers/STM32F1xx_HAL_Driver/Src/stm32f1xx_hal_tim.c.obj
 .text.TIM_ITRx_SetConfig
                0x080019ca       0x34 CMakeFiles/project_07_PWM.elf.dir/Drivers/STM32F1xx_HAL_Driver/Src/stm32f1xx_hal_tim.c.obj
 .text.TIM_ETR_SetConfig
                0x080019fe       0x3e CMakeFiles/project_07_PWM.elf.dir/Drivers/STM32F1xx_HAL_Driver/Src/stm32f1xx_hal_tim.c.obj
                0x080019fe                TIM_ETR_SetConfig
 .text.TIM_CCxChannelCmd
                0x08001a3c       0x48 CMakeFiles/project_07_PWM.elf.dir/Drivers/STM32F1xx_HAL_Driver/Src/stm32f1xx_hal_tim.c.obj
                0x08001a3c                TIM_CCxChannelCmd
 .text.HAL_TIMEx_MasterConfigSynchronization
                0x08001a84       0x88 CMakeFiles/project_07_PWM.elf.dir/Drivers/STM32F1xx_HAL_Driver/Src/stm32f1xx_hal_tim_ex.c.obj
                0x08001a84                HAL_TIMEx_MasterConfigSynchronization
 .text.MX_GPIO_Init
                0x08001b0c       0x9c CMakeFiles/project_07_PWM.elf.dir/Src/gpio.c.obj
                0x08001b0c                MX_GPIO_Init
 .text.main     0x08001ba8       0xe0 CMakeFiles/project_07_PWM.elf.dir/Src/main.c.obj
                0x08001ba8                main
 .text.SystemClock_Config
                0x08001c88       0x8a CMakeFiles/project_07_PWM.elf.dir/Src/main.c.obj
                0x08001c88                SystemClock_Config
 *fill*         0x08001d12        0x2 
 .text.HAL_GPIO_EXTI_Callback
                0x08001d14       0x28 CMakeFiles/project_07_PWM.elf.dir/Src/main.c.obj
                0x08001d14                HAL_GPIO_EXTI_Callback
 .text.Error_Handler
                0x08001d3c        0xc CMakeFiles/project_07_PWM.elf.dir/Src/main.c.obj
                0x08001d3c                Error_Handler
 .text.HAL_MspInit
                0x08001d48       0x64 CMakeFiles/project_07_PWM.elf.dir/Src/stm32f1xx_hal_msp.c.obj
                0x08001d48                HAL_MspInit
 .text.NMI_Handler
                0x08001dac        0xc CMakeFiles/project_07_PWM.elf.dir/Src/stm32f1xx_it.c.obj
                0x08001dac                NMI_Handler
 .text.HardFault_Handler
                0x08001db8        0x6 CMakeFiles/project_07_PWM.elf.dir/Src/stm32f1xx_it.c.obj
                0x08001db8                HardFault_Handler
 .text.MemManage_Handler
                0x08001dbe        0x6 CMakeFiles/project_07_PWM.elf.dir/Src/stm32f1xx_it.c.obj
                0x08001dbe                MemManage_Handler
 .text.BusFault_Handler
                0x08001dc4        0x6 CMakeFiles/project_07_PWM.elf.dir/Src/stm32f1xx_it.c.obj
                0x08001dc4                BusFault_Handler
 .text.UsageFault_Handler
                0x08001dca        0x6 CMakeFiles/project_07_PWM.elf.dir/Src/stm32f1xx_it.c.obj
                0x08001dca                UsageFault_Handler
 .text.SVC_Handler
                0x08001dd0        0xc CMakeFiles/project_07_PWM.elf.dir/Src/stm32f1xx_it.c.obj
                0x08001dd0                SVC_Handler
 .text.DebugMon_Handler
                0x08001ddc        0xc CMakeFiles/project_07_PWM.elf.dir/Src/stm32f1xx_it.c.obj
                0x08001ddc                DebugMon_Handler
 .text.PendSV_Handler
                0x08001de8        0xc CMakeFiles/project_07_PWM.elf.dir/Src/stm32f1xx_it.c.obj
                0x08001de8                PendSV_Handler
 .text.SysTick_Handler
                0x08001df4        0xc CMakeFiles/project_07_PWM.elf.dir/Src/stm32f1xx_it.c.obj
                0x08001df4                SysTick_Handler
 .text.EXTI15_10_IRQHandler
                0x08001e00       0x10 CMakeFiles/project_07_PWM.elf.dir/Src/stm32f1xx_it.c.obj
                0x08001e00                EXTI15_10_IRQHandler
 .text.SystemInit
                0x08001e10       0x68 CMakeFiles/project_07_PWM.elf.dir/Src/system_stm32f1xx.c.obj
                0x08001e10                SystemInit
 .text.MX_TIM4_Init
                0x08001e78       0xec CMakeFiles/project_07_PWM.elf.dir/Src/tim.c.obj
                0x08001e78                MX_TIM4_Init
 .text.HAL_TIM_Base_MspInit
                0x08001f64       0x3c CMakeFiles/project_07_PWM.elf.dir/Src/tim.c.obj
                0x08001f64                HAL_TIM_Base_MspInit
 .text.HAL_TIM_MspPostInit
                0x08001fa0       0x68 CMakeFiles/project_07_PWM.elf.dir/Src/tim.c.obj
                0x08001fa0                HAL_TIM_MspPostInit
 .text.Reset_Handler
                0x08002008       0x48 CMakeFiles/project_07_PWM.elf.dir/Startup/startup_stm32f103vetx.s.obj
                0x08002008                Reset_Handler
 .text.Default_Handler
                0x08002050        0x2 CMakeFiles/project_07_PWM.elf.dir/Startup/startup_stm32f103vetx.s.obj
                0x08002050                RTC_Alarm_IRQHandler
                0x08002050                EXTI2_IRQHandler
                0x08002050                TIM8_TRG_COM_IRQHandler
                0x08002050                TIM8_CC_IRQHandler
                0x08002050                TIM1_CC_IRQHandler
                0x08002050                TIM6_IRQHandler
                0x08002050                PVD_IRQHandler
                0x08002050                SDIO_IRQHandler
                0x08002050                EXTI3_IRQHandler
                0x08002050                EXTI0_IRQHandler
                0x08002050                I2C2_EV_IRQHandler
                0x08002050                ADC1_2_IRQHandler
                0x08002050                SPI1_IRQHandler
                0x08002050                TAMPER_IRQHandler
                0x08002050                TIM8_UP_IRQHandler
                0x08002050                DMA2_Channel2_IRQHandler
                0x08002050                DMA1_Channel4_IRQHandler
                0x08002050                USART3_IRQHandler
                0x08002050                RTC_IRQHandler
                0x08002050                DMA1_Channel7_IRQHandler
                0x08002050                CAN1_RX1_IRQHandler
                0x08002050                UART5_IRQHandler
                0x08002050                ADC3_IRQHandler
                0x08002050                TIM4_IRQHandler
                0x08002050                DMA2_Channel1_IRQHandler
                0x08002050                I2C1_EV_IRQHandler
                0x08002050                DMA1_Channel6_IRQHandler
                0x08002050                UART4_IRQHandler
                0x08002050                TIM3_IRQHandler
                0x08002050                RCC_IRQHandler
                0x08002050                TIM1_TRG_COM_IRQHandler
                0x08002050                DMA1_Channel1_IRQHandler
                0x08002050                Default_Handler
                0x08002050                TIM7_IRQHandler
                0x08002050                TIM5_IRQHandler
                0x08002050                EXTI9_5_IRQHandler
                0x08002050                SPI2_IRQHandler
                0x08002050                DMA1_Channel5_IRQHandler
                0x08002050                EXTI4_IRQHandler
                0x08002050                USB_LP_CAN1_RX0_IRQHandler
                0x08002050                USB_HP_CAN1_TX_IRQHandler
                0x08002050                DMA1_Channel3_IRQHandler
                0x08002050                FSMC_IRQHandler
                0x08002050                TIM1_UP_IRQHandler
                0x08002050                WWDG_IRQHandler
                0x08002050                TIM2_IRQHandler
                0x08002050                TIM1_BRK_IRQHandler
                0x08002050                EXTI1_IRQHandler
                0x08002050                DMA2_Channel4_5_IRQHandler
                0x08002050                USART2_IRQHandler
                0x08002050                I2C2_ER_IRQHandler
                0x08002050                DMA1_Channel2_IRQHandler
                0x08002050                TIM8_BRK_IRQHandler
                0x08002050                CAN1_SCE_IRQHandler
                0x08002050                FLASH_IRQHandler
                0x08002050                USART1_IRQHandler
                0x08002050                SPI3_IRQHandler
                0x08002050                I2C1_ER_IRQHandler
                0x08002050                USBWakeUp_IRQHandler
                0x08002050                DMA2_Channel3_IRQHandler
 *fill*         0x08002052        0x2 
 .text.__libc_init_array
                0x08002054       0x48 d:/scm/gnutoo~1/92019-~1/bin/../lib/gcc/arm-none-eabi/9.2.1/../../../../arm-none-eabi/lib/thumb/v7-m/nofp\libg.a(lib_a-init.o)
                0x08002054                __libc_init_array
 .text.memset   0x0800209c       0xa0 d:/scm/gnutoo~1/92019-~1/bin/../lib/gcc/arm-none-eabi/9.2.1/../../../../arm-none-eabi/lib/thumb/v7-m/nofp\libg.a(lib_a-memset.o)
                0x0800209c                memset
 .text.startup.register_fini
                0x0800213c       0x14 d:/scm/gnutoo~1/92019-~1/bin/../lib/gcc/arm-none-eabi/9.2.1/../../../../arm-none-eabi/lib/thumb/v7-m/nofp\libg.a(lib_a-__call_atexit.o)
 .text.atexit   0x08002150        0xc d:/scm/gnutoo~1/92019-~1/bin/../lib/gcc/arm-none-eabi/9.2.1/../../../../arm-none-eabi/lib/thumb/v7-m/nofp\libg.a(lib_a-atexit.o)
                0x08002150                atexit
 .text.__libc_fini_array
                0x0800215c       0x2c d:/scm/gnutoo~1/92019-~1/bin/../lib/gcc/arm-none-eabi/9.2.1/../../../../arm-none-eabi/lib/thumb/v7-m/nofp\libg.a(lib_a-fini.o)
                0x0800215c                __libc_fini_array
 .text.__retarget_lock_acquire_recursive
                0x08002188        0x4 d:/scm/gnutoo~1/92019-~1/bin/../lib/gcc/arm-none-eabi/9.2.1/../../../../arm-none-eabi/lib/thumb/v7-m/nofp\libg.a(lib_a-lock.o)
                0x08002188                __retarget_lock_acquire_recursive
 .text.__retarget_lock_release_recursive
                0x0800218c        0x4 d:/scm/gnutoo~1/92019-~1/bin/../lib/gcc/arm-none-eabi/9.2.1/../../../../arm-none-eabi/lib/thumb/v7-m/nofp\libg.a(lib_a-lock.o)
                0x0800218c                __retarget_lock_release_recursive
 .text.__register_exitproc
                0x08002190       0x8c d:/scm/gnutoo~1/92019-~1/bin/../lib/gcc/arm-none-eabi/9.2.1/../../../../arm-none-eabi/lib/thumb/v7-m/nofp\libg.a(lib_a-__atexit.o)
                0x08002190                __register_exitproc
 *(.glue_7)
 .glue_7        0x0800221c        0x0 linker stubs
 *(.glue_7t)
 .glue_7t       0x0800221c        0x0 linker stubs
 *(.eh_frame)
 .eh_frame      0x0800221c        0x0 d:/scm/gnutoo~1/92019-~1/bin/../lib/gcc/arm-none-eabi/9.2.1/thumb/v7-m/nofp/crtbegin.o
 *(.init)
 .init          0x0800221c        0x4 d:/scm/gnutoo~1/92019-~1/bin/../lib/gcc/arm-none-eabi/9.2.1/thumb/v7-m/nofp/crti.o
                0x0800221c                _init
 .init          0x08002220        0x8 d:/scm/gnutoo~1/92019-~1/bin/../lib/gcc/arm-none-eabi/9.2.1/thumb/v7-m/nofp/crtn.o
 *(.fini)
 .fini          0x08002228        0x4 d:/scm/gnutoo~1/92019-~1/bin/../lib/gcc/arm-none-eabi/9.2.1/thumb/v7-m/nofp/crti.o
                0x08002228                _fini
 .fini          0x0800222c        0x8 d:/scm/gnutoo~1/92019-~1/bin/../lib/gcc/arm-none-eabi/9.2.1/thumb/v7-m/nofp/crtn.o
                0x08002234                . = ALIGN (0x4)
                0x08002234                _etext = .

.vfp11_veneer   0x08002234        0x0
 .vfp11_veneer  0x08002234        0x0 linker stubs

.v4_bx          0x08002234        0x0
 .v4_bx         0x08002234        0x0 linker stubs

.iplt           0x08002234        0x0
 .iplt          0x08002234        0x0 d:/scm/gnutoo~1/92019-~1/bin/../lib/gcc/arm-none-eabi/9.2.1/thumb/v7-m/nofp/crtbegin.o

.rodata         0x08002234       0x24
                0x08002234                . = ALIGN (0x4)
 *(.rodata)
 .rodata        0x08002234       0x10 CMakeFiles/project_07_PWM.elf.dir/Drivers/STM32F1xx_HAL_Driver/Src/stm32f1xx_hal_rcc.c.obj
 *(.rodata*)
 .rodata.AHBPrescTable
                0x08002244       0x10 CMakeFiles/project_07_PWM.elf.dir/Src/system_stm32f1xx.c.obj
                0x08002244                AHBPrescTable
 .rodata._global_impure_ptr
                0x08002254        0x4 d:/scm/gnutoo~1/92019-~1/bin/../lib/gcc/arm-none-eabi/9.2.1/../../../../arm-none-eabi/lib/thumb/v7-m/nofp\libg.a(lib_a-impure.o)
                0x08002254                _global_impure_ptr
                0x08002258                . = ALIGN (0x4)

.rel.dyn        0x08002258        0x0
 .rel.iplt      0x08002258        0x0 d:/scm/gnutoo~1/92019-~1/bin/../lib/gcc/arm-none-eabi/9.2.1/thumb/v7-m/nofp/crtbegin.o

.ARM.extab      0x08002258        0x0
                0x08002258                . = ALIGN (0x4)
 *(.ARM.extab* .gnu.linkonce.armextab.*)
                0x08002258                . = ALIGN (0x4)

.ARM            0x08002258        0x0
                0x08002258                . = ALIGN (0x4)
                0x08002258                __exidx_start = .
 *(.ARM.exidx*)
                0x08002258                __exidx_end = .
                0x08002258                . = ALIGN (0x4)

.preinit_array  0x08002258        0x0
                0x08002258                . = ALIGN (0x4)
                0x08002258                PROVIDE (__preinit_array_start = .)
 *(.preinit_array*)
                0x08002258                PROVIDE (__preinit_array_end = .)
                0x08002258                . = ALIGN (0x4)

.init_array     0x08002258        0x8
                0x08002258                . = ALIGN (0x4)
                0x08002258                PROVIDE (__init_array_start = .)
 *(SORT_BY_NAME(.init_array.*))
 .init_array.00000
                0x08002258        0x4 d:/scm/gnutoo~1/92019-~1/bin/../lib/gcc/arm-none-eabi/9.2.1/../../../../arm-none-eabi/lib/thumb/v7-m/nofp\libg.a(lib_a-__call_atexit.o)
 *(.init_array*)
 .init_array    0x0800225c        0x4 d:/scm/gnutoo~1/92019-~1/bin/../lib/gcc/arm-none-eabi/9.2.1/thumb/v7-m/nofp/crtbegin.o
                0x08002260                PROVIDE (__init_array_end = .)
                0x08002260                . = ALIGN (0x4)

.fini_array     0x08002260        0x4
                0x08002260                . = ALIGN (0x4)
                0x08002260                PROVIDE (__fini_array_start = .)
 *(SORT_BY_NAME(.fini_array.*))
 *(.fini_array*)
 .fini_array    0x08002260        0x4 d:/scm/gnutoo~1/92019-~1/bin/../lib/gcc/arm-none-eabi/9.2.1/thumb/v7-m/nofp/crtbegin.o
                0x08002264                PROVIDE (__fini_array_end = .)
                0x08002264                . = ALIGN (0x4)
                0x08002264                _sidata = LOADADDR (.data)

.data           0x20000000      0x43c load address 0x08002264
                0x20000000                . = ALIGN (0x4)
                0x20000000                _sdata = .
 *(.data)
 *(.data*)
 .data.uwTickPrio
                0x20000000        0x4 CMakeFiles/project_07_PWM.elf.dir/Drivers/STM32F1xx_HAL_Driver/Src/stm32f1xx_hal.c.obj
                0x20000000                uwTickPrio
 .data.uwTickFreq
                0x20000004        0x1 CMakeFiles/project_07_PWM.elf.dir/Drivers/STM32F1xx_HAL_Driver/Src/stm32f1xx_hal.c.obj
                0x20000004                uwTickFreq
 .data.pwm_mode
                0x20000005        0x1 CMakeFiles/project_07_PWM.elf.dir/Src/main.c.obj
                0x20000005                pwm_mode
 *fill*         0x20000006        0x2 
 .data.SystemCoreClock
                0x20000008        0x4 CMakeFiles/project_07_PWM.elf.dir/Src/system_stm32f1xx.c.obj
                0x20000008                SystemCoreClock
 *fill*         0x2000000c        0x4 
 .data.impure_data
                0x20000010      0x428 d:/scm/gnutoo~1/92019-~1/bin/../lib/gcc/arm-none-eabi/9.2.1/../../../../arm-none-eabi/lib/thumb/v7-m/nofp\libg.a(lib_a-impure.o)
 .data.__atexit_recursive_mutex
                0x20000438        0x4 d:/scm/gnutoo~1/92019-~1/bin/../lib/gcc/arm-none-eabi/9.2.1/../../../../arm-none-eabi/lib/thumb/v7-m/nofp\libg.a(lib_a-__call_atexit.o)
                0x20000438                __atexit_recursive_mutex
                0x2000043c                . = ALIGN (0x4)
                0x2000043c                _edata = .

.igot.plt       0x2000043c        0x0 load address 0x080026a0
 .igot.plt      0x2000043c        0x0 d:/scm/gnutoo~1/92019-~1/bin/../lib/gcc/arm-none-eabi/9.2.1/thumb/v7-m/nofp/crtbegin.o
                0x2000043c                . = ALIGN (0x4)

.bss            0x2000043c       0x88 load address 0x080026a0
                0x2000043c                _sbss = .
                0x2000043c                __bss_start__ = _sbss
 *(.bss)
 .bss           0x2000043c       0x1c d:/scm/gnutoo~1/92019-~1/bin/../lib/gcc/arm-none-eabi/9.2.1/thumb/v7-m/nofp/crtbegin.o
 *(.bss*)
 .bss.uwTick    0x20000458        0x4 CMakeFiles/project_07_PWM.elf.dir/Drivers/STM32F1xx_HAL_Driver/Src/stm32f1xx_hal.c.obj
                0x20000458                uwTick
 .bss.keydown_flag
                0x2000045c        0x1 CMakeFiles/project_07_PWM.elf.dir/Src/main.c.obj
                0x2000045c                keydown_flag
 .bss.pwm_enable
                0x2000045d        0x1 CMakeFiles/project_07_PWM.elf.dir/Src/main.c.obj
                0x2000045d                pwm_enable
 .bss.pwm_value
                0x2000045e        0x2 CMakeFiles/project_07_PWM.elf.dir/Src/main.c.obj
 .bss.htim4     0x20000460       0x40 CMakeFiles/project_07_PWM.elf.dir/Src/tim.c.obj
                0x20000460                htim4
 *(COMMON)
 COMMON         0x200004a0       0x21 d:/scm/gnutoo~1/92019-~1/bin/../lib/gcc/arm-none-eabi/9.2.1/../../../../arm-none-eabi/lib/thumb/v7-m/nofp\libg.a(lib_a-lock.o)
                0x200004a0                __lock___atexit_recursive_mutex
                0x200004a4                __lock___arc4random_mutex
                0x200004a8                __lock___env_recursive_mutex
                0x200004ac                __lock___sinit_recursive_mutex
                0x200004b0                __lock___malloc_recursive_mutex
                0x200004b4                __lock___at_quick_exit_mutex
                0x200004b8                __lock___dd_hash_mutex
                0x200004bc                __lock___tz_mutex
                0x200004c0                __lock___sfp_recursive_mutex
                0x200004c4                . = ALIGN (0x4)
 *fill*         0x200004c1        0x3 
                0x200004c4                _ebss = .
                0x200004c4                __bss_end__ = _ebss

._user_heap_stack
                0x200004c4      0x604 load address 0x080026a0
                0x200004c8                . = ALIGN (0x8)
 *fill*         0x200004c4        0x4 
                0x200004c8                PROVIDE (end = .)
                [!provide]                PROVIDE (_end = .)
                0x200006c8                . = (. + _Min_Heap_Size)
 *fill*         0x200004c8      0x200 
                0x20000ac8                . = (. + _Min_Stack_Size)
 *fill*         0x200006c8      0x400 
                0x20000ac8                . = ALIGN (0x8)

/DISCARD/
 libc.a(*)
 libm.a(*)
 libgcc.a(*)

.ARM.attributes
                0x00000000       0x29
 *(.ARM.attributes)
 .ARM.attributes
                0x00000000       0x1d d:/scm/gnutoo~1/92019-~1/bin/../lib/gcc/arm-none-eabi/9.2.1/thumb/v7-m/nofp/crti.o
 .ARM.attributes
                0x0000001d       0x2d d:/scm/gnutoo~1/92019-~1/bin/../lib/gcc/arm-none-eabi/9.2.1/thumb/v7-m/nofp/crtbegin.o
 .ARM.attributes
                0x0000004a       0x2d CMakeFiles/project_07_PWM.elf.dir/Drivers/STM32F1xx_HAL_Driver/Src/stm32f1xx_hal.c.obj
 .ARM.attributes
                0x00000077       0x2d CMakeFiles/project_07_PWM.elf.dir/Drivers/STM32F1xx_HAL_Driver/Src/stm32f1xx_hal_cortex.c.obj
 .ARM.attributes
                0x000000a4       0x2d CMakeFiles/project_07_PWM.elf.dir/Drivers/STM32F1xx_HAL_Driver/Src/stm32f1xx_hal_gpio.c.obj
 .ARM.attributes
                0x000000d1       0x2d CMakeFiles/project_07_PWM.elf.dir/Drivers/STM32F1xx_HAL_Driver/Src/stm32f1xx_hal_rcc.c.obj
 .ARM.attributes
                0x000000fe       0x2d CMakeFiles/project_07_PWM.elf.dir/Drivers/STM32F1xx_HAL_Driver/Src/stm32f1xx_hal_tim.c.obj
 .ARM.attributes
                0x0000012b       0x2d CMakeFiles/project_07_PWM.elf.dir/Drivers/STM32F1xx_HAL_Driver/Src/stm32f1xx_hal_tim_ex.c.obj
 .ARM.attributes
                0x00000158       0x2d CMakeFiles/project_07_PWM.elf.dir/Src/gpio.c.obj
 .ARM.attributes
                0x00000185       0x2d CMakeFiles/project_07_PWM.elf.dir/Src/main.c.obj
 .ARM.attributes
                0x000001b2       0x2d CMakeFiles/project_07_PWM.elf.dir/Src/stm32f1xx_hal_msp.c.obj
 .ARM.attributes
                0x000001df       0x2d CMakeFiles/project_07_PWM.elf.dir/Src/stm32f1xx_it.c.obj
 .ARM.attributes
                0x0000020c       0x2d CMakeFiles/project_07_PWM.elf.dir/Src/system_stm32f1xx.c.obj
 .ARM.attributes
                0x00000239       0x2d CMakeFiles/project_07_PWM.elf.dir/Src/tim.c.obj
 .ARM.attributes
                0x00000266       0x21 CMakeFiles/project_07_PWM.elf.dir/Startup/startup_stm32f103vetx.s.obj
 .ARM.attributes
                0x00000287       0x2d d:/scm/gnutoo~1/92019-~1/bin/../lib/gcc/arm-none-eabi/9.2.1/../../../../arm-none-eabi/lib/thumb/v7-m/nofp\libg.a(lib_a-impure.o)
 .ARM.attributes
                0x000002b4       0x2d d:/scm/gnutoo~1/92019-~1/bin/../lib/gcc/arm-none-eabi/9.2.1/../../../../arm-none-eabi/lib/thumb/v7-m/nofp\libg.a(lib_a-init.o)
 .ARM.attributes
                0x000002e1       0x2d d:/scm/gnutoo~1/92019-~1/bin/../lib/gcc/arm-none-eabi/9.2.1/../../../../arm-none-eabi/lib/thumb/v7-m/nofp\libg.a(lib_a-memset.o)
 .ARM.attributes
                0x0000030e       0x2d d:/scm/gnutoo~1/92019-~1/bin/../lib/gcc/arm-none-eabi/9.2.1/../../../../arm-none-eabi/lib/thumb/v7-m/nofp\libg.a(lib_a-__call_atexit.o)
 .ARM.attributes
                0x0000033b       0x2d d:/scm/gnutoo~1/92019-~1/bin/../lib/gcc/arm-none-eabi/9.2.1/../../../../arm-none-eabi/lib/thumb/v7-m/nofp\libg.a(lib_a-atexit.o)
 .ARM.attributes
                0x00000368       0x2d d:/scm/gnutoo~1/92019-~1/bin/../lib/gcc/arm-none-eabi/9.2.1/../../../../arm-none-eabi/lib/thumb/v7-m/nofp\libg.a(lib_a-fini.o)
 .ARM.attributes
                0x00000395       0x2d d:/scm/gnutoo~1/92019-~1/bin/../lib/gcc/arm-none-eabi/9.2.1/../../../../arm-none-eabi/lib/thumb/v7-m/nofp\libg.a(lib_a-lock.o)
 .ARM.attributes
                0x000003c2       0x2d d:/scm/gnutoo~1/92019-~1/bin/../lib/gcc/arm-none-eabi/9.2.1/../../../../arm-none-eabi/lib/thumb/v7-m/nofp\libg.a(lib_a-__atexit.o)
 .ARM.attributes
                0x000003ef       0x1d d:/scm/gnutoo~1/92019-~1/bin/../lib/gcc/arm-none-eabi/9.2.1/thumb/v7-m/nofp/crtn.o
OUTPUT(project_07_PWM.elf elf32-littlearm)

.debug_info     0x00000000     0x7c92
 .debug_info    0x00000000      0x7ad CMakeFiles/project_07_PWM.elf.dir/Drivers/STM32F1xx_HAL_Driver/Src/stm32f1xx_hal.c.obj
 .debug_info    0x000007ad      0xc2b CMakeFiles/project_07_PWM.elf.dir/Drivers/STM32F1xx_HAL_Driver/Src/stm32f1xx_hal_cortex.c.obj
 .debug_info    0x000013d8      0x6da CMakeFiles/project_07_PWM.elf.dir/Drivers/STM32F1xx_HAL_Driver/Src/stm32f1xx_hal_gpio.c.obj
 .debug_info    0x00001ab2      0x877 CMakeFiles/project_07_PWM.elf.dir/Drivers/STM32F1xx_HAL_Driver/Src/stm32f1xx_hal_rcc.c.obj
 .debug_info    0x00002329     0x2669 CMakeFiles/project_07_PWM.elf.dir/Drivers/STM32F1xx_HAL_Driver/Src/stm32f1xx_hal_tim.c.obj
 .debug_info    0x00004992     0x11fb CMakeFiles/project_07_PWM.elf.dir/Drivers/STM32F1xx_HAL_Driver/Src/stm32f1xx_hal_tim_ex.c.obj
 .debug_info    0x00005b8d      0x50a CMakeFiles/project_07_PWM.elf.dir/Src/gpio.c.obj
 .debug_info    0x00006097      0x888 CMakeFiles/project_07_PWM.elf.dir/Src/main.c.obj
 .debug_info    0x0000691f      0x2e5 CMakeFiles/project_07_PWM.elf.dir/Src/stm32f1xx_hal_msp.c.obj
 .debug_info    0x00006c04      0x230 CMakeFiles/project_07_PWM.elf.dir/Src/stm32f1xx_it.c.obj
 .debug_info    0x00006e34      0x462 CMakeFiles/project_07_PWM.elf.dir/Src/system_stm32f1xx.c.obj
 .debug_info    0x00007296      0x9da CMakeFiles/project_07_PWM.elf.dir/Src/tim.c.obj
 .debug_info    0x00007c70       0x22 CMakeFiles/project_07_PWM.elf.dir/Startup/startup_stm32f103vetx.s.obj

.debug_abbrev   0x00000000     0x165e
 .debug_abbrev  0x00000000      0x1fd CMakeFiles/project_07_PWM.elf.dir/Drivers/STM32F1xx_HAL_Driver/Src/stm32f1xx_hal.c.obj
 .debug_abbrev  0x000001fd      0x310 CMakeFiles/project_07_PWM.elf.dir/Drivers/STM32F1xx_HAL_Driver/Src/stm32f1xx_hal_cortex.c.obj
 .debug_abbrev  0x0000050d      0x1e5 CMakeFiles/project_07_PWM.elf.dir/Drivers/STM32F1xx_HAL_Driver/Src/stm32f1xx_hal_gpio.c.obj
 .debug_abbrev  0x000006f2      0x270 CMakeFiles/project_07_PWM.elf.dir/Drivers/STM32F1xx_HAL_Driver/Src/stm32f1xx_hal_rcc.c.obj
 .debug_abbrev  0x00000962      0x25b CMakeFiles/project_07_PWM.elf.dir/Drivers/STM32F1xx_HAL_Driver/Src/stm32f1xx_hal_tim.c.obj
 .debug_abbrev  0x00000bbd      0x249 CMakeFiles/project_07_PWM.elf.dir/Drivers/STM32F1xx_HAL_Driver/Src/stm32f1xx_hal_tim_ex.c.obj
 .debug_abbrev  0x00000e06      0x154 CMakeFiles/project_07_PWM.elf.dir/Src/gpio.c.obj
 .debug_abbrev  0x00000f5a      0x1e2 CMakeFiles/project_07_PWM.elf.dir/Src/main.c.obj
 .debug_abbrev  0x0000113c      0x11a CMakeFiles/project_07_PWM.elf.dir/Src/stm32f1xx_hal_msp.c.obj
 .debug_abbrev  0x00001256       0xcf CMakeFiles/project_07_PWM.elf.dir/Src/stm32f1xx_it.c.obj
 .debug_abbrev  0x00001325      0x14b CMakeFiles/project_07_PWM.elf.dir/Src/system_stm32f1xx.c.obj
 .debug_abbrev  0x00001470      0x1dc CMakeFiles/project_07_PWM.elf.dir/Src/tim.c.obj
 .debug_abbrev  0x0000164c       0x12 CMakeFiles/project_07_PWM.elf.dir/Startup/startup_stm32f103vetx.s.obj

.debug_aranges  0x00000000      0x928
 .debug_aranges
                0x00000000       0xe0 CMakeFiles/project_07_PWM.elf.dir/Drivers/STM32F1xx_HAL_Driver/Src/stm32f1xx_hal.c.obj
 .debug_aranges
                0x000000e0      0x100 CMakeFiles/project_07_PWM.elf.dir/Drivers/STM32F1xx_HAL_Driver/Src/stm32f1xx_hal_cortex.c.obj
 .debug_aranges
                0x000001e0       0x58 CMakeFiles/project_07_PWM.elf.dir/Drivers/STM32F1xx_HAL_Driver/Src/stm32f1xx_hal_gpio.c.obj
 .debug_aranges
                0x00000238       0x90 CMakeFiles/project_07_PWM.elf.dir/Drivers/STM32F1xx_HAL_Driver/Src/stm32f1xx_hal_rcc.c.obj
 .debug_aranges
                0x000002c8      0x3a8 CMakeFiles/project_07_PWM.elf.dir/Drivers/STM32F1xx_HAL_Driver/Src/stm32f1xx_hal_tim.c.obj
 .debug_aranges
                0x00000670      0x150 CMakeFiles/project_07_PWM.elf.dir/Drivers/STM32F1xx_HAL_Driver/Src/stm32f1xx_hal_tim_ex.c.obj
 .debug_aranges
                0x000007c0       0x20 CMakeFiles/project_07_PWM.elf.dir/Src/gpio.c.obj
 .debug_aranges
                0x000007e0       0x38 CMakeFiles/project_07_PWM.elf.dir/Src/main.c.obj
 .debug_aranges
                0x00000818       0x20 CMakeFiles/project_07_PWM.elf.dir/Src/stm32f1xx_hal_msp.c.obj
 .debug_aranges
                0x00000838       0x68 CMakeFiles/project_07_PWM.elf.dir/Src/stm32f1xx_it.c.obj
 .debug_aranges
                0x000008a0       0x28 CMakeFiles/project_07_PWM.elf.dir/Src/system_stm32f1xx.c.obj
 .debug_aranges
                0x000008c8       0x38 CMakeFiles/project_07_PWM.elf.dir/Src/tim.c.obj
 .debug_aranges
                0x00000900       0x28 CMakeFiles/project_07_PWM.elf.dir/Startup/startup_stm32f103vetx.s.obj

.debug_ranges   0x00000000      0x860
 .debug_ranges  0x00000000       0xd0 CMakeFiles/project_07_PWM.elf.dir/Drivers/STM32F1xx_HAL_Driver/Src/stm32f1xx_hal.c.obj
 .debug_ranges  0x000000d0       0xf0 CMakeFiles/project_07_PWM.elf.dir/Drivers/STM32F1xx_HAL_Driver/Src/stm32f1xx_hal_cortex.c.obj
 .debug_ranges  0x000001c0       0x48 CMakeFiles/project_07_PWM.elf.dir/Drivers/STM32F1xx_HAL_Driver/Src/stm32f1xx_hal_gpio.c.obj
 .debug_ranges  0x00000208       0x80 CMakeFiles/project_07_PWM.elf.dir/Drivers/STM32F1xx_HAL_Driver/Src/stm32f1xx_hal_rcc.c.obj
 .debug_ranges  0x00000288      0x398 CMakeFiles/project_07_PWM.elf.dir/Drivers/STM32F1xx_HAL_Driver/Src/stm32f1xx_hal_tim.c.obj
 .debug_ranges  0x00000620      0x140 CMakeFiles/project_07_PWM.elf.dir/Drivers/STM32F1xx_HAL_Driver/Src/stm32f1xx_hal_tim_ex.c.obj
 .debug_ranges  0x00000760       0x10 CMakeFiles/project_07_PWM.elf.dir/Src/gpio.c.obj
 .debug_ranges  0x00000770       0x28 CMakeFiles/project_07_PWM.elf.dir/Src/main.c.obj
 .debug_ranges  0x00000798       0x10 CMakeFiles/project_07_PWM.elf.dir/Src/stm32f1xx_hal_msp.c.obj
 .debug_ranges  0x000007a8       0x58 CMakeFiles/project_07_PWM.elf.dir/Src/stm32f1xx_it.c.obj
 .debug_ranges  0x00000800       0x18 CMakeFiles/project_07_PWM.elf.dir/Src/system_stm32f1xx.c.obj
 .debug_ranges  0x00000818       0x28 CMakeFiles/project_07_PWM.elf.dir/Src/tim.c.obj
 .debug_ranges  0x00000840       0x20 CMakeFiles/project_07_PWM.elf.dir/Startup/startup_stm32f103vetx.s.obj

.debug_line     0x00000000     0x5c84
 .debug_line    0x00000000      0x4bc CMakeFiles/project_07_PWM.elf.dir/Drivers/STM32F1xx_HAL_Driver/Src/stm32f1xx_hal.c.obj
 .debug_line    0x000004bc      0x6a2 CMakeFiles/project_07_PWM.elf.dir/Drivers/STM32F1xx_HAL_Driver/Src/stm32f1xx_hal_cortex.c.obj
 .debug_line    0x00000b5e      0x59c CMakeFiles/project_07_PWM.elf.dir/Drivers/STM32F1xx_HAL_Driver/Src/stm32f1xx_hal_gpio.c.obj
 .debug_line    0x000010fa      0x928 CMakeFiles/project_07_PWM.elf.dir/Drivers/STM32F1xx_HAL_Driver/Src/stm32f1xx_hal_rcc.c.obj
 .debug_line    0x00001a22     0x24ef CMakeFiles/project_07_PWM.elf.dir/Drivers/STM32F1xx_HAL_Driver/Src/stm32f1xx_hal_tim.c.obj
 .debug_line    0x00003f11      0xd12 CMakeFiles/project_07_PWM.elf.dir/Drivers/STM32F1xx_HAL_Driver/Src/stm32f1xx_hal_tim_ex.c.obj
 .debug_line    0x00004c23      0x20b CMakeFiles/project_07_PWM.elf.dir/Src/gpio.c.obj
 .debug_line    0x00004e2e      0x362 CMakeFiles/project_07_PWM.elf.dir/Src/main.c.obj
 .debug_line    0x00005190      0x1f2 CMakeFiles/project_07_PWM.elf.dir/Src/stm32f1xx_hal_msp.c.obj
 .debug_line    0x00005382      0x2a2 CMakeFiles/project_07_PWM.elf.dir/Src/stm32f1xx_it.c.obj
 .debug_line    0x00005624      0x2a5 CMakeFiles/project_07_PWM.elf.dir/Src/system_stm32f1xx.c.obj
 .debug_line    0x000058c9      0x324 CMakeFiles/project_07_PWM.elf.dir/Src/tim.c.obj
 .debug_line    0x00005bed       0x97 CMakeFiles/project_07_PWM.elf.dir/Startup/startup_stm32f103vetx.s.obj

.debug_str      0x00000000     0x2c51
 .debug_str     0x00000000      0x8df CMakeFiles/project_07_PWM.elf.dir/Drivers/STM32F1xx_HAL_Driver/Src/stm32f1xx_hal.c.obj
                                0x943 (size before relaxing)
 .debug_str     0x000008df      0x422 CMakeFiles/project_07_PWM.elf.dir/Drivers/STM32F1xx_HAL_Driver/Src/stm32f1xx_hal_cortex.c.obj
                                0xaaa (size before relaxing)
 .debug_str     0x00000d01      0x1e7 CMakeFiles/project_07_PWM.elf.dir/Drivers/STM32F1xx_HAL_Driver/Src/stm32f1xx_hal_gpio.c.obj
                                0x517 (size before relaxing)
 .debug_str     0x00000ee8      0x342 CMakeFiles/project_07_PWM.elf.dir/Drivers/STM32F1xx_HAL_Driver/Src/stm32f1xx_hal_rcc.c.obj
                                0x6d2 (size before relaxing)
 .debug_str     0x0000122a     0x118e CMakeFiles/project_07_PWM.elf.dir/Drivers/STM32F1xx_HAL_Driver/Src/stm32f1xx_hal_tim.c.obj
                               0x14f5 (size before relaxing)
 .debug_str     0x000023b8      0x591 CMakeFiles/project_07_PWM.elf.dir/Drivers/STM32F1xx_HAL_Driver/Src/stm32f1xx_hal_tim_ex.c.obj
                                0xcf5 (size before relaxing)
 .debug_str     0x00002949       0x43 CMakeFiles/project_07_PWM.elf.dir/Src/gpio.c.obj
                                0x70c (size before relaxing)
 .debug_str     0x0000298c       0xa8 CMakeFiles/project_07_PWM.elf.dir/Src/main.c.obj
                                0x842 (size before relaxing)
 .debug_str     0x00002a34       0x33 CMakeFiles/project_07_PWM.elf.dir/Src/stm32f1xx_hal_msp.c.obj
                                0x331 (size before relaxing)
 .debug_str     0x00002a67       0xd3 CMakeFiles/project_07_PWM.elf.dir/Src/stm32f1xx_it.c.obj
                                0x365 (size before relaxing)
 .debug_str     0x00002b3a       0x65 CMakeFiles/project_07_PWM.elf.dir/Src/system_stm32f1xx.c.obj
                                0x386 (size before relaxing)
 .debug_str     0x00002b9f       0x69 CMakeFiles/project_07_PWM.elf.dir/Src/tim.c.obj
                                0x892 (size before relaxing)
 .debug_str     0x00002c08       0x49 CMakeFiles/project_07_PWM.elf.dir/Startup/startup_stm32f103vetx.s.obj
                                 0x76 (size before relaxing)

.comment        0x00000000       0x79
 .comment       0x00000000       0x79 CMakeFiles/project_07_PWM.elf.dir/Drivers/STM32F1xx_HAL_Driver/Src/stm32f1xx_hal.c.obj
                                 0x7a (size before relaxing)
 .comment       0x00000079       0x7a CMakeFiles/project_07_PWM.elf.dir/Drivers/STM32F1xx_HAL_Driver/Src/stm32f1xx_hal_cortex.c.obj
 .comment       0x00000079       0x7a CMakeFiles/project_07_PWM.elf.dir/Drivers/STM32F1xx_HAL_Driver/Src/stm32f1xx_hal_gpio.c.obj
 .comment       0x00000079       0x7a CMakeFiles/project_07_PWM.elf.dir/Drivers/STM32F1xx_HAL_Driver/Src/stm32f1xx_hal_rcc.c.obj
 .comment       0x00000079       0x7a CMakeFiles/project_07_PWM.elf.dir/Drivers/STM32F1xx_HAL_Driver/Src/stm32f1xx_hal_tim.c.obj
 .comment       0x00000079       0x7a CMakeFiles/project_07_PWM.elf.dir/Drivers/STM32F1xx_HAL_Driver/Src/stm32f1xx_hal_tim_ex.c.obj
 .comment       0x00000079       0x7a CMakeFiles/project_07_PWM.elf.dir/Src/gpio.c.obj
 .comment       0x00000079       0x7a CMakeFiles/project_07_PWM.elf.dir/Src/main.c.obj
 .comment       0x00000079       0x7a CMakeFiles/project_07_PWM.elf.dir/Src/stm32f1xx_hal_msp.c.obj
 .comment       0x00000079       0x7a CMakeFiles/project_07_PWM.elf.dir/Src/stm32f1xx_it.c.obj
 .comment       0x00000079       0x7a CMakeFiles/project_07_PWM.elf.dir/Src/system_stm32f1xx.c.obj
 .comment       0x00000079       0x7a CMakeFiles/project_07_PWM.elf.dir/Src/tim.c.obj

.debug_frame    0x00000000     0x2698
 .debug_frame   0x00000000      0x334 CMakeFiles/project_07_PWM.elf.dir/Drivers/STM32F1xx_HAL_Driver/Src/stm32f1xx_hal.c.obj
 .debug_frame   0x00000334      0x428 CMakeFiles/project_07_PWM.elf.dir/Drivers/STM32F1xx_HAL_Driver/Src/stm32f1xx_hal_cortex.c.obj
 .debug_frame   0x0000075c      0x14c CMakeFiles/project_07_PWM.elf.dir/Drivers/STM32F1xx_HAL_Driver/Src/stm32f1xx_hal_gpio.c.obj
 .debug_frame   0x000008a8      0x21c CMakeFiles/project_07_PWM.elf.dir/Drivers/STM32F1xx_HAL_Driver/Src/stm32f1xx_hal_rcc.c.obj
 .debug_frame   0x00000ac4     0x10f0 CMakeFiles/project_07_PWM.elf.dir/Drivers/STM32F1xx_HAL_Driver/Src/stm32f1xx_hal_tim.c.obj
 .debug_frame   0x00001bb4      0x5c0 CMakeFiles/project_07_PWM.elf.dir/Drivers/STM32F1xx_HAL_Driver/Src/stm32f1xx_hal_tim_ex.c.obj
 .debug_frame   0x00002174       0x34 CMakeFiles/project_07_PWM.elf.dir/Src/gpio.c.obj
 .debug_frame   0x000021a8       0x98 CMakeFiles/project_07_PWM.elf.dir/Src/main.c.obj
 .debug_frame   0x00002240       0x38 CMakeFiles/project_07_PWM.elf.dir/Src/stm32f1xx_hal_msp.c.obj
 .debug_frame   0x00002278      0x128 CMakeFiles/project_07_PWM.elf.dir/Src/stm32f1xx_it.c.obj
 .debug_frame   0x000023a0       0x58 CMakeFiles/project_07_PWM.elf.dir/Src/system_stm32f1xx.c.obj
 .debug_frame   0x000023f8       0xa8 CMakeFiles/project_07_PWM.elf.dir/Src/tim.c.obj
 .debug_frame   0x000024a0       0x2c d:/scm/gnutoo~1/92019-~1/bin/../lib/gcc/arm-none-eabi/9.2.1/../../../../arm-none-eabi/lib/thumb/v7-m/nofp\libg.a(lib_a-init.o)
 .debug_frame   0x000024cc       0x38 d:/scm/gnutoo~1/92019-~1/bin/../lib/gcc/arm-none-eabi/9.2.1/../../../../arm-none-eabi/lib/thumb/v7-m/nofp\libg.a(lib_a-memset.o)
 .debug_frame   0x00002504       0x5c d:/scm/gnutoo~1/92019-~1/bin/../lib/gcc/arm-none-eabi/9.2.1/../../../../arm-none-eabi/lib/thumb/v7-m/nofp\libg.a(lib_a-__call_atexit.o)
 .debug_frame   0x00002560       0x20 d:/scm/gnutoo~1/92019-~1/bin/../lib/gcc/arm-none-eabi/9.2.1/../../../../arm-none-eabi/lib/thumb/v7-m/nofp\libg.a(lib_a-atexit.o)
 .debug_frame   0x00002580       0x34 d:/scm/gnutoo~1/92019-~1/bin/../lib/gcc/arm-none-eabi/9.2.1/../../../../arm-none-eabi/lib/thumb/v7-m/nofp\libg.a(lib_a-fini.o)
 .debug_frame   0x000025b4       0xb0 d:/scm/gnutoo~1/92019-~1/bin/../lib/gcc/arm-none-eabi/9.2.1/../../../../arm-none-eabi/lib/thumb/v7-m/nofp\libg.a(lib_a-lock.o)
 .debug_frame   0x00002664       0x34 d:/scm/gnutoo~1/92019-~1/bin/../lib/gcc/arm-none-eabi/9.2.1/../../../../arm-none-eabi/lib/thumb/v7-m/nofp\libg.a(lib_a-__atexit.o)
