Archive member included to satisfy reference by file (symbol)

d:/scm/gnutoo~1/92019-~1/bin/../lib/gcc/arm-none-eabi/9.2.1/../../../../arm-none-eabi/lib/thumb/v7-m/nofp\libg.a(lib_a-errno.o)
                              CMakeFiles/usart-01.elf.dir/Src/syscalls.c.obj (__errno)
d:/scm/gnutoo~1/92019-~1/bin/../lib/gcc/arm-none-eabi/9.2.1/../../../../arm-none-eabi/lib/thumb/v7-m/nofp\libg.a(lib_a-exit.o)
                              d:/scm/gnutoo~1/92019-~1/bin/../lib/gcc/arm-none-eabi/9.2.1/../../../../arm-none-eabi/lib/thumb/v7-m/nofp/crt0.o (exit)
d:/scm/gnutoo~1/92019-~1/bin/../lib/gcc/arm-none-eabi/9.2.1/../../../../arm-none-eabi/lib/thumb/v7-m/nofp\libg.a(lib_a-impure.o)
                              d:/scm/gnutoo~1/92019-~1/bin/../lib/gcc/arm-none-eabi/9.2.1/../../../../arm-none-eabi/lib/thumb/v7-m/nofp\libg.a(lib_a-exit.o) (_global_impure_ptr)
d:/scm/gnutoo~1/92019-~1/bin/../lib/gcc/arm-none-eabi/9.2.1/../../../../arm-none-eabi/lib/thumb/v7-m/nofp\libg.a(lib_a-init.o)
                              d:/scm/gnutoo~1/92019-~1/bin/../lib/gcc/arm-none-eabi/9.2.1/../../../../arm-none-eabi/lib/thumb/v7-m/nofp/crt0.o (__libc_init_array)
d:/scm/gnutoo~1/92019-~1/bin/../lib/gcc/arm-none-eabi/9.2.1/../../../../arm-none-eabi/lib/thumb/v7-m/nofp\libg.a(lib_a-memset.o)
                              d:/scm/gnutoo~1/92019-~1/bin/../lib/gcc/arm-none-eabi/9.2.1/../../../../arm-none-eabi/lib/thumb/v7-m/nofp/crt0.o (memset)
d:/scm/gnutoo~1/92019-~1/bin/../lib/gcc/arm-none-eabi/9.2.1/../../../../arm-none-eabi/lib/thumb/v7-m/nofp\libg.a(lib_a-__call_atexit.o)
                              d:/scm/gnutoo~1/92019-~1/bin/../lib/gcc/arm-none-eabi/9.2.1/../../../../arm-none-eabi/lib/thumb/v7-m/nofp\libg.a(lib_a-exit.o) (__call_exitprocs)
d:/scm/gnutoo~1/92019-~1/bin/../lib/gcc/arm-none-eabi/9.2.1/../../../../arm-none-eabi/lib/thumb/v7-m/nofp\libg.a(lib_a-atexit.o)
                              d:/scm/gnutoo~1/92019-~1/bin/../lib/gcc/arm-none-eabi/9.2.1/../../../../arm-none-eabi/lib/thumb/v7-m/nofp\libg.a(lib_a-__call_atexit.o) (atexit)
d:/scm/gnutoo~1/92019-~1/bin/../lib/gcc/arm-none-eabi/9.2.1/../../../../arm-none-eabi/lib/thumb/v7-m/nofp\libg.a(lib_a-fini.o)
                              d:/scm/gnutoo~1/92019-~1/bin/../lib/gcc/arm-none-eabi/9.2.1/../../../../arm-none-eabi/lib/thumb/v7-m/nofp\libg.a(lib_a-__call_atexit.o) (__libc_fini_array)
d:/scm/gnutoo~1/92019-~1/bin/../lib/gcc/arm-none-eabi/9.2.1/../../../../arm-none-eabi/lib/thumb/v7-m/nofp\libg.a(lib_a-lock.o)
                              d:/scm/gnutoo~1/92019-~1/bin/../lib/gcc/arm-none-eabi/9.2.1/../../../../arm-none-eabi/lib/thumb/v7-m/nofp\libg.a(lib_a-__call_atexit.o) (__retarget_lock_acquire_recursive)
d:/scm/gnutoo~1/92019-~1/bin/../lib/gcc/arm-none-eabi/9.2.1/../../../../arm-none-eabi/lib/thumb/v7-m/nofp\libg.a(lib_a-__atexit.o)
                              d:/scm/gnutoo~1/92019-~1/bin/../lib/gcc/arm-none-eabi/9.2.1/../../../../arm-none-eabi/lib/thumb/v7-m/nofp\libg.a(lib_a-atexit.o) (__register_exitproc)

Allocating common symbols
Common symbol       size              file

__lock___atexit_recursive_mutex
                    0x1               d:/scm/gnutoo~1/92019-~1/bin/../lib/gcc/arm-none-eabi/9.2.1/../../../../arm-none-eabi/lib/thumb/v7-m/nofp\libg.a(lib_a-lock.o)
__lock___arc4random_mutex
                    0x1               d:/scm/gnutoo~1/92019-~1/bin/../lib/gcc/arm-none-eabi/9.2.1/../../../../arm-none-eabi/lib/thumb/v7-m/nofp\libg.a(lib_a-lock.o)
__lock___env_recursive_mutex
                    0x1               d:/scm/gnutoo~1/92019-~1/bin/../lib/gcc/arm-none-eabi/9.2.1/../../../../arm-none-eabi/lib/thumb/v7-m/nofp\libg.a(lib_a-lock.o)
__lock___sinit_recursive_mutex
                    0x1               d:/scm/gnutoo~1/92019-~1/bin/../lib/gcc/arm-none-eabi/9.2.1/../../../../arm-none-eabi/lib/thumb/v7-m/nofp\libg.a(lib_a-lock.o)
__lock___malloc_recursive_mutex
                    0x1               d:/scm/gnutoo~1/92019-~1/bin/../lib/gcc/arm-none-eabi/9.2.1/../../../../arm-none-eabi/lib/thumb/v7-m/nofp\libg.a(lib_a-lock.o)
__lock___at_quick_exit_mutex
                    0x1               d:/scm/gnutoo~1/92019-~1/bin/../lib/gcc/arm-none-eabi/9.2.1/../../../../arm-none-eabi/lib/thumb/v7-m/nofp\libg.a(lib_a-lock.o)
__lock___dd_hash_mutex
                    0x1               d:/scm/gnutoo~1/92019-~1/bin/../lib/gcc/arm-none-eabi/9.2.1/../../../../arm-none-eabi/lib/thumb/v7-m/nofp\libg.a(lib_a-lock.o)
__lock___tz_mutex   0x1               d:/scm/gnutoo~1/92019-~1/bin/../lib/gcc/arm-none-eabi/9.2.1/../../../../arm-none-eabi/lib/thumb/v7-m/nofp\libg.a(lib_a-lock.o)
__lock___sfp_recursive_mutex
                    0x1               d:/scm/gnutoo~1/92019-~1/bin/../lib/gcc/arm-none-eabi/9.2.1/../../../../arm-none-eabi/lib/thumb/v7-m/nofp\libg.a(lib_a-lock.o)

Discarded input sections

 .text          0x00000000        0x0 d:/scm/gnutoo~1/92019-~1/bin/../lib/gcc/arm-none-eabi/9.2.1/thumb/v7-m/nofp/crti.o
[...]
Memory Configuration

Name             Origin             Length             Attributes
RAM              0x20000000         0x0000c000         xrw
FLASH            0x08000000         0x00040000         xr
*default*        0x00000000         0xffffffff

Linker script and memory map

LOAD d:/scm/gnutoo~1/92019-~1/bin/../lib/gcc/arm-none-eabi/9.2.1/thumb/v7-m/nofp/crti.o
LOAD d:/scm/gnutoo~1/92019-~1/bin/../lib/gcc/arm-none-eabi/9.2.1/thumb/v7-m/nofp/crtbegin.o
LOAD d:/scm/gnutoo~1/92019-~1/bin/../lib/gcc/arm-none-eabi/9.2.1/../../../../arm-none-eabi/lib/thumb/v7-m/nofp/crt0.o
LOAD CMakeFiles/usart-01.elf.dir/Drivers/STM32F1xx_HAL_Driver/Src/stm32f1xx_hal.c.obj
LOAD CMakeFiles/usart-01.elf.dir/Drivers/STM32F1xx_HAL_Driver/Src/stm32f1xx_hal_cortex.c.obj
LOAD CMakeFiles/usart-01.elf.dir/Drivers/STM32F1xx_HAL_Driver/Src/stm32f1xx_hal_dma.c.obj
LOAD CMakeFiles/usart-01.elf.dir/Drivers/STM32F1xx_HAL_Driver/Src/stm32f1xx_hal_exti.c.obj
LOAD CMakeFiles/usart-01.elf.dir/Drivers/STM32F1xx_HAL_Driver/Src/stm32f1xx_hal_flash.c.obj
LOAD CMakeFiles/usart-01.elf.dir/Drivers/STM32F1xx_HAL_Driver/Src/stm32f1xx_hal_flash_ex.c.obj
LOAD CMakeFiles/usart-01.elf.dir/Drivers/STM32F1xx_HAL_Driver/Src/stm32f1xx_hal_gpio.c.obj
LOAD CMakeFiles/usart-01.elf.dir/Drivers/STM32F1xx_HAL_Driver/Src/stm32f1xx_hal_gpio_ex.c.obj
LOAD CMakeFiles/usart-01.elf.dir/Drivers/STM32F1xx_HAL_Driver/Src/stm32f1xx_hal_pwr.c.obj
LOAD CMakeFiles/usart-01.elf.dir/Drivers/STM32F1xx_HAL_Driver/Src/stm32f1xx_hal_rcc.c.obj
LOAD CMakeFiles/usart-01.elf.dir/Drivers/STM32F1xx_HAL_Driver/Src/stm32f1xx_hal_rcc_ex.c.obj
LOAD CMakeFiles/usart-01.elf.dir/Drivers/STM32F1xx_HAL_Driver/Src/stm32f1xx_hal_tim.c.obj
LOAD CMakeFiles/usart-01.elf.dir/Drivers/STM32F1xx_HAL_Driver/Src/stm32f1xx_hal_tim_ex.c.obj
LOAD CMakeFiles/usart-01.elf.dir/Drivers/STM32F1xx_HAL_Driver/Src/stm32f1xx_hal_uart.c.obj
LOAD CMakeFiles/usart-01.elf.dir/Src/gpio.c.obj
LOAD CMakeFiles/usart-01.elf.dir/Src/main.c.obj
LOAD CMakeFiles/usart-01.elf.dir/Src/stm32f1xx_hal_msp.c.obj
LOAD CMakeFiles/usart-01.elf.dir/Src/stm32f1xx_it.c.obj
LOAD CMakeFiles/usart-01.elf.dir/Src/syscalls.c.obj
LOAD CMakeFiles/usart-01.elf.dir/Src/sysmem.c.obj
LOAD CMakeFiles/usart-01.elf.dir/Src/system_stm32f1xx.c.obj
LOAD CMakeFiles/usart-01.elf.dir/Src/usart.c.obj
LOAD CMakeFiles/usart-01.elf.dir/Startup/startup_stm32f103rctx.s.obj
START GROUP
LOAD d:/scm/gnutoo~1/92019-~1/bin/../lib/gcc/arm-none-eabi/9.2.1/thumb/v7-m/nofp\libgcc.a
LOAD d:/scm/gnutoo~1/92019-~1/bin/../lib/gcc/arm-none-eabi/9.2.1/../../../../arm-none-eabi/lib/thumb/v7-m/nofp\libg.a
LOAD d:/scm/gnutoo~1/92019-~1/bin/../lib/gcc/arm-none-eabi/9.2.1/../../../../arm-none-eabi/lib/thumb/v7-m/nofp\libc.a
END GROUP
LOAD d:/scm/gnutoo~1/92019-~1/bin/../lib/gcc/arm-none-eabi/9.2.1/thumb/v7-m/nofp/crtend.o
LOAD d:/scm/gnutoo~1/92019-~1/bin/../lib/gcc/arm-none-eabi/9.2.1/thumb/v7-m/nofp/crtn.o
                0x2000c000                _estack = (ORIGIN (RAM) + LENGTH (RAM))
                0x00000200                _Min_Heap_Size = 0x200
                0x00000400                _Min_Stack_Size = 0x400

.isr_vector     0x08000000      0x1e4
                0x08000000                . = ALIGN (0x4)
 *(.isr_vector)
 .isr_vector    0x08000000      0x1e4 CMakeFiles/usart-01.elf.dir/Startup/startup_stm32f103rctx.s.obj
                0x08000000                g_pfnVectors
                0x080001e4                . = ALIGN (0x4)

.text           0x080001e4     0x2084
                0x080001e4                . = ALIGN (0x4)
 *(.text)
 .text          0x080001e4       0x40 d:/scm/gnutoo~1/92019-~1/bin/../lib/gcc/arm-none-eabi/9.2.1/thumb/v7-m/nofp/crtbegin.o
 *(.text*)
 .text.HAL_Init
                0x08000224       0x2c CMakeFiles/usart-01.elf.dir/Drivers/STM32F1xx_HAL_Driver/Src/stm32f1xx_hal.c.obj
                0x08000224                HAL_Init
 .text.HAL_InitTick
                0x08000250       0x60 CMakeFiles/usart-01.elf.dir/Drivers/STM32F1xx_HAL_Driver/Src/stm32f1xx_hal.c.obj
                0x08000250                HAL_InitTick
 .text.HAL_IncTick
                0x080002b0       0x24 CMakeFiles/usart-01.elf.dir/Drivers/STM32F1xx_HAL_Driver/Src/stm32f1xx_hal.c.obj
                0x080002b0                HAL_IncTick
 .text.HAL_GetTick
                0x080002d4       0x14 CMakeFiles/usart-01.elf.dir/Drivers/STM32F1xx_HAL_Driver/Src/stm32f1xx_hal.c.obj
                0x080002d4                HAL_GetTick
 .text.__NVIC_SetPriorityGrouping
                0x080002e8       0x48 CMakeFiles/usart-01.elf.dir/Drivers/STM32F1xx_HAL_Driver/Src/stm32f1xx_hal_cortex.c.obj
 .text.__NVIC_GetPriorityGrouping
                0x08000330       0x1c CMakeFiles/usart-01.elf.dir/Drivers/STM32F1xx_HAL_Driver/Src/stm32f1xx_hal_cortex.c.obj
 .text.__NVIC_EnableIRQ
                0x0800034c       0x38 CMakeFiles/usart-01.elf.dir/Drivers/STM32F1xx_HAL_Driver/Src/stm32f1xx_hal_cortex.c.obj
 .text.__NVIC_SetPriority
                0x08000384       0x54 CMakeFiles/usart-01.elf.dir/Drivers/STM32F1xx_HAL_Driver/Src/stm32f1xx_hal_cortex.c.obj
 .text.NVIC_EncodePriority
                0x080003d8       0x64 CMakeFiles/usart-01.elf.dir/Drivers/STM32F1xx_HAL_Driver/Src/stm32f1xx_hal_cortex.c.obj
 .text.SysTick_Config
                0x0800043c       0x44 CMakeFiles/usart-01.elf.dir/Drivers/STM32F1xx_HAL_Driver/Src/stm32f1xx_hal_cortex.c.obj
 .text.HAL_NVIC_SetPriorityGrouping
                0x08000480       0x16 CMakeFiles/usart-01.elf.dir/Drivers/STM32F1xx_HAL_Driver/Src/stm32f1xx_hal_cortex.c.obj
                0x08000480                HAL_NVIC_SetPriorityGrouping
 .text.HAL_NVIC_SetPriority
                0x08000496       0x38 CMakeFiles/usart-01.elf.dir/Drivers/STM32F1xx_HAL_Driver/Src/stm32f1xx_hal_cortex.c.obj
                0x08000496                HAL_NVIC_SetPriority
 .text.HAL_NVIC_EnableIRQ
                0x080004ce       0x1c CMakeFiles/usart-01.elf.dir/Drivers/STM32F1xx_HAL_Driver/Src/stm32f1xx_hal_cortex.c.obj
                0x080004ce                HAL_NVIC_EnableIRQ
 .text.HAL_SYSTICK_Config
                0x080004ea       0x18 CMakeFiles/usart-01.elf.dir/Drivers/STM32F1xx_HAL_Driver/Src/stm32f1xx_hal_cortex.c.obj
                0x080004ea                HAL_SYSTICK_Config
 *fill*         0x08000502        0x2 
 .text.HAL_DMA_Abort_IT
                0x08000504      0x210 CMakeFiles/usart-01.elf.dir/Drivers/STM32F1xx_HAL_Driver/Src/stm32f1xx_hal_dma.c.obj
                0x08000504                HAL_DMA_Abort_IT
 .text.HAL_GPIO_Init
                0x08000714      0x328 CMakeFiles/usart-01.elf.dir/Drivers/STM32F1xx_HAL_Driver/Src/stm32f1xx_hal_gpio.c.obj
                0x08000714                HAL_GPIO_Init
 .text.HAL_GPIO_WritePin
                0x08000a3c       0x30 CMakeFiles/usart-01.elf.dir/Drivers/STM32F1xx_HAL_Driver/Src/stm32f1xx_hal_gpio.c.obj
                0x08000a3c                HAL_GPIO_WritePin
 .text.HAL_RCC_OscConfig
                0x08000a6c      0x500 CMakeFiles/usart-01.elf.dir/Drivers/STM32F1xx_HAL_Driver/Src/stm32f1xx_hal_rcc.c.obj
                0x08000a6c                HAL_RCC_OscConfig
 .text.HAL_RCC_ClockConfig
                0x08000f6c      0x1d4 CMakeFiles/usart-01.elf.dir/Drivers/STM32F1xx_HAL_Driver/Src/stm32f1xx_hal_rcc.c.obj
                0x08000f6c                HAL_RCC_ClockConfig
 .text.HAL_RCC_GetSysClockFreq
                0x08001140       0xc0 CMakeFiles/usart-01.elf.dir/Drivers/STM32F1xx_HAL_Driver/Src/stm32f1xx_hal_rcc.c.obj
                0x08001140                HAL_RCC_GetSysClockFreq
 .text.HAL_RCC_GetHCLKFreq
                0x08001200       0x14 CMakeFiles/usart-01.elf.dir/Drivers/STM32F1xx_HAL_Driver/Src/stm32f1xx_hal_rcc.c.obj
                0x08001200                HAL_RCC_GetHCLKFreq
 .text.HAL_RCC_GetPCLK1Freq
                0x08001214       0x28 CMakeFiles/usart-01.elf.dir/Drivers/STM32F1xx_HAL_Driver/Src/stm32f1xx_hal_rcc.c.obj
                0x08001214                HAL_RCC_GetPCLK1Freq
 .text.HAL_RCC_GetPCLK2Freq
                0x0800123c       0x28 CMakeFiles/usart-01.elf.dir/Drivers/STM32F1xx_HAL_Driver/Src/stm32f1xx_hal_rcc.c.obj
                0x0800123c                HAL_RCC_GetPCLK2Freq
 .text.RCC_Delay
                0x08001264       0x3c CMakeFiles/usart-01.elf.dir/Drivers/STM32F1xx_HAL_Driver/Src/stm32f1xx_hal_rcc.c.obj
 .text.HAL_UART_Init
                0x080012a0       0x9a CMakeFiles/usart-01.elf.dir/Drivers/STM32F1xx_HAL_Driver/Src/stm32f1xx_hal_uart.c.obj
                0x080012a0                HAL_UART_Init
 .text.HAL_UART_Transmit
                0x0800133a      0x132 CMakeFiles/usart-01.elf.dir/Drivers/STM32F1xx_HAL_Driver/Src/stm32f1xx_hal_uart.c.obj
                0x0800133a                HAL_UART_Transmit
 .text.HAL_UART_Receive_IT
                0x0800146c       0xa8 CMakeFiles/usart-01.elf.dir/Drivers/STM32F1xx_HAL_Driver/Src/stm32f1xx_hal_uart.c.obj
                0x0800146c                HAL_UART_Receive_IT
 .text.HAL_UART_IRQHandler
                0x08001514      0x1f4 CMakeFiles/usart-01.elf.dir/Drivers/STM32F1xx_HAL_Driver/Src/stm32f1xx_hal_uart.c.obj
                0x08001514                HAL_UART_IRQHandler
 .text.HAL_UART_TxCpltCallback
                0x08001708       0x12 CMakeFiles/usart-01.elf.dir/Drivers/STM32F1xx_HAL_Driver/Src/stm32f1xx_hal_uart.c.obj
                0x08001708                HAL_UART_TxCpltCallback
 .text.HAL_UART_ErrorCallback
                0x0800171a       0x12 CMakeFiles/usart-01.elf.dir/Drivers/STM32F1xx_HAL_Driver/Src/stm32f1xx_hal_uart.c.obj
                0x0800171a                HAL_UART_ErrorCallback
 .text.UART_WaitOnFlagUntilTimeout
                0x0800172c       0x94 CMakeFiles/usart-01.elf.dir/Drivers/STM32F1xx_HAL_Driver/Src/stm32f1xx_hal_uart.c.obj
 .text.UART_EndRxTransfer
                0x080017c0       0x3a CMakeFiles/usart-01.elf.dir/Drivers/STM32F1xx_HAL_Driver/Src/stm32f1xx_hal_uart.c.obj
 .text.UART_DMAAbortOnError
                0x080017fa       0x28 CMakeFiles/usart-01.elf.dir/Drivers/STM32F1xx_HAL_Driver/Src/stm32f1xx_hal_uart.c.obj
 .text.UART_Transmit_IT
                0x08001822       0xaa CMakeFiles/usart-01.elf.dir/Drivers/STM32F1xx_HAL_Driver/Src/stm32f1xx_hal_uart.c.obj
 .text.UART_EndTransmit_IT
                0x080018cc       0x30 CMakeFiles/usart-01.elf.dir/Drivers/STM32F1xx_HAL_Driver/Src/stm32f1xx_hal_uart.c.obj
 .text.UART_Receive_IT
                0x080018fc      0x102 CMakeFiles/usart-01.elf.dir/Drivers/STM32F1xx_HAL_Driver/Src/stm32f1xx_hal_uart.c.obj
 *fill*         0x080019fe        0x2 
 .text.UART_SetConfig
                0x08001a00      0x1b4 CMakeFiles/usart-01.elf.dir/Drivers/STM32F1xx_HAL_Driver/Src/stm32f1xx_hal_uart.c.obj
 .text.MX_GPIO_Init
                0x08001bb4       0x98 CMakeFiles/usart-01.elf.dir/Src/gpio.c.obj
                0x08001bb4                MX_GPIO_Init
 .text.HAL_UART_RxCpltCallback
                0x08001c4c       0xc0 CMakeFiles/usart-01.elf.dir/Src/main.c.obj
                0x08001c4c                HAL_UART_RxCpltCallback
 .text.main     0x08001d0c       0x68 CMakeFiles/usart-01.elf.dir/Src/main.c.obj
                0x08001d0c                main
 .text.SystemClock_Config
                0x08001d74       0x8a CMakeFiles/usart-01.elf.dir/Src/main.c.obj
                0x08001d74                SystemClock_Config
 .text.Error_Handler
                0x08001dfe        0xc CMakeFiles/usart-01.elf.dir/Src/main.c.obj
                0x08001dfe                Error_Handler
 *fill*         0x08001e0a        0x2 
 .text.HAL_MspInit
                0x08001e0c       0x64 CMakeFiles/usart-01.elf.dir/Src/stm32f1xx_hal_msp.c.obj
                0x08001e0c                HAL_MspInit
 .text.NMI_Handler
                0x08001e70        0xc CMakeFiles/usart-01.elf.dir/Src/stm32f1xx_it.c.obj
                0x08001e70                NMI_Handler
 .text.HardFault_Handler
                0x08001e7c        0x6 CMakeFiles/usart-01.elf.dir/Src/stm32f1xx_it.c.obj
                0x08001e7c                HardFault_Handler
 .text.MemManage_Handler
                0x08001e82        0x6 CMakeFiles/usart-01.elf.dir/Src/stm32f1xx_it.c.obj
                0x08001e82                MemManage_Handler
 .text.BusFault_Handler
                0x08001e88        0x6 CMakeFiles/usart-01.elf.dir/Src/stm32f1xx_it.c.obj
                0x08001e88                BusFault_Handler
 .text.UsageFault_Handler
                0x08001e8e        0x6 CMakeFiles/usart-01.elf.dir/Src/stm32f1xx_it.c.obj
                0x08001e8e                UsageFault_Handler
 .text.SVC_Handler
                0x08001e94        0xc CMakeFiles/usart-01.elf.dir/Src/stm32f1xx_it.c.obj
                0x08001e94                SVC_Handler
 .text.DebugMon_Handler
                0x08001ea0        0xc CMakeFiles/usart-01.elf.dir/Src/stm32f1xx_it.c.obj
                0x08001ea0                DebugMon_Handler
 .text.PendSV_Handler
                0x08001eac        0xc CMakeFiles/usart-01.elf.dir/Src/stm32f1xx_it.c.obj
                0x08001eac                PendSV_Handler
 .text.SysTick_Handler
                0x08001eb8        0xc CMakeFiles/usart-01.elf.dir/Src/stm32f1xx_it.c.obj
                0x08001eb8                SysTick_Handler
 .text.USART1_IRQHandler
                0x08001ec4       0x14 CMakeFiles/usart-01.elf.dir/Src/stm32f1xx_it.c.obj
                0x08001ec4                USART1_IRQHandler
 .text.SystemInit
                0x08001ed8       0x68 CMakeFiles/usart-01.elf.dir/Src/system_stm32f1xx.c.obj
                0x08001ed8                SystemInit
 .text.MX_USART1_UART_Init
                0x08001f40       0x54 CMakeFiles/usart-01.elf.dir/Src/usart.c.obj
                0x08001f40                MX_USART1_UART_Init
 .text.HAL_UART_MspInit
                0x08001f94       0xa8 CMakeFiles/usart-01.elf.dir/Src/usart.c.obj
                0x08001f94                HAL_UART_MspInit
 .text.Reset_Handler
                0x0800203c       0x48 CMakeFiles/usart-01.elf.dir/Startup/startup_stm32f103rctx.s.obj
                0x0800203c                Reset_Handler
 .text.Default_Handler
                0x08002084        0x2 CMakeFiles/usart-01.elf.dir/Startup/startup_stm32f103rctx.s.obj
                0x08002084                RTC_Alarm_IRQHandler
                0x08002084                EXTI2_IRQHandler
                0x08002084                TIM8_TRG_COM_IRQHandler
                0x08002084                TIM8_CC_IRQHandler
                0x08002084                TIM1_CC_IRQHandler
                0x08002084                TIM6_IRQHandler
                0x08002084                PVD_IRQHandler
                0x08002084                SDIO_IRQHandler
                0x08002084                EXTI3_IRQHandler
                0x08002084                EXTI0_IRQHandler
                0x08002084                I2C2_EV_IRQHandler
                0x08002084                ADC1_2_IRQHandler
                0x08002084                SPI1_IRQHandler
                0x08002084                TAMPER_IRQHandler
                0x08002084                TIM8_UP_IRQHandler
                0x08002084                DMA2_Channel2_IRQHandler
                0x08002084                DMA1_Channel4_IRQHandler
                0x08002084                USART3_IRQHandler
                0x08002084                RTC_IRQHandler
                0x08002084                DMA1_Channel7_IRQHandler
                0x08002084                CAN1_RX1_IRQHandler
                0x08002084                UART5_IRQHandler
                0x08002084                ADC3_IRQHandler
                0x08002084                TIM4_IRQHandler
                0x08002084                DMA2_Channel1_IRQHandler
                0x08002084                I2C1_EV_IRQHandler
                0x08002084                DMA1_Channel6_IRQHandler
                0x08002084                UART4_IRQHandler
                0x08002084                TIM3_IRQHandler
                0x08002084                RCC_IRQHandler
                0x08002084                TIM1_TRG_COM_IRQHandler
                0x08002084                DMA1_Channel1_IRQHandler
                0x08002084                Default_Handler
                0x08002084                EXTI15_10_IRQHandler
                0x08002084                TIM7_IRQHandler
                0x08002084                TIM5_IRQHandler
                0x08002084                EXTI9_5_IRQHandler
                0x08002084                SPI2_IRQHandler
                0x08002084                DMA1_Channel5_IRQHandler
                0x08002084                EXTI4_IRQHandler
                0x08002084                USB_LP_CAN1_RX0_IRQHandler
                0x08002084                USB_HP_CAN1_TX_IRQHandler
                0x08002084                DMA1_Channel3_IRQHandler
                0x08002084                FSMC_IRQHandler
                0x08002084                TIM1_UP_IRQHandler
                0x08002084                WWDG_IRQHandler
                0x08002084                TIM2_IRQHandler
                0x08002084                TIM1_BRK_IRQHandler
                0x08002084                EXTI1_IRQHandler
                0x08002084                DMA2_Channel4_5_IRQHandler
                0x08002084                USART2_IRQHandler
                0x08002084                I2C2_ER_IRQHandler
                0x08002084                DMA1_Channel2_IRQHandler
                0x08002084                TIM8_BRK_IRQHandler
                0x08002084                CAN1_SCE_IRQHandler
                0x08002084                FLASH_IRQHandler
                0x08002084                SPI3_IRQHandler
                0x08002084                I2C1_ER_IRQHandler
                0x08002084                USBWakeUp_IRQHandler
                0x08002084                DMA2_Channel3_IRQHandler
 *fill*         0x08002086        0x2 
 .text.__libc_init_array
                0x08002088       0x48 d:/scm/gnutoo~1/92019-~1/bin/../lib/gcc/arm-none-eabi/9.2.1/../../../../arm-none-eabi/lib/thumb/v7-m/nofp\libg.a(lib_a-init.o)
                0x08002088                __libc_init_array
 .text.memset   0x080020d0       0xa0 d:/scm/gnutoo~1/92019-~1/bin/../lib/gcc/arm-none-eabi/9.2.1/../../../../arm-none-eabi/lib/thumb/v7-m/nofp\libg.a(lib_a-memset.o)
                0x080020d0                memset
 .text.startup.register_fini
                0x08002170       0x14 d:/scm/gnutoo~1/92019-~1/bin/../lib/gcc/arm-none-eabi/9.2.1/../../../../arm-none-eabi/lib/thumb/v7-m/nofp\libg.a(lib_a-__call_atexit.o)
 .text.atexit   0x08002184        0xc d:/scm/gnutoo~1/92019-~1/bin/../lib/gcc/arm-none-eabi/9.2.1/../../../../arm-none-eabi/lib/thumb/v7-m/nofp\libg.a(lib_a-atexit.o)
                0x08002184                atexit
 .text.__libc_fini_array
                0x08002190       0x2c d:/scm/gnutoo~1/92019-~1/bin/../lib/gcc/arm-none-eabi/9.2.1/../../../../arm-none-eabi/lib/thumb/v7-m/nofp\libg.a(lib_a-fini.o)
                0x08002190                __libc_fini_array
 .text.__retarget_lock_acquire_recursive
                0x080021bc        0x4 d:/scm/gnutoo~1/92019-~1/bin/../lib/gcc/arm-none-eabi/9.2.1/../../../../arm-none-eabi/lib/thumb/v7-m/nofp\libg.a(lib_a-lock.o)
                0x080021bc                __retarget_lock_acquire_recursive
 .text.__retarget_lock_release_recursive
                0x080021c0        0x4 d:/scm/gnutoo~1/92019-~1/bin/../lib/gcc/arm-none-eabi/9.2.1/../../../../arm-none-eabi/lib/thumb/v7-m/nofp\libg.a(lib_a-lock.o)
                0x080021c0                __retarget_lock_release_recursive
 .text.__register_exitproc
                0x080021c4       0x8c d:/scm/gnutoo~1/92019-~1/bin/../lib/gcc/arm-none-eabi/9.2.1/../../../../arm-none-eabi/lib/thumb/v7-m/nofp\libg.a(lib_a-__atexit.o)
                0x080021c4                __register_exitproc
 *(.glue_7)
 .glue_7        0x08002250        0x0 linker stubs
 *(.glue_7t)
 .glue_7t       0x08002250        0x0 linker stubs
 *(.eh_frame)
 .eh_frame      0x08002250        0x0 d:/scm/gnutoo~1/92019-~1/bin/../lib/gcc/arm-none-eabi/9.2.1/thumb/v7-m/nofp/crtbegin.o
 *(.init)
 .init          0x08002250        0x4 d:/scm/gnutoo~1/92019-~1/bin/../lib/gcc/arm-none-eabi/9.2.1/thumb/v7-m/nofp/crti.o
                0x08002250                _init
 .init          0x08002254        0x8 d:/scm/gnutoo~1/92019-~1/bin/../lib/gcc/arm-none-eabi/9.2.1/thumb/v7-m/nofp/crtn.o
 *(.fini)
 .fini          0x0800225c        0x4 d:/scm/gnutoo~1/92019-~1/bin/../lib/gcc/arm-none-eabi/9.2.1/thumb/v7-m/nofp/crti.o
                0x0800225c                _fini
 .fini          0x08002260        0x8 d:/scm/gnutoo~1/92019-~1/bin/../lib/gcc/arm-none-eabi/9.2.1/thumb/v7-m/nofp/crtn.o
                0x08002268                . = ALIGN (0x4)
                0x08002268                _etext = .

.vfp11_veneer   0x08002268        0x0
 .vfp11_veneer  0x08002268        0x0 linker stubs

.v4_bx          0x08002268        0x0
 .v4_bx         0x08002268        0x0 linker stubs

.iplt           0x08002268        0x0
 .iplt          0x08002268        0x0 d:/scm/gnutoo~1/92019-~1/bin/../lib/gcc/arm-none-eabi/9.2.1/thumb/v7-m/nofp/crtbegin.o

.rodata         0x08002268       0x2c
                0x08002268                . = ALIGN (0x4)
 *(.rodata)
 .rodata        0x08002268       0x10 CMakeFiles/usart-01.elf.dir/Drivers/STM32F1xx_HAL_Driver/Src/stm32f1xx_hal_rcc.c.obj
 *(.rodata*)
 .rodata.AHBPrescTable
                0x08002278       0x10 CMakeFiles/usart-01.elf.dir/Src/system_stm32f1xx.c.obj
                0x08002278                AHBPrescTable
 .rodata.APBPrescTable
                0x08002288        0x8 CMakeFiles/usart-01.elf.dir/Src/system_stm32f1xx.c.obj
                0x08002288                APBPrescTable
 .rodata._global_impure_ptr
                0x08002290        0x4 d:/scm/gnutoo~1/92019-~1/bin/../lib/gcc/arm-none-eabi/9.2.1/../../../../arm-none-eabi/lib/thumb/v7-m/nofp\libg.a(lib_a-impure.o)
                0x08002290                _global_impure_ptr
                0x08002294                . = ALIGN (0x4)

.rel.dyn        0x08002294        0x0
 .rel.iplt      0x08002294        0x0 d:/scm/gnutoo~1/92019-~1/bin/../lib/gcc/arm-none-eabi/9.2.1/thumb/v7-m/nofp/crtbegin.o

.ARM.extab      0x08002294        0x0
                0x08002294                . = ALIGN (0x4)
 *(.ARM.extab* .gnu.linkonce.armextab.*)
                0x08002294                . = ALIGN (0x4)

.ARM            0x08002294        0x0
                0x08002294                . = ALIGN (0x4)
                0x08002294                __exidx_start = .
 *(.ARM.exidx*)
                0x08002294                __exidx_end = .
                0x08002294                . = ALIGN (0x4)

.preinit_array  0x08002294        0x0
                0x08002294                . = ALIGN (0x4)
                0x08002294                PROVIDE (__preinit_array_start = .)
 *(.preinit_array*)
                0x08002294                PROVIDE (__preinit_array_end = .)
                0x08002294                . = ALIGN (0x4)

.init_array     0x08002294        0x8
                0x08002294                . = ALIGN (0x4)
                0x08002294                PROVIDE (__init_array_start = .)
 *(SORT_BY_NAME(.init_array.*))
 .init_array.00000
                0x08002294        0x4 d:/scm/gnutoo~1/92019-~1/bin/../lib/gcc/arm-none-eabi/9.2.1/../../../../arm-none-eabi/lib/thumb/v7-m/nofp\libg.a(lib_a-__call_atexit.o)
 *(.init_array*)
 .init_array    0x08002298        0x4 d:/scm/gnutoo~1/92019-~1/bin/../lib/gcc/arm-none-eabi/9.2.1/thumb/v7-m/nofp/crtbegin.o
                0x0800229c                PROVIDE (__init_array_end = .)
                0x0800229c                . = ALIGN (0x4)

.fini_array     0x0800229c        0x4
                0x0800229c                . = ALIGN (0x4)
                0x0800229c                PROVIDE (__fini_array_start = .)
 *(SORT_BY_NAME(.fini_array.*))
 *(.fini_array*)
 .fini_array    0x0800229c        0x4 d:/scm/gnutoo~1/92019-~1/bin/../lib/gcc/arm-none-eabi/9.2.1/thumb/v7-m/nofp/crtbegin.o
                0x080022a0                PROVIDE (__fini_array_end = .)
                0x080022a0                . = ALIGN (0x4)
                0x080022a0                _sidata = LOADADDR (.data)

.data           0x20000000      0x46c load address 0x080022a0
                0x20000000                . = ALIGN (0x4)
                0x20000000                _sdata = .
 *(.data)
 *(.data*)
 .data.uwTickPrio
                0x20000000        0x4 CMakeFiles/usart-01.elf.dir/Drivers/STM32F1xx_HAL_Driver/Src/stm32f1xx_hal.c.obj
                0x20000000                uwTickPrio
 .data.uwTickFreq
                0x20000004        0x1 CMakeFiles/usart-01.elf.dir/Drivers/STM32F1xx_HAL_Driver/Src/stm32f1xx_hal.c.obj
                0x20000004                uwTickFreq
 *fill*         0x20000005        0x3 
 .data.Tx_str1  0x20000008        0xf CMakeFiles/usart-01.elf.dir/Src/main.c.obj
                0x20000008                Tx_str1
 *fill*         0x20000017        0x1 
 .data.Tx_str2  0x20000018        0xd CMakeFiles/usart-01.elf.dir/Src/main.c.obj
                0x20000018                Tx_str2
 *fill*         0x20000025        0x3 
 .data.Tx_str3  0x20000028        0xf CMakeFiles/usart-01.elf.dir/Src/main.c.obj
                0x20000028                Tx_str3
 *fill*         0x20000037        0x1 
 .data.SystemCoreClock
                0x20000038        0x4 CMakeFiles/usart-01.elf.dir/Src/system_stm32f1xx.c.obj
                0x20000038                SystemCoreClock
 *fill*         0x2000003c        0x4 
 .data.impure_data
                0x20000040      0x428 d:/scm/gnutoo~1/92019-~1/bin/../lib/gcc/arm-none-eabi/9.2.1/../../../../arm-none-eabi/lib/thumb/v7-m/nofp\libg.a(lib_a-impure.o)
 .data.__atexit_recursive_mutex
                0x20000468        0x4 d:/scm/gnutoo~1/92019-~1/bin/../lib/gcc/arm-none-eabi/9.2.1/../../../../arm-none-eabi/lib/thumb/v7-m/nofp\libg.a(lib_a-__call_atexit.o)
                0x20000468                __atexit_recursive_mutex
                0x2000046c                . = ALIGN (0x4)
                0x2000046c                _edata = .

.igot.plt       0x2000046c        0x0 load address 0x0800270c
 .igot.plt      0x2000046c        0x0 d:/scm/gnutoo~1/92019-~1/bin/../lib/gcc/arm-none-eabi/9.2.1/thumb/v7-m/nofp/crtbegin.o
                0x2000046c                . = ALIGN (0x4)

.bss            0x2000046c       0x88 load address 0x0800270c
                0x2000046c                _sbss = .
                0x2000046c                __bss_start__ = _sbss
 *(.bss)
 .bss           0x2000046c       0x1c d:/scm/gnutoo~1/92019-~1/bin/../lib/gcc/arm-none-eabi/9.2.1/thumb/v7-m/nofp/crtbegin.o
 *(.bss*)
 .bss.uwTick    0x20000488        0x4 CMakeFiles/usart-01.elf.dir/Drivers/STM32F1xx_HAL_Driver/Src/stm32f1xx_hal.c.obj
                0x20000488                uwTick
 .bss.Rx_dat    0x2000048c        0x1 CMakeFiles/usart-01.elf.dir/Src/main.c.obj
                0x2000048c                Rx_dat
 *fill*         0x2000048d        0x3 
 .bss.huart1    0x20000490       0x40 CMakeFiles/usart-01.elf.dir/Src/usart.c.obj
                0x20000490                huart1
 *(COMMON)
 COMMON         0x200004d0       0x21 d:/scm/gnutoo~1/92019-~1/bin/../lib/gcc/arm-none-eabi/9.2.1/../../../../arm-none-eabi/lib/thumb/v7-m/nofp\libg.a(lib_a-lock.o)
                0x200004d0                __lock___atexit_recursive_mutex
                0x200004d4                __lock___arc4random_mutex
                0x200004d8                __lock___env_recursive_mutex
                0x200004dc                __lock___sinit_recursive_mutex
                0x200004e0                __lock___malloc_recursive_mutex
                0x200004e4                __lock___at_quick_exit_mutex
                0x200004e8                __lock___dd_hash_mutex
                0x200004ec                __lock___tz_mutex
                0x200004f0                __lock___sfp_recursive_mutex
                0x200004f4                . = ALIGN (0x4)
 *fill*         0x200004f1        0x3 
                0x200004f4                _ebss = .
                0x200004f4                __bss_end__ = _ebss

._user_heap_stack
                0x200004f4      0x604 load address 0x0800270c
                0x200004f8                . = ALIGN (0x8)
 *fill*         0x200004f4        0x4 
                0x200004f8                PROVIDE (end = .)
                [!provide]                PROVIDE (_end = .)
                0x200006f8                . = (. + _Min_Heap_Size)
 *fill*         0x200004f8      0x200 
                0x20000af8                . = (. + _Min_Stack_Size)
 *fill*         0x200006f8      0x400 
                0x20000af8                . = ALIGN (0x8)

/DISCARD/
 libc.a(*)
 libm.a(*)
 libgcc.a(*)

.ARM.attributes
                0x00000000       0x29
 *(.ARM.attributes)
 .ARM.attributes
                0x00000000       0x1d d:/scm/gnutoo~1/92019-~1/bin/../lib/gcc/arm-none-eabi/9.2.1/thumb/v7-m/nofp/crti.o
 .ARM.attributes
                0x0000001d       0x2d d:/scm/gnutoo~1/92019-~1/bin/../lib/gcc/arm-none-eabi/9.2.1/thumb/v7-m/nofp/crtbegin.o
 .ARM.attributes
                0x0000004a       0x2d CMakeFiles/usart-01.elf.dir/Drivers/STM32F1xx_HAL_Driver/Src/stm32f1xx_hal.c.obj
 .ARM.attributes
                0x00000077       0x2d CMakeFiles/usart-01.elf.dir/Drivers/STM32F1xx_HAL_Driver/Src/stm32f1xx_hal_cortex.c.obj
 .ARM.attributes
                0x000000a4       0x2d CMakeFiles/usart-01.elf.dir/Drivers/STM32F1xx_HAL_Driver/Src/stm32f1xx_hal_dma.c.obj
 .ARM.attributes
                0x000000d1       0x2d CMakeFiles/usart-01.elf.dir/Drivers/STM32F1xx_HAL_Driver/Src/stm32f1xx_hal_gpio.c.obj
 .ARM.attributes
                0x000000fe       0x2d CMakeFiles/usart-01.elf.dir/Drivers/STM32F1xx_HAL_Driver/Src/stm32f1xx_hal_rcc.c.obj
 .ARM.attributes
                0x0000012b       0x2d CMakeFiles/usart-01.elf.dir/Drivers/STM32F1xx_HAL_Driver/Src/stm32f1xx_hal_uart.c.obj
 .ARM.attributes
                0x00000158       0x2d CMakeFiles/usart-01.elf.dir/Src/gpio.c.obj
 .ARM.attributes
                0x00000185       0x2d CMakeFiles/usart-01.elf.dir/Src/main.c.obj
 .ARM.attributes
                0x000001b2       0x2d CMakeFiles/usart-01.elf.dir/Src/stm32f1xx_hal_msp.c.obj
 .ARM.attributes
                0x000001df       0x2d CMakeFiles/usart-01.elf.dir/Src/stm32f1xx_it.c.obj
 .ARM.attributes
                0x0000020c       0x2d CMakeFiles/usart-01.elf.dir/Src/system_stm32f1xx.c.obj
 .ARM.attributes
                0x00000239       0x2d CMakeFiles/usart-01.elf.dir/Src/usart.c.obj
 .ARM.attributes
                0x00000266       0x21 CMakeFiles/usart-01.elf.dir/Startup/startup_stm32f103rctx.s.obj
 .ARM.attributes
                0x00000287       0x2d d:/scm/gnutoo~1/92019-~1/bin/../lib/gcc/arm-none-eabi/9.2.1/../../../../arm-none-eabi/lib/thumb/v7-m/nofp\libg.a(lib_a-impure.o)
 .ARM.attributes
                0x000002b4       0x2d d:/scm/gnutoo~1/92019-~1/bin/../lib/gcc/arm-none-eabi/9.2.1/../../../../arm-none-eabi/lib/thumb/v7-m/nofp\libg.a(lib_a-init.o)
 .ARM.attributes
                0x000002e1       0x2d d:/scm/gnutoo~1/92019-~1/bin/../lib/gcc/arm-none-eabi/9.2.1/../../../../arm-none-eabi/lib/thumb/v7-m/nofp\libg.a(lib_a-memset.o)
 .ARM.attributes
                0x0000030e       0x2d d:/scm/gnutoo~1/92019-~1/bin/../lib/gcc/arm-none-eabi/9.2.1/../../../../arm-none-eabi/lib/thumb/v7-m/nofp\libg.a(lib_a-__call_atexit.o)
 .ARM.attributes
                0x0000033b       0x2d d:/scm/gnutoo~1/92019-~1/bin/../lib/gcc/arm-none-eabi/9.2.1/../../../../arm-none-eabi/lib/thumb/v7-m/nofp\libg.a(lib_a-atexit.o)
 .ARM.attributes
                0x00000368       0x2d d:/scm/gnutoo~1/92019-~1/bin/../lib/gcc/arm-none-eabi/9.2.1/../../../../arm-none-eabi/lib/thumb/v7-m/nofp\libg.a(lib_a-fini.o)
 .ARM.attributes
                0x00000395       0x2d d:/scm/gnutoo~1/92019-~1/bin/../lib/gcc/arm-none-eabi/9.2.1/../../../../arm-none-eabi/lib/thumb/v7-m/nofp\libg.a(lib_a-lock.o)
 .ARM.attributes
                0x000003c2       0x2d d:/scm/gnutoo~1/92019-~1/bin/../lib/gcc/arm-none-eabi/9.2.1/../../../../arm-none-eabi/lib/thumb/v7-m/nofp\libg.a(lib_a-__atexit.o)
 .ARM.attributes
                0x000003ef       0x1d d:/scm/gnutoo~1/92019-~1/bin/../lib/gcc/arm-none-eabi/9.2.1/thumb/v7-m/nofp/crtn.o
OUTPUT(usart-01.elf elf32-littlearm)

.debug_info     0x00000000     0x61d9
 .debug_info    0x00000000      0x7ad CMakeFiles/usart-01.elf.dir/Drivers/STM32F1xx_HAL_Driver/Src/stm32f1xx_hal.c.obj
 .debug_info    0x000007ad      0xc2b CMakeFiles/usart-01.elf.dir/Drivers/STM32F1xx_HAL_Driver/Src/stm32f1xx_hal_cortex.c.obj
 .debug_info    0x000013d8      0x807 CMakeFiles/usart-01.elf.dir/Drivers/STM32F1xx_HAL_Driver/Src/stm32f1xx_hal_dma.c.obj
 .debug_info    0x00001bdf      0x6da CMakeFiles/usart-01.elf.dir/Drivers/STM32F1xx_HAL_Driver/Src/stm32f1xx_hal_gpio.c.obj
 .debug_info    0x000022b9      0x877 CMakeFiles/usart-01.elf.dir/Drivers/STM32F1xx_HAL_Driver/Src/stm32f1xx_hal_rcc.c.obj
 .debug_info    0x00002b30     0x12db CMakeFiles/usart-01.elf.dir/Drivers/STM32F1xx_HAL_Driver/Src/stm32f1xx_hal_uart.c.obj
 .debug_info    0x00003e0b      0x378 CMakeFiles/usart-01.elf.dir/Src/gpio.c.obj
 .debug_info    0x00004183      0x899 CMakeFiles/usart-01.elf.dir/Src/main.c.obj
 .debug_info    0x00004a1c      0x2e5 CMakeFiles/usart-01.elf.dir/Src/stm32f1xx_hal_msp.c.obj
 .debug_info    0x00004d01      0x68b CMakeFiles/usart-01.elf.dir/Src/stm32f1xx_it.c.obj
 .debug_info    0x0000538c      0x462 CMakeFiles/usart-01.elf.dir/Src/system_stm32f1xx.c.obj
 .debug_info    0x000057ee      0x9c9 CMakeFiles/usart-01.elf.dir/Src/usart.c.obj
 .debug_info    0x000061b7       0x22 CMakeFiles/usart-01.elf.dir/Startup/startup_stm32f103rctx.s.obj

.debug_abbrev   0x00000000     0x168a
 .debug_abbrev  0x00000000      0x1fd CMakeFiles/usart-01.elf.dir/Drivers/STM32F1xx_HAL_Driver/Src/stm32f1xx_hal.c.obj
 .debug_abbrev  0x000001fd      0x310 CMakeFiles/usart-01.elf.dir/Drivers/STM32F1xx_HAL_Driver/Src/stm32f1xx_hal_cortex.c.obj
 .debug_abbrev  0x0000050d      0x225 CMakeFiles/usart-01.elf.dir/Drivers/STM32F1xx_HAL_Driver/Src/stm32f1xx_hal_dma.c.obj
 .debug_abbrev  0x00000732      0x1e5 CMakeFiles/usart-01.elf.dir/Drivers/STM32F1xx_HAL_Driver/Src/stm32f1xx_hal_gpio.c.obj
 .debug_abbrev  0x00000917      0x270 CMakeFiles/usart-01.elf.dir/Drivers/STM32F1xx_HAL_Driver/Src/stm32f1xx_hal_rcc.c.obj
 .debug_abbrev  0x00000b87      0x26d CMakeFiles/usart-01.elf.dir/Drivers/STM32F1xx_HAL_Driver/Src/stm32f1xx_hal_uart.c.obj
 .debug_abbrev  0x00000df4      0x14b CMakeFiles/usart-01.elf.dir/Src/gpio.c.obj
 .debug_abbrev  0x00000f3f      0x1b3 CMakeFiles/usart-01.elf.dir/Src/main.c.obj
 .debug_abbrev  0x000010f2      0x11a CMakeFiles/usart-01.elf.dir/Src/stm32f1xx_hal_msp.c.obj
 .debug_abbrev  0x0000120c      0x160 CMakeFiles/usart-01.elf.dir/Src/stm32f1xx_it.c.obj
 .debug_abbrev  0x0000136c      0x14b CMakeFiles/usart-01.elf.dir/Src/system_stm32f1xx.c.obj
 .debug_abbrev  0x000014b7      0x1c1 CMakeFiles/usart-01.elf.dir/Src/usart.c.obj
 .debug_abbrev  0x00001678       0x12 CMakeFiles/usart-01.elf.dir/Startup/startup_stm32f103rctx.s.obj

.debug_aranges  0x00000000      0x678
 .debug_aranges
                0x00000000       0xe0 CMakeFiles/usart-01.elf.dir/Drivers/STM32F1xx_HAL_Driver/Src/stm32f1xx_hal.c.obj
 .debug_aranges
                0x000000e0      0x100 CMakeFiles/usart-01.elf.dir/Drivers/STM32F1xx_HAL_Driver/Src/stm32f1xx_hal_cortex.c.obj
 .debug_aranges
                0x000001e0       0x80 CMakeFiles/usart-01.elf.dir/Drivers/STM32F1xx_HAL_Driver/Src/stm32f1xx_hal_dma.c.obj
 .debug_aranges
                0x00000260       0x58 CMakeFiles/usart-01.elf.dir/Drivers/STM32F1xx_HAL_Driver/Src/stm32f1xx_hal_gpio.c.obj
 .debug_aranges
                0x000002b8       0x90 CMakeFiles/usart-01.elf.dir/Drivers/STM32F1xx_HAL_Driver/Src/stm32f1xx_hal_rcc.c.obj
 .debug_aranges
                0x00000348      0x1d0 CMakeFiles/usart-01.elf.dir/Drivers/STM32F1xx_HAL_Driver/Src/stm32f1xx_hal_uart.c.obj
 .debug_aranges
                0x00000518       0x20 CMakeFiles/usart-01.elf.dir/Src/gpio.c.obj
 .debug_aranges
                0x00000538       0x38 CMakeFiles/usart-01.elf.dir/Src/main.c.obj
 .debug_aranges
                0x00000570       0x20 CMakeFiles/usart-01.elf.dir/Src/stm32f1xx_hal_msp.c.obj
 .debug_aranges
                0x00000590       0x68 CMakeFiles/usart-01.elf.dir/Src/stm32f1xx_it.c.obj
 .debug_aranges
                0x000005f8       0x28 CMakeFiles/usart-01.elf.dir/Src/system_stm32f1xx.c.obj
 .debug_aranges
                0x00000620       0x30 CMakeFiles/usart-01.elf.dir/Src/usart.c.obj
 .debug_aranges
                0x00000650       0x28 CMakeFiles/usart-01.elf.dir/Startup/startup_stm32f103rctx.s.obj

.debug_ranges   0x00000000      0x5b0
 .debug_ranges  0x00000000       0xd0 CMakeFiles/usart-01.elf.dir/Drivers/STM32F1xx_HAL_Driver/Src/stm32f1xx_hal.c.obj
 .debug_ranges  0x000000d0       0xf0 CMakeFiles/usart-01.elf.dir/Drivers/STM32F1xx_HAL_Driver/Src/stm32f1xx_hal_cortex.c.obj
 .debug_ranges  0x000001c0       0x70 CMakeFiles/usart-01.elf.dir/Drivers/STM32F1xx_HAL_Driver/Src/stm32f1xx_hal_dma.c.obj
 .debug_ranges  0x00000230       0x48 CMakeFiles/usart-01.elf.dir/Drivers/STM32F1xx_HAL_Driver/Src/stm32f1xx_hal_gpio.c.obj
 .debug_ranges  0x00000278       0x80 CMakeFiles/usart-01.elf.dir/Drivers/STM32F1xx_HAL_Driver/Src/stm32f1xx_hal_rcc.c.obj
 .debug_ranges  0x000002f8      0x1c0 CMakeFiles/usart-01.elf.dir/Drivers/STM32F1xx_HAL_Driver/Src/stm32f1xx_hal_uart.c.obj
 .debug_ranges  0x000004b8       0x10 CMakeFiles/usart-01.elf.dir/Src/gpio.c.obj
 .debug_ranges  0x000004c8       0x28 CMakeFiles/usart-01.elf.dir/Src/main.c.obj
 .debug_ranges  0x000004f0       0x10 CMakeFiles/usart-01.elf.dir/Src/stm32f1xx_hal_msp.c.obj
 .debug_ranges  0x00000500       0x58 CMakeFiles/usart-01.elf.dir/Src/stm32f1xx_it.c.obj
 .debug_ranges  0x00000558       0x18 CMakeFiles/usart-01.elf.dir/Src/system_stm32f1xx.c.obj
 .debug_ranges  0x00000570       0x20 CMakeFiles/usart-01.elf.dir/Src/usart.c.obj
 .debug_ranges  0x00000590       0x20 CMakeFiles/usart-01.elf.dir/Startup/startup_stm32f103rctx.s.obj

.debug_line     0x00000000     0x4da1
 .debug_line    0x00000000      0x4e8 CMakeFiles/usart-01.elf.dir/Drivers/STM32F1xx_HAL_Driver/Src/stm32f1xx_hal.c.obj
 .debug_line    0x000004e8      0x6ce CMakeFiles/usart-01.elf.dir/Drivers/STM32F1xx_HAL_Driver/Src/stm32f1xx_hal_cortex.c.obj
 .debug_line    0x00000bb6      0xe3e CMakeFiles/usart-01.elf.dir/Drivers/STM32F1xx_HAL_Driver/Src/stm32f1xx_hal_dma.c.obj
 .debug_line    0x000019f4      0x5c8 CMakeFiles/usart-01.elf.dir/Drivers/STM32F1xx_HAL_Driver/Src/stm32f1xx_hal_gpio.c.obj
 .debug_line    0x00001fbc      0x954 CMakeFiles/usart-01.elf.dir/Drivers/STM32F1xx_HAL_Driver/Src/stm32f1xx_hal_rcc.c.obj
 .debug_line    0x00002910     0x1310 CMakeFiles/usart-01.elf.dir/Drivers/STM32F1xx_HAL_Driver/Src/stm32f1xx_hal_uart.c.obj
 .debug_line    0x00003c20      0x239 CMakeFiles/usart-01.elf.dir/Src/gpio.c.obj
 .debug_line    0x00003e59      0x37d CMakeFiles/usart-01.elf.dir/Src/main.c.obj
 .debug_line    0x000041d6      0x21e CMakeFiles/usart-01.elf.dir/Src/stm32f1xx_hal_msp.c.obj
 .debug_line    0x000043f4      0x325 CMakeFiles/usart-01.elf.dir/Src/stm32f1xx_it.c.obj
 .debug_line    0x00004719      0x2d1 CMakeFiles/usart-01.elf.dir/Src/system_stm32f1xx.c.obj
 .debug_line    0x000049ea      0x315 CMakeFiles/usart-01.elf.dir/Src/usart.c.obj
 .debug_line    0x00004cff       0xa2 CMakeFiles/usart-01.elf.dir/Startup/startup_stm32f103rctx.s.obj

.debug_str      0x00000000     0x2074
 .debug_str     0x00000000      0x8f5 CMakeFiles/usart-01.elf.dir/Drivers/STM32F1xx_HAL_Driver/Src/stm32f1xx_hal.c.obj
                                0x959 (size before relaxing)
 .debug_str     0x000008f5      0x42d CMakeFiles/usart-01.elf.dir/Drivers/STM32F1xx_HAL_Driver/Src/stm32f1xx_hal_cortex.c.obj
                                0xac0 (size before relaxing)
 .debug_str     0x00000d22      0x413 CMakeFiles/usart-01.elf.dir/Drivers/STM32F1xx_HAL_Driver/Src/stm32f1xx_hal_dma.c.obj
                                0x71e (size before relaxing)
 .debug_str     0x00001135      0x1ed CMakeFiles/usart-01.elf.dir/Drivers/STM32F1xx_HAL_Driver/Src/stm32f1xx_hal_gpio.c.obj
                                0x52d (size before relaxing)
 .debug_str     0x00001322      0x34d CMakeFiles/usart-01.elf.dir/Drivers/STM32F1xx_HAL_Driver/Src/stm32f1xx_hal_rcc.c.obj
                                0x6e8 (size before relaxing)
 .debug_str     0x0000166f      0x70c CMakeFiles/usart-01.elf.dir/Drivers/STM32F1xx_HAL_Driver/Src/stm32f1xx_hal_uart.c.obj
                                0xc2f (size before relaxing)
 .debug_str     0x00001d7b       0x4e CMakeFiles/usart-01.elf.dir/Src/gpio.c.obj
                                0x385 (size before relaxing)
 .debug_str     0x00001dc9       0x7d CMakeFiles/usart-01.elf.dir/Src/main.c.obj
                                0x828 (size before relaxing)
 .debug_str     0x00001e46       0x3e CMakeFiles/usart-01.elf.dir/Src/stm32f1xx_hal_msp.c.obj
                                0x347 (size before relaxing)
 .debug_str     0x00001e84       0xdb CMakeFiles/usart-01.elf.dir/Src/stm32f1xx_it.c.obj
                                0x706 (size before relaxing)
 .debug_str     0x00001f5f       0x70 CMakeFiles/usart-01.elf.dir/Src/system_stm32f1xx.c.obj
                                0x39c (size before relaxing)
 .debug_str     0x00001fcf       0x51 CMakeFiles/usart-01.elf.dir/Src/usart.c.obj
                                0xb08 (size before relaxing)
 .debug_str     0x00002020       0x54 CMakeFiles/usart-01.elf.dir/Startup/startup_stm32f103rctx.s.obj
                                 0x8c (size before relaxing)

.comment        0x00000000       0x79
 .comment       0x00000000       0x79 CMakeFiles/usart-01.elf.dir/Drivers/STM32F1xx_HAL_Driver/Src/stm32f1xx_hal.c.obj
                                 0x7a (size before relaxing)
 .comment       0x00000079       0x7a CMakeFiles/usart-01.elf.dir/Drivers/STM32F1xx_HAL_Driver/Src/stm32f1xx_hal_cortex.c.obj
 .comment       0x00000079       0x7a CMakeFiles/usart-01.elf.dir/Drivers/STM32F1xx_HAL_Driver/Src/stm32f1xx_hal_dma.c.obj
 .comment       0x00000079       0x7a CMakeFiles/usart-01.elf.dir/Drivers/STM32F1xx_HAL_Driver/Src/stm32f1xx_hal_gpio.c.obj
 .comment       0x00000079       0x7a CMakeFiles/usart-01.elf.dir/Drivers/STM32F1xx_HAL_Driver/Src/stm32f1xx_hal_rcc.c.obj
 .comment       0x00000079       0x7a CMakeFiles/usart-01.elf.dir/Drivers/STM32F1xx_HAL_Driver/Src/stm32f1xx_hal_uart.c.obj
 .comment       0x00000079       0x7a CMakeFiles/usart-01.elf.dir/Src/gpio.c.obj
 .comment       0x00000079       0x7a CMakeFiles/usart-01.elf.dir/Src/main.c.obj
 .comment       0x00000079       0x7a CMakeFiles/usart-01.elf.dir/Src/stm32f1xx_hal_msp.c.obj
 .comment       0x00000079       0x7a CMakeFiles/usart-01.elf.dir/Src/stm32f1xx_it.c.obj
 .comment       0x00000079       0x7a CMakeFiles/usart-01.elf.dir/Src/system_stm32f1xx.c.obj
 .comment       0x00000079       0x7a CMakeFiles/usart-01.elf.dir/Src/usart.c.obj

.debug_frame    0x00000000     0x19f0
 .debug_frame   0x00000000      0x334 CMakeFiles/usart-01.elf.dir/Drivers/STM32F1xx_HAL_Driver/Src/stm32f1xx_hal.c.obj
 .debug_frame   0x00000334      0x428 CMakeFiles/usart-01.elf.dir/Drivers/STM32F1xx_HAL_Driver/Src/stm32f1xx_hal_cortex.c.obj
 .debug_frame   0x0000075c      0x20c CMakeFiles/usart-01.elf.dir/Drivers/STM32F1xx_HAL_Driver/Src/stm32f1xx_hal_dma.c.obj
 .debug_frame   0x00000968      0x14c CMakeFiles/usart-01.elf.dir/Drivers/STM32F1xx_HAL_Driver/Src/stm32f1xx_hal_gpio.c.obj
 .debug_frame   0x00000ab4      0x21c CMakeFiles/usart-01.elf.dir/Drivers/STM32F1xx_HAL_Driver/Src/stm32f1xx_hal_rcc.c.obj
 .debug_frame   0x00000cd0      0x834 CMakeFiles/usart-01.elf.dir/Drivers/STM32F1xx_HAL_Driver/Src/stm32f1xx_hal_uart.c.obj
 .debug_frame   0x00001504       0x34 CMakeFiles/usart-01.elf.dir/Src/gpio.c.obj
 .debug_frame   0x00001538       0x94 CMakeFiles/usart-01.elf.dir/Src/main.c.obj
 .debug_frame   0x000015cc       0x38 CMakeFiles/usart-01.elf.dir/Src/stm32f1xx_hal_msp.c.obj
 .debug_frame   0x00001604      0x128 CMakeFiles/usart-01.elf.dir/Src/stm32f1xx_it.c.obj
 .debug_frame   0x0000172c       0x58 CMakeFiles/usart-01.elf.dir/Src/system_stm32f1xx.c.obj
 .debug_frame   0x00001784       0x74 CMakeFiles/usart-01.elf.dir/Src/usart.c.obj
 .debug_frame   0x000017f8       0x2c d:/scm/gnutoo~1/92019-~1/bin/../lib/gcc/arm-none-eabi/9.2.1/../../../../arm-none-eabi/lib/thumb/v7-m/nofp\libg.a(lib_a-init.o)
 .debug_frame   0x00001824       0x38 d:/scm/gnutoo~1/92019-~1/bin/../lib/gcc/arm-none-eabi/9.2.1/../../../../arm-none-eabi/lib/thumb/v7-m/nofp\libg.a(lib_a-memset.o)
 .debug_frame   0x0000185c       0x5c d:/scm/gnutoo~1/92019-~1/bin/../lib/gcc/arm-none-eabi/9.2.1/../../../../arm-none-eabi/lib/thumb/v7-m/nofp\libg.a(lib_a-__call_atexit.o)
 .debug_frame   0x000018b8       0x20 d:/scm/gnutoo~1/92019-~1/bin/../lib/gcc/arm-none-eabi/9.2.1/../../../../arm-none-eabi/lib/thumb/v7-m/nofp\libg.a(lib_a-atexit.o)
 .debug_frame   0x000018d8       0x34 d:/scm/gnutoo~1/92019-~1/bin/../lib/gcc/arm-none-eabi/9.2.1/../../../../arm-none-eabi/lib/thumb/v7-m/nofp\libg.a(lib_a-fini.o)
 .debug_frame   0x0000190c       0xb0 d:/scm/gnutoo~1/92019-~1/bin/../lib/gcc/arm-none-eabi/9.2.1/../../../../arm-none-eabi/lib/thumb/v7-m/nofp\libg.a(lib_a-lock.o)
 .debug_frame   0x000019bc       0x34 d:/scm/gnutoo~1/92019-~1/bin/../lib/gcc/arm-none-eabi/9.2.1/../../../../arm-none-eabi/lib/thumb/v7-m/nofp\libg.a(lib_a-__atexit.o)
