Archive member included to satisfy reference by file (symbol)

d:/scm/gnutoo~1/92019-~1/bin/../lib/gcc/arm-none-eabi/9.2.1/../../../../arm-none-eabi/lib/thumb/v7-m/nofp\libg.a(lib_a-errno.o)
                              CMakeFiles/project_05_USART_TX_RX_Data.elf.dir/Src/syscalls.c.obj (__errno)
d:/scm/gnutoo~1/92019-~1/bin/../lib/gcc/arm-none-eabi/9.2.1/../../../../arm-none-eabi/lib/thumb/v7-m/nofp\libg.a(lib_a-exit.o)
                              d:/scm/gnutoo~1/92019-~1/bin/../lib/gcc/arm-none-eabi/9.2.1/../../../../arm-none-eabi/lib/thumb/v7-m/nofp/crt0.o (exit)
d:/scm/gnutoo~1/92019-~1/bin/../lib/gcc/arm-none-eabi/9.2.1/../../../../arm-none-eabi/lib/thumb/v7-m/nofp\libg.a(lib_a-impure.o)
                              d:/scm/gnutoo~1/92019-~1/bin/../lib/gcc/arm-none-eabi/9.2.1/../../../../arm-none-eabi/lib/thumb/v7-m/nofp\libg.a(lib_a-exit.o) (_global_impure_ptr)
d:/scm/gnutoo~1/92019-~1/bin/../lib/gcc/arm-none-eabi/9.2.1/../../../../arm-none-eabi/lib/thumb/v7-m/nofp\libg.a(lib_a-init.o)
                              d:/scm/gnutoo~1/92019-~1/bin/../lib/gcc/arm-none-eabi/9.2.1/../../../../arm-none-eabi/lib/thumb/v7-m/nofp/crt0.o (__libc_init_array)
d:/scm/gnutoo~1/92019-~1/bin/../lib/gcc/arm-none-eabi/9.2.1/../../../../arm-none-eabi/lib/thumb/v7-m/nofp\libg.a(lib_a-memset.o)
                              d:/scm/gnutoo~1/92019-~1/bin/../lib/gcc/arm-none-eabi/9.2.1/../../../../arm-none-eabi/lib/thumb/v7-m/nofp/crt0.o (memset)
d:/scm/gnutoo~1/92019-~1/bin/../lib/gcc/arm-none-eabi/9.2.1/../../../../arm-none-eabi/lib/thumb/v7-m/nofp\libg.a(lib_a-__call_atexit.o)
                              d:/scm/gnutoo~1/92019-~1/bin/../lib/gcc/arm-none-eabi/9.2.1/../../../../arm-none-eabi/lib/thumb/v7-m/nofp\libg.a(lib_a-exit.o) (__call_exitprocs)
d:/scm/gnutoo~1/92019-~1/bin/../lib/gcc/arm-none-eabi/9.2.1/../../../../arm-none-eabi/lib/thumb/v7-m/nofp\libg.a(lib_a-atexit.o)
                              d:/scm/gnutoo~1/92019-~1/bin/../lib/gcc/arm-none-eabi/9.2.1/../../../../arm-none-eabi/lib/thumb/v7-m/nofp\libg.a(lib_a-__call_atexit.o) (atexit)
d:/scm/gnutoo~1/92019-~1/bin/../lib/gcc/arm-none-eabi/9.2.1/../../../../arm-none-eabi/lib/thumb/v7-m/nofp\libg.a(lib_a-fini.o)
                              d:/scm/gnutoo~1/92019-~1/bin/../lib/gcc/arm-none-eabi/9.2.1/../../../../arm-none-eabi/lib/thumb/v7-m/nofp\libg.a(lib_a-__call_atexit.o) (__libc_fini_array)
d:/scm/gnutoo~1/92019-~1/bin/../lib/gcc/arm-none-eabi/9.2.1/../../../../arm-none-eabi/lib/thumb/v7-m/nofp\libg.a(lib_a-lock.o)
                              d:/scm/gnutoo~1/92019-~1/bin/../lib/gcc/arm-none-eabi/9.2.1/../../../../arm-none-eabi/lib/thumb/v7-m/nofp\libg.a(lib_a-__call_atexit.o) (__retarget_lock_acquire_recursive)
d:/scm/gnutoo~1/92019-~1/bin/../lib/gcc/arm-none-eabi/9.2.1/../../../../arm-none-eabi/lib/thumb/v7-m/nofp\libg.a(lib_a-__atexit.o)
                              d:/scm/gnutoo~1/92019-~1/bin/../lib/gcc/arm-none-eabi/9.2.1/../../../../arm-none-eabi/lib/thumb/v7-m/nofp\libg.a(lib_a-atexit.o) (__register_exitproc)

Allocating common symbols
Common symbol       size              file

__lock___atexit_recursive_mutex
                    0x1               d:/scm/gnutoo~1/92019-~1/bin/../lib/gcc/arm-none-eabi/9.2.1/../../../../arm-none-eabi/lib/thumb/v7-m/nofp\libg.a(lib_a-lock.o)
__lock___arc4random_mutex
                    0x1               d:/scm/gnutoo~1/92019-~1/bin/../lib/gcc/arm-none-eabi/9.2.1/../../../../arm-none-eabi/lib/thumb/v7-m/nofp\libg.a(lib_a-lock.o)
__lock___env_recursive_mutex
                    0x1               d:/scm/gnutoo~1/92019-~1/bin/../lib/gcc/arm-none-eabi/9.2.1/../../../../arm-none-eabi/lib/thumb/v7-m/nofp\libg.a(lib_a-lock.o)
__lock___sinit_recursive_mutex
                    0x1               d:/scm/gnutoo~1/92019-~1/bin/../lib/gcc/arm-none-eabi/9.2.1/../../../../arm-none-eabi/lib/thumb/v7-m/nofp\libg.a(lib_a-lock.o)
__lock___malloc_recursive_mutex
                    0x1               d:/scm/gnutoo~1/92019-~1/bin/../lib/gcc/arm-none-eabi/9.2.1/../../../../arm-none-eabi/lib/thumb/v7-m/nofp\libg.a(lib_a-lock.o)
__lock___at_quick_exit_mutex
                    0x1               d:/scm/gnutoo~1/92019-~1/bin/../lib/gcc/arm-none-eabi/9.2.1/../../../../arm-none-eabi/lib/thumb/v7-m/nofp\libg.a(lib_a-lock.o)
__lock___dd_hash_mutex
                    0x1               d:/scm/gnutoo~1/92019-~1/bin/../lib/gcc/arm-none-eabi/9.2.1/../../../../arm-none-eabi/lib/thumb/v7-m/nofp\libg.a(lib_a-lock.o)
__lock___tz_mutex   0x1               d:/scm/gnutoo~1/92019-~1/bin/../lib/gcc/arm-none-eabi/9.2.1/../../../../arm-none-eabi/lib/thumb/v7-m/nofp\libg.a(lib_a-lock.o)
__lock___sfp_recursive_mutex
                    0x1               d:/scm/gnutoo~1/92019-~1/bin/../lib/gcc/arm-none-eabi/9.2.1/../../../../arm-none-eabi/lib/thumb/v7-m/nofp\libg.a(lib_a-lock.o)

Discarded input sections

 .text          0x00000000        0x0 d:/scm/gnutoo~1/92019-~1/bin/../lib/gcc/arm-none-eabi/9.2.1/thumb/v7-m/nofp/crti.o
[...]
Memory Configuration

Name             Origin             Length             Attributes
RAM              0x20000000         0x00010000         xrw
FLASH            0x08000000         0x00080000         xr
*default*        0x00000000         0xffffffff

Linker script and memory map

LOAD d:/scm/gnutoo~1/92019-~1/bin/../lib/gcc/arm-none-eabi/9.2.1/thumb/v7-m/nofp/crti.o
LOAD d:/scm/gnutoo~1/92019-~1/bin/../lib/gcc/arm-none-eabi/9.2.1/thumb/v7-m/nofp/crtbegin.o
LOAD d:/scm/gnutoo~1/92019-~1/bin/../lib/gcc/arm-none-eabi/9.2.1/../../../../arm-none-eabi/lib/thumb/v7-m/nofp/crt0.o
LOAD CMakeFiles/project_05_USART_TX_RX_Data.elf.dir/Drivers/STM32F1xx_HAL_Driver/Src/stm32f1xx_hal.c.obj
LOAD CMakeFiles/project_05_USART_TX_RX_Data.elf.dir/Drivers/STM32F1xx_HAL_Driver/Src/stm32f1xx_hal_cortex.c.obj
LOAD CMakeFiles/project_05_USART_TX_RX_Data.elf.dir/Drivers/STM32F1xx_HAL_Driver/Src/stm32f1xx_hal_dma.c.obj
LOAD CMakeFiles/project_05_USART_TX_RX_Data.elf.dir/Drivers/STM32F1xx_HAL_Driver/Src/stm32f1xx_hal_exti.c.obj
LOAD CMakeFiles/project_05_USART_TX_RX_Data.elf.dir/Drivers/STM32F1xx_HAL_Driver/Src/stm32f1xx_hal_flash.c.obj
LOAD CMakeFiles/project_05_USART_TX_RX_Data.elf.dir/Drivers/STM32F1xx_HAL_Driver/Src/stm32f1xx_hal_flash_ex.c.obj
LOAD CMakeFiles/project_05_USART_TX_RX_Data.elf.dir/Drivers/STM32F1xx_HAL_Driver/Src/stm32f1xx_hal_gpio.c.obj
LOAD CMakeFiles/project_05_USART_TX_RX_Data.elf.dir/Drivers/STM32F1xx_HAL_Driver/Src/stm32f1xx_hal_gpio_ex.c.obj
LOAD CMakeFiles/project_05_USART_TX_RX_Data.elf.dir/Drivers/STM32F1xx_HAL_Driver/Src/stm32f1xx_hal_pwr.c.obj
LOAD CMakeFiles/project_05_USART_TX_RX_Data.elf.dir/Drivers/STM32F1xx_HAL_Driver/Src/stm32f1xx_hal_rcc.c.obj
LOAD CMakeFiles/project_05_USART_TX_RX_Data.elf.dir/Drivers/STM32F1xx_HAL_Driver/Src/stm32f1xx_hal_rcc_ex.c.obj
LOAD CMakeFiles/project_05_USART_TX_RX_Data.elf.dir/Drivers/STM32F1xx_HAL_Driver/Src/stm32f1xx_hal_tim.c.obj
LOAD CMakeFiles/project_05_USART_TX_RX_Data.elf.dir/Drivers/STM32F1xx_HAL_Driver/Src/stm32f1xx_hal_tim_ex.c.obj
LOAD CMakeFiles/project_05_USART_TX_RX_Data.elf.dir/Drivers/STM32F1xx_HAL_Driver/Src/stm32f1xx_hal_uart.c.obj
LOAD CMakeFiles/project_05_USART_TX_RX_Data.elf.dir/Src/gpio.c.obj
LOAD CMakeFiles/project_05_USART_TX_RX_Data.elf.dir/Src/main.c.obj
LOAD CMakeFiles/project_05_USART_TX_RX_Data.elf.dir/Src/stm32f1xx_hal_msp.c.obj
LOAD CMakeFiles/project_05_USART_TX_RX_Data.elf.dir/Src/stm32f1xx_it.c.obj
LOAD CMakeFiles/project_05_USART_TX_RX_Data.elf.dir/Src/syscalls.c.obj
LOAD CMakeFiles/project_05_USART_TX_RX_Data.elf.dir/Src/sysmem.c.obj
LOAD CMakeFiles/project_05_USART_TX_RX_Data.elf.dir/Src/system_stm32f1xx.c.obj
LOAD CMakeFiles/project_05_USART_TX_RX_Data.elf.dir/Src/usart.c.obj
LOAD CMakeFiles/project_05_USART_TX_RX_Data.elf.dir/Startup/startup_stm32f103vetx.s.obj
START GROUP
LOAD d:/scm/gnutoo~1/92019-~1/bin/../lib/gcc/arm-none-eabi/9.2.1/thumb/v7-m/nofp\libgcc.a
LOAD d:/scm/gnutoo~1/92019-~1/bin/../lib/gcc/arm-none-eabi/9.2.1/../../../../arm-none-eabi/lib/thumb/v7-m/nofp\libg.a
LOAD d:/scm/gnutoo~1/92019-~1/bin/../lib/gcc/arm-none-eabi/9.2.1/../../../../arm-none-eabi/lib/thumb/v7-m/nofp\libc.a
END GROUP
LOAD d:/scm/gnutoo~1/92019-~1/bin/../lib/gcc/arm-none-eabi/9.2.1/thumb/v7-m/nofp/crtend.o
LOAD d:/scm/gnutoo~1/92019-~1/bin/../lib/gcc/arm-none-eabi/9.2.1/thumb/v7-m/nofp/crtn.o
                0x20010000                _estack = 0x20010000
                0x00000200                _Min_Heap_Size = 0x200
                0x00000400                _Min_Stack_Size = 0x400

.isr_vector     0x08000000      0x1e4
                0x08000000                . = ALIGN (0x4)
 *(.isr_vector)
 .isr_vector    0x08000000      0x1e4 CMakeFiles/project_05_USART_TX_RX_Data.elf.dir/Startup/startup_stm32f103vetx.s.obj
                0x08000000                g_pfnVectors
                0x080001e4                . = ALIGN (0x4)

.text           0x080001e4     0x2078
                0x080001e4                . = ALIGN (0x4)
 *(.text)
 .text          0x080001e4       0x40 d:/scm/gnutoo~1/92019-~1/bin/../lib/gcc/arm-none-eabi/9.2.1/thumb/v7-m/nofp/crtbegin.o
 *(.text*)
 .text.HAL_Init
                0x08000224       0x2c CMakeFiles/project_05_USART_TX_RX_Data.elf.dir/Drivers/STM32F1xx_HAL_Driver/Src/stm32f1xx_hal.c.obj
                0x08000224                HAL_Init
 .text.HAL_InitTick
                0x08000250       0x60 CMakeFiles/project_05_USART_TX_RX_Data.elf.dir/Drivers/STM32F1xx_HAL_Driver/Src/stm32f1xx_hal.c.obj
                0x08000250                HAL_InitTick
 .text.HAL_IncTick
                0x080002b0       0x24 CMakeFiles/project_05_USART_TX_RX_Data.elf.dir/Drivers/STM32F1xx_HAL_Driver/Src/stm32f1xx_hal.c.obj
                0x080002b0                HAL_IncTick
 .text.HAL_GetTick
                0x080002d4       0x14 CMakeFiles/project_05_USART_TX_RX_Data.elf.dir/Drivers/STM32F1xx_HAL_Driver/Src/stm32f1xx_hal.c.obj
                0x080002d4                HAL_GetTick
 .text.__NVIC_SetPriorityGrouping
                0x080002e8       0x48 CMakeFiles/project_05_USART_TX_RX_Data.elf.dir/Drivers/STM32F1xx_HAL_Driver/Src/stm32f1xx_hal_cortex.c.obj
 .text.__NVIC_GetPriorityGrouping
                0x08000330       0x1c CMakeFiles/project_05_USART_TX_RX_Data.elf.dir/Drivers/STM32F1xx_HAL_Driver/Src/stm32f1xx_hal_cortex.c.obj
 .text.__NVIC_EnableIRQ
                0x0800034c       0x38 CMakeFiles/project_05_USART_TX_RX_Data.elf.dir/Drivers/STM32F1xx_HAL_Driver/Src/stm32f1xx_hal_cortex.c.obj
 .text.__NVIC_SetPriority
                0x08000384       0x54 CMakeFiles/project_05_USART_TX_RX_Data.elf.dir/Drivers/STM32F1xx_HAL_Driver/Src/stm32f1xx_hal_cortex.c.obj
 .text.NVIC_EncodePriority
                0x080003d8       0x64 CMakeFiles/project_05_USART_TX_RX_Data.elf.dir/Drivers/STM32F1xx_HAL_Driver/Src/stm32f1xx_hal_cortex.c.obj
 .text.SysTick_Config
                0x0800043c       0x44 CMakeFiles/project_05_USART_TX_RX_Data.elf.dir/Drivers/STM32F1xx_HAL_Driver/Src/stm32f1xx_hal_cortex.c.obj
 .text.HAL_NVIC_SetPriorityGrouping
                0x08000480       0x16 CMakeFiles/project_05_USART_TX_RX_Data.elf.dir/Drivers/STM32F1xx_HAL_Driver/Src/stm32f1xx_hal_cortex.c.obj
                0x08000480                HAL_NVIC_SetPriorityGrouping
 .text.HAL_NVIC_SetPriority
                0x08000496       0x38 CMakeFiles/project_05_USART_TX_RX_Data.elf.dir/Drivers/STM32F1xx_HAL_Driver/Src/stm32f1xx_hal_cortex.c.obj
                0x08000496                HAL_NVIC_SetPriority
 .text.HAL_NVIC_EnableIRQ
                0x080004ce       0x1c CMakeFiles/project_05_USART_TX_RX_Data.elf.dir/Drivers/STM32F1xx_HAL_Driver/Src/stm32f1xx_hal_cortex.c.obj
                0x080004ce                HAL_NVIC_EnableIRQ
 .text.HAL_SYSTICK_Config
                0x080004ea       0x18 CMakeFiles/project_05_USART_TX_RX_Data.elf.dir/Drivers/STM32F1xx_HAL_Driver/Src/stm32f1xx_hal_cortex.c.obj
                0x080004ea                HAL_SYSTICK_Config
 *fill*         0x08000502        0x2 
 .text.HAL_DMA_Abort_IT
                0x08000504      0x210 CMakeFiles/project_05_USART_TX_RX_Data.elf.dir/Drivers/STM32F1xx_HAL_Driver/Src/stm32f1xx_hal_dma.c.obj
                0x08000504                HAL_DMA_Abort_IT
 .text.HAL_GPIO_Init
                0x08000714      0x328 CMakeFiles/project_05_USART_TX_RX_Data.elf.dir/Drivers/STM32F1xx_HAL_Driver/Src/stm32f1xx_hal_gpio.c.obj
                0x08000714                HAL_GPIO_Init
 .text.HAL_GPIO_WritePin
                0x08000a3c       0x30 CMakeFiles/project_05_USART_TX_RX_Data.elf.dir/Drivers/STM32F1xx_HAL_Driver/Src/stm32f1xx_hal_gpio.c.obj
                0x08000a3c                HAL_GPIO_WritePin
 .text.HAL_RCC_OscConfig
                0x08000a6c      0x500 CMakeFiles/project_05_USART_TX_RX_Data.elf.dir/Drivers/STM32F1xx_HAL_Driver/Src/stm32f1xx_hal_rcc.c.obj
                0x08000a6c                HAL_RCC_OscConfig
 .text.HAL_RCC_ClockConfig
                0x08000f6c      0x1d4 CMakeFiles/project_05_USART_TX_RX_Data.elf.dir/Drivers/STM32F1xx_HAL_Driver/Src/stm32f1xx_hal_rcc.c.obj
                0x08000f6c                HAL_RCC_ClockConfig
 .text.HAL_RCC_GetSysClockFreq
                0x08001140       0xc0 CMakeFiles/project_05_USART_TX_RX_Data.elf.dir/Drivers/STM32F1xx_HAL_Driver/Src/stm32f1xx_hal_rcc.c.obj
                0x08001140                HAL_RCC_GetSysClockFreq
 .text.HAL_RCC_GetHCLKFreq
                0x08001200       0x14 CMakeFiles/project_05_USART_TX_RX_Data.elf.dir/Drivers/STM32F1xx_HAL_Driver/Src/stm32f1xx_hal_rcc.c.obj
                0x08001200                HAL_RCC_GetHCLKFreq
 .text.HAL_RCC_GetPCLK1Freq
                0x08001214       0x28 CMakeFiles/project_05_USART_TX_RX_Data.elf.dir/Drivers/STM32F1xx_HAL_Driver/Src/stm32f1xx_hal_rcc.c.obj
                0x08001214                HAL_RCC_GetPCLK1Freq
 .text.HAL_RCC_GetPCLK2Freq
                0x0800123c       0x28 CMakeFiles/project_05_USART_TX_RX_Data.elf.dir/Drivers/STM32F1xx_HAL_Driver/Src/stm32f1xx_hal_rcc.c.obj
                0x0800123c                HAL_RCC_GetPCLK2Freq
 .text.RCC_Delay
                0x08001264       0x3c CMakeFiles/project_05_USART_TX_RX_Data.elf.dir/Drivers/STM32F1xx_HAL_Driver/Src/stm32f1xx_hal_rcc.c.obj
 .text.HAL_UART_Init
                0x080012a0       0x9a CMakeFiles/project_05_USART_TX_RX_Data.elf.dir/Drivers/STM32F1xx_HAL_Driver/Src/stm32f1xx_hal_uart.c.obj
                0x080012a0                HAL_UART_Init
 .text.HAL_UART_Transmit
                0x0800133a      0x132 CMakeFiles/project_05_USART_TX_RX_Data.elf.dir/Drivers/STM32F1xx_HAL_Driver/Src/stm32f1xx_hal_uart.c.obj
                0x0800133a                HAL_UART_Transmit
 .text.HAL_UART_Receive_IT
                0x0800146c       0xa8 CMakeFiles/project_05_USART_TX_RX_Data.elf.dir/Drivers/STM32F1xx_HAL_Driver/Src/stm32f1xx_hal_uart.c.obj
                0x0800146c                HAL_UART_Receive_IT
 .text.HAL_UART_IRQHandler
                0x08001514      0x1f4 CMakeFiles/project_05_USART_TX_RX_Data.elf.dir/Drivers/STM32F1xx_HAL_Driver/Src/stm32f1xx_hal_uart.c.obj
                0x08001514                HAL_UART_IRQHandler
 .text.HAL_UART_TxCpltCallback
                0x08001708       0x12 CMakeFiles/project_05_USART_TX_RX_Data.elf.dir/Drivers/STM32F1xx_HAL_Driver/Src/stm32f1xx_hal_uart.c.obj
                0x08001708                HAL_UART_TxCpltCallback
 .text.HAL_UART_ErrorCallback
                0x0800171a       0x12 CMakeFiles/project_05_USART_TX_RX_Data.elf.dir/Drivers/STM32F1xx_HAL_Driver/Src/stm32f1xx_hal_uart.c.obj
                0x0800171a                HAL_UART_ErrorCallback
 .text.UART_WaitOnFlagUntilTimeout
                0x0800172c       0x94 CMakeFiles/project_05_USART_TX_RX_Data.elf.dir/Drivers/STM32F1xx_HAL_Driver/Src/stm32f1xx_hal_uart.c.obj
 .text.UART_EndRxTransfer
                0x080017c0       0x3a CMakeFiles/project_05_USART_TX_RX_Data.elf.dir/Drivers/STM32F1xx_HAL_Driver/Src/stm32f1xx_hal_uart.c.obj
 .text.UART_DMAAbortOnError
                0x080017fa       0x28 CMakeFiles/project_05_USART_TX_RX_Data.elf.dir/Drivers/STM32F1xx_HAL_Driver/Src/stm32f1xx_hal_uart.c.obj
 .text.UART_Transmit_IT
                0x08001822       0xaa CMakeFiles/project_05_USART_TX_RX_Data.elf.dir/Drivers/STM32F1xx_HAL_Driver/Src/stm32f1xx_hal_uart.c.obj
 .text.UART_EndTransmit_IT
                0x080018cc       0x30 CMakeFiles/project_05_USART_TX_RX_Data.elf.dir/Drivers/STM32F1xx_HAL_Driver/Src/stm32f1xx_hal_uart.c.obj
 .text.UART_Receive_IT
                0x080018fc      0x102 CMakeFiles/project_05_USART_TX_RX_Data.elf.dir/Drivers/STM32F1xx_HAL_Driver/Src/stm32f1xx_hal_uart.c.obj
 *fill*         0x080019fe        0x2 
 .text.UART_SetConfig
                0x08001a00      0x1b4 CMakeFiles/project_05_USART_TX_RX_Data.elf.dir/Drivers/STM32F1xx_HAL_Driver/Src/stm32f1xx_hal_uart.c.obj
 .text.MX_GPIO_Init
                0x08001bb4       0xb0 CMakeFiles/project_05_USART_TX_RX_Data.elf.dir/Src/gpio.c.obj
                0x08001bb4                MX_GPIO_Init
 .text.HAL_UART_RxCpltCallback
                0x08001c64       0xb0 CMakeFiles/project_05_USART_TX_RX_Data.elf.dir/Src/main.c.obj
                0x08001c64                HAL_UART_RxCpltCallback
 .text.main     0x08001d14       0x54 CMakeFiles/project_05_USART_TX_RX_Data.elf.dir/Src/main.c.obj
                0x08001d14                main
 .text.SystemClock_Config
                0x08001d68       0x8a CMakeFiles/project_05_USART_TX_RX_Data.elf.dir/Src/main.c.obj
                0x08001d68                SystemClock_Config
 .text.Error_Handler
                0x08001df2        0xc CMakeFiles/project_05_USART_TX_RX_Data.elf.dir/Src/main.c.obj
                0x08001df2                Error_Handler
 *fill*         0x08001dfe        0x2 
 .text.HAL_MspInit
                0x08001e00       0x64 CMakeFiles/project_05_USART_TX_RX_Data.elf.dir/Src/stm32f1xx_hal_msp.c.obj
                0x08001e00                HAL_MspInit
 .text.NMI_Handler
                0x08001e64        0xc CMakeFiles/project_05_USART_TX_RX_Data.elf.dir/Src/stm32f1xx_it.c.obj
                0x08001e64                NMI_Handler
 .text.HardFault_Handler
                0x08001e70        0x6 CMakeFiles/project_05_USART_TX_RX_Data.elf.dir/Src/stm32f1xx_it.c.obj
                0x08001e70                HardFault_Handler
 .text.MemManage_Handler
                0x08001e76        0x6 CMakeFiles/project_05_USART_TX_RX_Data.elf.dir/Src/stm32f1xx_it.c.obj
                0x08001e76                MemManage_Handler
 .text.BusFault_Handler
                0x08001e7c        0x6 CMakeFiles/project_05_USART_TX_RX_Data.elf.dir/Src/stm32f1xx_it.c.obj
                0x08001e7c                BusFault_Handler
 .text.UsageFault_Handler
                0x08001e82        0x6 CMakeFiles/project_05_USART_TX_RX_Data.elf.dir/Src/stm32f1xx_it.c.obj
                0x08001e82                UsageFault_Handler
 .text.SVC_Handler
                0x08001e88        0xc CMakeFiles/project_05_USART_TX_RX_Data.elf.dir/Src/stm32f1xx_it.c.obj
                0x08001e88                SVC_Handler
 .text.DebugMon_Handler
                0x08001e94        0xc CMakeFiles/project_05_USART_TX_RX_Data.elf.dir/Src/stm32f1xx_it.c.obj
                0x08001e94                DebugMon_Handler
 .text.PendSV_Handler
                0x08001ea0        0xc CMakeFiles/project_05_USART_TX_RX_Data.elf.dir/Src/stm32f1xx_it.c.obj
                0x08001ea0                PendSV_Handler
 .text.SysTick_Handler
                0x08001eac        0xc CMakeFiles/project_05_USART_TX_RX_Data.elf.dir/Src/stm32f1xx_it.c.obj
                0x08001eac                SysTick_Handler
 .text.USART1_IRQHandler
                0x08001eb8       0x14 CMakeFiles/project_05_USART_TX_RX_Data.elf.dir/Src/stm32f1xx_it.c.obj
                0x08001eb8                USART1_IRQHandler
 .text.SystemInit
                0x08001ecc       0x68 CMakeFiles/project_05_USART_TX_RX_Data.elf.dir/Src/system_stm32f1xx.c.obj
                0x08001ecc                SystemInit
 .text.MX_USART1_UART_Init
                0x08001f34       0x54 CMakeFiles/project_05_USART_TX_RX_Data.elf.dir/Src/usart.c.obj
                0x08001f34                MX_USART1_UART_Init
 .text.HAL_UART_MspInit
                0x08001f88       0xa8 CMakeFiles/project_05_USART_TX_RX_Data.elf.dir/Src/usart.c.obj
                0x08001f88                HAL_UART_MspInit
 .text.Reset_Handler
                0x08002030       0x48 CMakeFiles/project_05_USART_TX_RX_Data.elf.dir/Startup/startup_stm32f103vetx.s.obj
                0x08002030                Reset_Handler
 .text.Default_Handler
                0x08002078        0x2 CMakeFiles/project_05_USART_TX_RX_Data.elf.dir/Startup/startup_stm32f103vetx.s.obj
                0x08002078                RTC_Alarm_IRQHandler
                0x08002078                EXTI2_IRQHandler
                0x08002078                TIM8_TRG_COM_IRQHandler
                0x08002078                TIM8_CC_IRQHandler
                0x08002078                TIM1_CC_IRQHandler
                0x08002078                TIM6_IRQHandler
                0x08002078                PVD_IRQHandler
                0x08002078                SDIO_IRQHandler
                0x08002078                EXTI3_IRQHandler
                0x08002078                EXTI0_IRQHandler
                0x08002078                I2C2_EV_IRQHandler
                0x08002078                ADC1_2_IRQHandler
                0x08002078                SPI1_IRQHandler
                0x08002078                TAMPER_IRQHandler
                0x08002078                TIM8_UP_IRQHandler
                0x08002078                DMA2_Channel2_IRQHandler
                0x08002078                DMA1_Channel4_IRQHandler
                0x08002078                USART3_IRQHandler
                0x08002078                RTC_IRQHandler
                0x08002078                DMA1_Channel7_IRQHandler
                0x08002078                CAN1_RX1_IRQHandler
                0x08002078                UART5_IRQHandler
                0x08002078                ADC3_IRQHandler
                0x08002078                TIM4_IRQHandler
                0x08002078                DMA2_Channel1_IRQHandler
                0x08002078                I2C1_EV_IRQHandler
                0x08002078                DMA1_Channel6_IRQHandler
                0x08002078                UART4_IRQHandler
                0x08002078                TIM3_IRQHandler
                0x08002078                RCC_IRQHandler
                0x08002078                TIM1_TRG_COM_IRQHandler
                0x08002078                DMA1_Channel1_IRQHandler
                0x08002078                Default_Handler
                0x08002078                EXTI15_10_IRQHandler
                0x08002078                TIM7_IRQHandler
                0x08002078                TIM5_IRQHandler
                0x08002078                EXTI9_5_IRQHandler
                0x08002078                SPI2_IRQHandler
                0x08002078                DMA1_Channel5_IRQHandler
                0x08002078                EXTI4_IRQHandler
                0x08002078                USB_LP_CAN1_RX0_IRQHandler
                0x08002078                USB_HP_CAN1_TX_IRQHandler
                0x08002078                DMA1_Channel3_IRQHandler
                0x08002078                FSMC_IRQHandler
                0x08002078                TIM1_UP_IRQHandler
                0x08002078                WWDG_IRQHandler
                0x08002078                TIM2_IRQHandler
                0x08002078                TIM1_BRK_IRQHandler
                0x08002078                EXTI1_IRQHandler
                0x08002078                DMA2_Channel4_5_IRQHandler
                0x08002078                USART2_IRQHandler
                0x08002078                I2C2_ER_IRQHandler
                0x08002078                DMA1_Channel2_IRQHandler
                0x08002078                TIM8_BRK_IRQHandler
                0x08002078                CAN1_SCE_IRQHandler
                0x08002078                FLASH_IRQHandler
                0x08002078                SPI3_IRQHandler
                0x08002078                I2C1_ER_IRQHandler
                0x08002078                USBWakeUp_IRQHandler
                0x08002078                DMA2_Channel3_IRQHandler
 *fill*         0x0800207a        0x2 
 .text.__libc_init_array
                0x0800207c       0x48 d:/scm/gnutoo~1/92019-~1/bin/../lib/gcc/arm-none-eabi/9.2.1/../../../../arm-none-eabi/lib/thumb/v7-m/nofp\libg.a(lib_a-init.o)
                0x0800207c                __libc_init_array
 .text.memset   0x080020c4       0xa0 d:/scm/gnutoo~1/92019-~1/bin/../lib/gcc/arm-none-eabi/9.2.1/../../../../arm-none-eabi/lib/thumb/v7-m/nofp\libg.a(lib_a-memset.o)
                0x080020c4                memset
 .text.startup.register_fini
                0x08002164       0x14 d:/scm/gnutoo~1/92019-~1/bin/../lib/gcc/arm-none-eabi/9.2.1/../../../../arm-none-eabi/lib/thumb/v7-m/nofp\libg.a(lib_a-__call_atexit.o)
 .text.atexit   0x08002178        0xc d:/scm/gnutoo~1/92019-~1/bin/../lib/gcc/arm-none-eabi/9.2.1/../../../../arm-none-eabi/lib/thumb/v7-m/nofp\libg.a(lib_a-atexit.o)
                0x08002178                atexit
 .text.__libc_fini_array
                0x08002184       0x2c d:/scm/gnutoo~1/92019-~1/bin/../lib/gcc/arm-none-eabi/9.2.1/../../../../arm-none-eabi/lib/thumb/v7-m/nofp\libg.a(lib_a-fini.o)
                0x08002184                __libc_fini_array
 .text.__retarget_lock_acquire_recursive
                0x080021b0        0x4 d:/scm/gnutoo~1/92019-~1/bin/../lib/gcc/arm-none-eabi/9.2.1/../../../../arm-none-eabi/lib/thumb/v7-m/nofp\libg.a(lib_a-lock.o)
                0x080021b0                __retarget_lock_acquire_recursive
 .text.__retarget_lock_release_recursive
                0x080021b4        0x4 d:/scm/gnutoo~1/92019-~1/bin/../lib/gcc/arm-none-eabi/9.2.1/../../../../arm-none-eabi/lib/thumb/v7-m/nofp\libg.a(lib_a-lock.o)
                0x080021b4                __retarget_lock_release_recursive
 .text.__register_exitproc
                0x080021b8       0x8c d:/scm/gnutoo~1/92019-~1/bin/../lib/gcc/arm-none-eabi/9.2.1/../../../../arm-none-eabi/lib/thumb/v7-m/nofp\libg.a(lib_a-__atexit.o)
                0x080021b8                __register_exitproc
 *(.glue_7)
 .glue_7        0x08002244        0x0 linker stubs
 *(.glue_7t)
 .glue_7t       0x08002244        0x0 linker stubs
 *(.eh_frame)
 .eh_frame      0x08002244        0x0 d:/scm/gnutoo~1/92019-~1/bin/../lib/gcc/arm-none-eabi/9.2.1/thumb/v7-m/nofp/crtbegin.o
 *(.init)
 .init          0x08002244        0x4 d:/scm/gnutoo~1/92019-~1/bin/../lib/gcc/arm-none-eabi/9.2.1/thumb/v7-m/nofp/crti.o
                0x08002244                _init
 .init          0x08002248        0x8 d:/scm/gnutoo~1/92019-~1/bin/../lib/gcc/arm-none-eabi/9.2.1/thumb/v7-m/nofp/crtn.o
 *(.fini)
 .fini          0x08002250        0x4 d:/scm/gnutoo~1/92019-~1/bin/../lib/gcc/arm-none-eabi/9.2.1/thumb/v7-m/nofp/crti.o
                0x08002250                _fini
 .fini          0x08002254        0x8 d:/scm/gnutoo~1/92019-~1/bin/../lib/gcc/arm-none-eabi/9.2.1/thumb/v7-m/nofp/crtn.o
                0x0800225c                . = ALIGN (0x4)
                0x0800225c                _etext = .

.vfp11_veneer   0x0800225c        0x0
 .vfp11_veneer  0x0800225c        0x0 linker stubs

.v4_bx          0x0800225c        0x0
 .v4_bx         0x0800225c        0x0 linker stubs

.iplt           0x0800225c        0x0
 .iplt          0x0800225c        0x0 d:/scm/gnutoo~1/92019-~1/bin/../lib/gcc/arm-none-eabi/9.2.1/thumb/v7-m/nofp/crtbegin.o

.rodata         0x0800225c       0x2c
                0x0800225c                . = ALIGN (0x4)
 *(.rodata)
 .rodata        0x0800225c       0x10 CMakeFiles/project_05_USART_TX_RX_Data.elf.dir/Drivers/STM32F1xx_HAL_Driver/Src/stm32f1xx_hal_rcc.c.obj
 *(.rodata*)
 .rodata.AHBPrescTable
                0x0800226c       0x10 CMakeFiles/project_05_USART_TX_RX_Data.elf.dir/Src/system_stm32f1xx.c.obj
                0x0800226c                AHBPrescTable
 .rodata.APBPrescTable
                0x0800227c        0x8 CMakeFiles/project_05_USART_TX_RX_Data.elf.dir/Src/system_stm32f1xx.c.obj
                0x0800227c                APBPrescTable
 .rodata._global_impure_ptr
                0x08002284        0x4 d:/scm/gnutoo~1/92019-~1/bin/../lib/gcc/arm-none-eabi/9.2.1/../../../../arm-none-eabi/lib/thumb/v7-m/nofp\libg.a(lib_a-impure.o)
                0x08002284                _global_impure_ptr
                0x08002288                . = ALIGN (0x4)

.rel.dyn        0x08002288        0x0
 .rel.iplt      0x08002288        0x0 d:/scm/gnutoo~1/92019-~1/bin/../lib/gcc/arm-none-eabi/9.2.1/thumb/v7-m/nofp/crtbegin.o

.ARM.extab      0x08002288        0x0
                0x08002288                . = ALIGN (0x4)
 *(.ARM.extab* .gnu.linkonce.armextab.*)
                0x08002288                . = ALIGN (0x4)

.ARM            0x08002288        0x0
                0x08002288                . = ALIGN (0x4)
                0x08002288                __exidx_start = .
 *(.ARM.exidx*)
                0x08002288                __exidx_end = .
                0x08002288                . = ALIGN (0x4)

.preinit_array  0x08002288        0x0
                0x08002288                . = ALIGN (0x4)
                0x08002288                PROVIDE (__preinit_array_start = .)
 *(.preinit_array*)
                0x08002288                PROVIDE (__preinit_array_end = .)
                0x08002288                . = ALIGN (0x4)

.init_array     0x08002288        0x8
                0x08002288                . = ALIGN (0x4)
                0x08002288                PROVIDE (__init_array_start = .)
 *(SORT_BY_NAME(.init_array.*))
 .init_array.00000
                0x08002288        0x4 d:/scm/gnutoo~1/92019-~1/bin/../lib/gcc/arm-none-eabi/9.2.1/../../../../arm-none-eabi/lib/thumb/v7-m/nofp\libg.a(lib_a-__call_atexit.o)
 *(.init_array*)
 .init_array    0x0800228c        0x4 d:/scm/gnutoo~1/92019-~1/bin/../lib/gcc/arm-none-eabi/9.2.1/thumb/v7-m/nofp/crtbegin.o
                0x08002290                PROVIDE (__init_array_end = .)
                0x08002290                . = ALIGN (0x4)

.fini_array     0x08002290        0x4
                0x08002290                . = ALIGN (0x4)
                0x08002290                PROVIDE (__fini_array_start = .)
 *(SORT_BY_NAME(.fini_array.*))
 *(.fini_array*)
 .fini_array    0x08002290        0x4 d:/scm/gnutoo~1/92019-~1/bin/../lib/gcc/arm-none-eabi/9.2.1/thumb/v7-m/nofp/crtbegin.o
                0x08002294                PROVIDE (__fini_array_end = .)
                0x08002294                . = ALIGN (0x4)
                0x08002294                _sidata = LOADADDR (.data)

.data           0x20000000      0x454 load address 0x08002294
                0x20000000                . = ALIGN (0x4)
                0x20000000                _sdata = .
 *(.data)
 *(.data*)
 .data.uwTickPrio
                0x20000000        0x4 CMakeFiles/project_05_USART_TX_RX_Data.elf.dir/Drivers/STM32F1xx_HAL_Driver/Src/stm32f1xx_hal.c.obj
                0x20000000                uwTickPrio
 .data.uwTickFreq
                0x20000004        0x1 CMakeFiles/project_05_USART_TX_RX_Data.elf.dir/Drivers/STM32F1xx_HAL_Driver/Src/stm32f1xx_hal.c.obj
                0x20000004                uwTickFreq
 *fill*         0x20000005        0x3 
 .data.TX_Restr
                0x20000008        0xc CMakeFiles/project_05_USART_TX_RX_Data.elf.dir/Src/main.c.obj
                0x20000008                TX_Restr
 .data.TX_str1  0x20000014        0x7 CMakeFiles/project_05_USART_TX_RX_Data.elf.dir/Src/main.c.obj
                0x20000014                TX_str1
 *fill*         0x2000001b        0x1 
 .data.TX_str2  0x2000001c        0x8 CMakeFiles/project_05_USART_TX_RX_Data.elf.dir/Src/main.c.obj
                0x2000001c                TX_str2
 .data.SystemCoreClock
                0x20000024        0x4 CMakeFiles/project_05_USART_TX_RX_Data.elf.dir/Src/system_stm32f1xx.c.obj
                0x20000024                SystemCoreClock
 .data.impure_data
                0x20000028      0x428 d:/scm/gnutoo~1/92019-~1/bin/../lib/gcc/arm-none-eabi/9.2.1/../../../../arm-none-eabi/lib/thumb/v7-m/nofp\libg.a(lib_a-impure.o)
 .data.__atexit_recursive_mutex
                0x20000450        0x4 d:/scm/gnutoo~1/92019-~1/bin/../lib/gcc/arm-none-eabi/9.2.1/../../../../arm-none-eabi/lib/thumb/v7-m/nofp\libg.a(lib_a-__call_atexit.o)
                0x20000450                __atexit_recursive_mutex
                0x20000454                . = ALIGN (0x4)
                0x20000454                _edata = .

.igot.plt       0x20000454        0x0 load address 0x080026e8
 .igot.plt      0x20000454        0x0 d:/scm/gnutoo~1/92019-~1/bin/../lib/gcc/arm-none-eabi/9.2.1/thumb/v7-m/nofp/crtbegin.o
                0x20000454                . = ALIGN (0x4)

.bss            0x20000454       0x88 load address 0x080026e8
                0x20000454                _sbss = .
                0x20000454                __bss_start__ = _sbss
 *(.bss)
 .bss           0x20000454       0x1c d:/scm/gnutoo~1/92019-~1/bin/../lib/gcc/arm-none-eabi/9.2.1/thumb/v7-m/nofp/crtbegin.o
 *(.bss*)
 .bss.uwTick    0x20000470        0x4 CMakeFiles/project_05_USART_TX_RX_Data.elf.dir/Drivers/STM32F1xx_HAL_Driver/Src/stm32f1xx_hal.c.obj
                0x20000470                uwTick
 .bss.Rx_data   0x20000474        0x1 CMakeFiles/project_05_USART_TX_RX_Data.elf.dir/Src/main.c.obj
                0x20000474                Rx_data
 *fill*         0x20000475        0x3 
 .bss.huart1    0x20000478       0x40 CMakeFiles/project_05_USART_TX_RX_Data.elf.dir/Src/usart.c.obj
                0x20000478                huart1
 *(COMMON)
 COMMON         0x200004b8       0x21 d:/scm/gnutoo~1/92019-~1/bin/../lib/gcc/arm-none-eabi/9.2.1/../../../../arm-none-eabi/lib/thumb/v7-m/nofp\libg.a(lib_a-lock.o)
                0x200004b8                __lock___atexit_recursive_mutex
                0x200004bc                __lock___arc4random_mutex
                0x200004c0                __lock___env_recursive_mutex
                0x200004c4                __lock___sinit_recursive_mutex
                0x200004c8                __lock___malloc_recursive_mutex
                0x200004cc                __lock___at_quick_exit_mutex
                0x200004d0                __lock___dd_hash_mutex
                0x200004d4                __lock___tz_mutex
                0x200004d8                __lock___sfp_recursive_mutex
                0x200004dc                . = ALIGN (0x4)
 *fill*         0x200004d9        0x3 
                0x200004dc                _ebss = .
                0x200004dc                __bss_end__ = _ebss

._user_heap_stack
                0x200004dc      0x604 load address 0x080026e8
                0x200004e0                . = ALIGN (0x8)
 *fill*         0x200004dc        0x4 
                0x200004e0                PROVIDE (end = .)
                [!provide]                PROVIDE (_end = .)
                0x200006e0                . = (. + _Min_Heap_Size)
 *fill*         0x200004e0      0x200 
                0x20000ae0                . = (. + _Min_Stack_Size)
 *fill*         0x200006e0      0x400 
                0x20000ae0                . = ALIGN (0x8)

/DISCARD/
 libc.a(*)
 libm.a(*)
 libgcc.a(*)

.ARM.attributes
                0x00000000       0x29
 *(.ARM.attributes)
 .ARM.attributes
                0x00000000       0x1d d:/scm/gnutoo~1/92019-~1/bin/../lib/gcc/arm-none-eabi/9.2.1/thumb/v7-m/nofp/crti.o
 .ARM.attributes
                0x0000001d       0x2d d:/scm/gnutoo~1/92019-~1/bin/../lib/gcc/arm-none-eabi/9.2.1/thumb/v7-m/nofp/crtbegin.o
 .ARM.attributes
                0x0000004a       0x2d CMakeFiles/project_05_USART_TX_RX_Data.elf.dir/Drivers/STM32F1xx_HAL_Driver/Src/stm32f1xx_hal.c.obj
 .ARM.attributes
                0x00000077       0x2d CMakeFiles/project_05_USART_TX_RX_Data.elf.dir/Drivers/STM32F1xx_HAL_Driver/Src/stm32f1xx_hal_cortex.c.obj
 .ARM.attributes
                0x000000a4       0x2d CMakeFiles/project_05_USART_TX_RX_Data.elf.dir/Drivers/STM32F1xx_HAL_Driver/Src/stm32f1xx_hal_dma.c.obj
 .ARM.attributes
                0x000000d1       0x2d CMakeFiles/project_05_USART_TX_RX_Data.elf.dir/Drivers/STM32F1xx_HAL_Driver/Src/stm32f1xx_hal_gpio.c.obj
 .ARM.attributes
                0x000000fe       0x2d CMakeFiles/project_05_USART_TX_RX_Data.elf.dir/Drivers/STM32F1xx_HAL_Driver/Src/stm32f1xx_hal_rcc.c.obj
 .ARM.attributes
                0x0000012b       0x2d CMakeFiles/project_05_USART_TX_RX_Data.elf.dir/Drivers/STM32F1xx_HAL_Driver/Src/stm32f1xx_hal_uart.c.obj
 .ARM.attributes
                0x00000158       0x2d CMakeFiles/project_05_USART_TX_RX_Data.elf.dir/Src/gpio.c.obj
 .ARM.attributes
                0x00000185       0x2d CMakeFiles/project_05_USART_TX_RX_Data.elf.dir/Src/main.c.obj
 .ARM.attributes
                0x000001b2       0x2d CMakeFiles/project_05_USART_TX_RX_Data.elf.dir/Src/stm32f1xx_hal_msp.c.obj
 .ARM.attributes
                0x000001df       0x2d CMakeFiles/project_05_USART_TX_RX_Data.elf.dir/Src/stm32f1xx_it.c.obj
 .ARM.attributes
                0x0000020c       0x2d CMakeFiles/project_05_USART_TX_RX_Data.elf.dir/Src/system_stm32f1xx.c.obj
 .ARM.attributes
                0x00000239       0x2d CMakeFiles/project_05_USART_TX_RX_Data.elf.dir/Src/usart.c.obj
 .ARM.attributes
                0x00000266       0x21 CMakeFiles/project_05_USART_TX_RX_Data.elf.dir/Startup/startup_stm32f103vetx.s.obj
 .ARM.attributes
                0x00000287       0x2d d:/scm/gnutoo~1/92019-~1/bin/../lib/gcc/arm-none-eabi/9.2.1/../../../../arm-none-eabi/lib/thumb/v7-m/nofp\libg.a(lib_a-impure.o)
 .ARM.attributes
                0x000002b4       0x2d d:/scm/gnutoo~1/92019-~1/bin/../lib/gcc/arm-none-eabi/9.2.1/../../../../arm-none-eabi/lib/thumb/v7-m/nofp\libg.a(lib_a-init.o)
 .ARM.attributes
                0x000002e1       0x2d d:/scm/gnutoo~1/92019-~1/bin/../lib/gcc/arm-none-eabi/9.2.1/../../../../arm-none-eabi/lib/thumb/v7-m/nofp\libg.a(lib_a-memset.o)
 .ARM.attributes
                0x0000030e       0x2d d:/scm/gnutoo~1/92019-~1/bin/../lib/gcc/arm-none-eabi/9.2.1/../../../../arm-none-eabi/lib/thumb/v7-m/nofp\libg.a(lib_a-__call_atexit.o)
 .ARM.attributes
                0x0000033b       0x2d d:/scm/gnutoo~1/92019-~1/bin/../lib/gcc/arm-none-eabi/9.2.1/../../../../arm-none-eabi/lib/thumb/v7-m/nofp\libg.a(lib_a-atexit.o)
 .ARM.attributes
                0x00000368       0x2d d:/scm/gnutoo~1/92019-~1/bin/../lib/gcc/arm-none-eabi/9.2.1/../../../../arm-none-eabi/lib/thumb/v7-m/nofp\libg.a(lib_a-fini.o)
 .ARM.attributes
                0x00000395       0x2d d:/scm/gnutoo~1/92019-~1/bin/../lib/gcc/arm-none-eabi/9.2.1/../../../../arm-none-eabi/lib/thumb/v7-m/nofp\libg.a(lib_a-lock.o)
 .ARM.attributes
                0x000003c2       0x2d d:/scm/gnutoo~1/92019-~1/bin/../lib/gcc/arm-none-eabi/9.2.1/../../../../arm-none-eabi/lib/thumb/v7-m/nofp\libg.a(lib_a-__atexit.o)
 .ARM.attributes
                0x000003ef       0x1d d:/scm/gnutoo~1/92019-~1/bin/../lib/gcc/arm-none-eabi/9.2.1/thumb/v7-m/nofp/crtn.o
OUTPUT(project_05_USART_TX_RX_Data.elf elf32-littlearm)

.debug_info     0x00000000     0x61e9
 .debug_info    0x00000000      0x7ad CMakeFiles/project_05_USART_TX_RX_Data.elf.dir/Drivers/STM32F1xx_HAL_Driver/Src/stm32f1xx_hal.c.obj
 .debug_info    0x000007ad      0xc2b CMakeFiles/project_05_USART_TX_RX_Data.elf.dir/Drivers/STM32F1xx_HAL_Driver/Src/stm32f1xx_hal_cortex.c.obj
 .debug_info    0x000013d8      0x807 CMakeFiles/project_05_USART_TX_RX_Data.elf.dir/Drivers/STM32F1xx_HAL_Driver/Src/stm32f1xx_hal_dma.c.obj
 .debug_info    0x00001bdf      0x6da CMakeFiles/project_05_USART_TX_RX_Data.elf.dir/Drivers/STM32F1xx_HAL_Driver/Src/stm32f1xx_hal_gpio.c.obj
 .debug_info    0x000022b9      0x877 CMakeFiles/project_05_USART_TX_RX_Data.elf.dir/Drivers/STM32F1xx_HAL_Driver/Src/stm32f1xx_hal_rcc.c.obj
 .debug_info    0x00002b30     0x12db CMakeFiles/project_05_USART_TX_RX_Data.elf.dir/Drivers/STM32F1xx_HAL_Driver/Src/stm32f1xx_hal_uart.c.obj
 .debug_info    0x00003e0b      0x378 CMakeFiles/project_05_USART_TX_RX_Data.elf.dir/Src/gpio.c.obj
 .debug_info    0x00004183      0x8a9 CMakeFiles/project_05_USART_TX_RX_Data.elf.dir/Src/main.c.obj
 .debug_info    0x00004a2c      0x2e5 CMakeFiles/project_05_USART_TX_RX_Data.elf.dir/Src/stm32f1xx_hal_msp.c.obj
 .debug_info    0x00004d11      0x68b CMakeFiles/project_05_USART_TX_RX_Data.elf.dir/Src/stm32f1xx_it.c.obj
 .debug_info    0x0000539c      0x462 CMakeFiles/project_05_USART_TX_RX_Data.elf.dir/Src/system_stm32f1xx.c.obj
 .debug_info    0x000057fe      0x9c9 CMakeFiles/project_05_USART_TX_RX_Data.elf.dir/Src/usart.c.obj
 .debug_info    0x000061c7       0x22 CMakeFiles/project_05_USART_TX_RX_Data.elf.dir/Startup/startup_stm32f103vetx.s.obj

.debug_abbrev   0x00000000     0x168a
 .debug_abbrev  0x00000000      0x1fd CMakeFiles/project_05_USART_TX_RX_Data.elf.dir/Drivers/STM32F1xx_HAL_Driver/Src/stm32f1xx_hal.c.obj
 .debug_abbrev  0x000001fd      0x310 CMakeFiles/project_05_USART_TX_RX_Data.elf.dir/Drivers/STM32F1xx_HAL_Driver/Src/stm32f1xx_hal_cortex.c.obj
 .debug_abbrev  0x0000050d      0x225 CMakeFiles/project_05_USART_TX_RX_Data.elf.dir/Drivers/STM32F1xx_HAL_Driver/Src/stm32f1xx_hal_dma.c.obj
 .debug_abbrev  0x00000732      0x1e5 CMakeFiles/project_05_USART_TX_RX_Data.elf.dir/Drivers/STM32F1xx_HAL_Driver/Src/stm32f1xx_hal_gpio.c.obj
 .debug_abbrev  0x00000917      0x270 CMakeFiles/project_05_USART_TX_RX_Data.elf.dir/Drivers/STM32F1xx_HAL_Driver/Src/stm32f1xx_hal_rcc.c.obj
 .debug_abbrev  0x00000b87      0x26d CMakeFiles/project_05_USART_TX_RX_Data.elf.dir/Drivers/STM32F1xx_HAL_Driver/Src/stm32f1xx_hal_uart.c.obj
 .debug_abbrev  0x00000df4      0x14b CMakeFiles/project_05_USART_TX_RX_Data.elf.dir/Src/gpio.c.obj
 .debug_abbrev  0x00000f3f      0x1b3 CMakeFiles/project_05_USART_TX_RX_Data.elf.dir/Src/main.c.obj
 .debug_abbrev  0x000010f2      0x11a CMakeFiles/project_05_USART_TX_RX_Data.elf.dir/Src/stm32f1xx_hal_msp.c.obj
 .debug_abbrev  0x0000120c      0x160 CMakeFiles/project_05_USART_TX_RX_Data.elf.dir/Src/stm32f1xx_it.c.obj
 .debug_abbrev  0x0000136c      0x14b CMakeFiles/project_05_USART_TX_RX_Data.elf.dir/Src/system_stm32f1xx.c.obj
 .debug_abbrev  0x000014b7      0x1c1 CMakeFiles/project_05_USART_TX_RX_Data.elf.dir/Src/usart.c.obj
 .debug_abbrev  0x00001678       0x12 CMakeFiles/project_05_USART_TX_RX_Data.elf.dir/Startup/startup_stm32f103vetx.s.obj

.debug_aranges  0x00000000      0x678
 .debug_aranges
                0x00000000       0xe0 CMakeFiles/project_05_USART_TX_RX_Data.elf.dir/Drivers/STM32F1xx_HAL_Driver/Src/stm32f1xx_hal.c.obj
 .debug_aranges
                0x000000e0      0x100 CMakeFiles/project_05_USART_TX_RX_Data.elf.dir/Drivers/STM32F1xx_HAL_Driver/Src/stm32f1xx_hal_cortex.c.obj
 .debug_aranges
                0x000001e0       0x80 CMakeFiles/project_05_USART_TX_RX_Data.elf.dir/Drivers/STM32F1xx_HAL_Driver/Src/stm32f1xx_hal_dma.c.obj
 .debug_aranges
                0x00000260       0x58 CMakeFiles/project_05_USART_TX_RX_Data.elf.dir/Drivers/STM32F1xx_HAL_Driver/Src/stm32f1xx_hal_gpio.c.obj
 .debug_aranges
                0x000002b8       0x90 CMakeFiles/project_05_USART_TX_RX_Data.elf.dir/Drivers/STM32F1xx_HAL_Driver/Src/stm32f1xx_hal_rcc.c.obj
 .debug_aranges
                0x00000348      0x1d0 CMakeFiles/project_05_USART_TX_RX_Data.elf.dir/Drivers/STM32F1xx_HAL_Driver/Src/stm32f1xx_hal_uart.c.obj
 .debug_aranges
                0x00000518       0x20 CMakeFiles/project_05_USART_TX_RX_Data.elf.dir/Src/gpio.c.obj
 .debug_aranges
                0x00000538       0x38 CMakeFiles/project_05_USART_TX_RX_Data.elf.dir/Src/main.c.obj
 .debug_aranges
                0x00000570       0x20 CMakeFiles/project_05_USART_TX_RX_Data.elf.dir/Src/stm32f1xx_hal_msp.c.obj
 .debug_aranges
                0x00000590       0x68 CMakeFiles/project_05_USART_TX_RX_Data.elf.dir/Src/stm32f1xx_it.c.obj
 .debug_aranges
                0x000005f8       0x28 CMakeFiles/project_05_USART_TX_RX_Data.elf.dir/Src/system_stm32f1xx.c.obj
 .debug_aranges
                0x00000620       0x30 CMakeFiles/project_05_USART_TX_RX_Data.elf.dir/Src/usart.c.obj
 .debug_aranges
                0x00000650       0x28 CMakeFiles/project_05_USART_TX_RX_Data.elf.dir/Startup/startup_stm32f103vetx.s.obj

.debug_ranges   0x00000000      0x5b0
 .debug_ranges  0x00000000       0xd0 CMakeFiles/project_05_USART_TX_RX_Data.elf.dir/Drivers/STM32F1xx_HAL_Driver/Src/stm32f1xx_hal.c.obj
 .debug_ranges  0x000000d0       0xf0 CMakeFiles/project_05_USART_TX_RX_Data.elf.dir/Drivers/STM32F1xx_HAL_Driver/Src/stm32f1xx_hal_cortex.c.obj
 .debug_ranges  0x000001c0       0x70 CMakeFiles/project_05_USART_TX_RX_Data.elf.dir/Drivers/STM32F1xx_HAL_Driver/Src/stm32f1xx_hal_dma.c.obj
 .debug_ranges  0x00000230       0x48 CMakeFiles/project_05_USART_TX_RX_Data.elf.dir/Drivers/STM32F1xx_HAL_Driver/Src/stm32f1xx_hal_gpio.c.obj
 .debug_ranges  0x00000278       0x80 CMakeFiles/project_05_USART_TX_RX_Data.elf.dir/Drivers/STM32F1xx_HAL_Driver/Src/stm32f1xx_hal_rcc.c.obj
 .debug_ranges  0x000002f8      0x1c0 CMakeFiles/project_05_USART_TX_RX_Data.elf.dir/Drivers/STM32F1xx_HAL_Driver/Src/stm32f1xx_hal_uart.c.obj
 .debug_ranges  0x000004b8       0x10 CMakeFiles/project_05_USART_TX_RX_Data.elf.dir/Src/gpio.c.obj
 .debug_ranges  0x000004c8       0x28 CMakeFiles/project_05_USART_TX_RX_Data.elf.dir/Src/main.c.obj
 .debug_ranges  0x000004f0       0x10 CMakeFiles/project_05_USART_TX_RX_Data.elf.dir/Src/stm32f1xx_hal_msp.c.obj
 .debug_ranges  0x00000500       0x58 CMakeFiles/project_05_USART_TX_RX_Data.elf.dir/Src/stm32f1xx_it.c.obj
 .debug_ranges  0x00000558       0x18 CMakeFiles/project_05_USART_TX_RX_Data.elf.dir/Src/system_stm32f1xx.c.obj
 .debug_ranges  0x00000570       0x20 CMakeFiles/project_05_USART_TX_RX_Data.elf.dir/Src/usart.c.obj
 .debug_ranges  0x00000590       0x20 CMakeFiles/project_05_USART_TX_RX_Data.elf.dir/Startup/startup_stm32f103vetx.s.obj

.debug_line     0x00000000     0x4e10
 .debug_line    0x00000000      0x4f0 CMakeFiles/project_05_USART_TX_RX_Data.elf.dir/Drivers/STM32F1xx_HAL_Driver/Src/stm32f1xx_hal.c.obj
 .debug_line    0x000004f0      0x6d6 CMakeFiles/project_05_USART_TX_RX_Data.elf.dir/Drivers/STM32F1xx_HAL_Driver/Src/stm32f1xx_hal_cortex.c.obj
 .debug_line    0x00000bc6      0xe46 CMakeFiles/project_05_USART_TX_RX_Data.elf.dir/Drivers/STM32F1xx_HAL_Driver/Src/stm32f1xx_hal_dma.c.obj
 .debug_line    0x00001a0c      0x5d0 CMakeFiles/project_05_USART_TX_RX_Data.elf.dir/Drivers/STM32F1xx_HAL_Driver/Src/stm32f1xx_hal_gpio.c.obj
 .debug_line    0x00001fdc      0x95c CMakeFiles/project_05_USART_TX_RX_Data.elf.dir/Drivers/STM32F1xx_HAL_Driver/Src/stm32f1xx_hal_rcc.c.obj
 .debug_line    0x00002938     0x1318 CMakeFiles/project_05_USART_TX_RX_Data.elf.dir/Drivers/STM32F1xx_HAL_Driver/Src/stm32f1xx_hal_uart.c.obj
 .debug_line    0x00003c50      0x24b CMakeFiles/project_05_USART_TX_RX_Data.elf.dir/Src/gpio.c.obj
 .debug_line    0x00003e9b      0x386 CMakeFiles/project_05_USART_TX_RX_Data.elf.dir/Src/main.c.obj
 .debug_line    0x00004221      0x226 CMakeFiles/project_05_USART_TX_RX_Data.elf.dir/Src/stm32f1xx_hal_msp.c.obj
 .debug_line    0x00004447      0x32d CMakeFiles/project_05_USART_TX_RX_Data.elf.dir/Src/stm32f1xx_it.c.obj
 .debug_line    0x00004774      0x2d9 CMakeFiles/project_05_USART_TX_RX_Data.elf.dir/Src/system_stm32f1xx.c.obj
 .debug_line    0x00004a4d      0x31f CMakeFiles/project_05_USART_TX_RX_Data.elf.dir/Src/usart.c.obj
 .debug_line    0x00004d6c       0xa4 CMakeFiles/project_05_USART_TX_RX_Data.elf.dir/Startup/startup_stm32f103vetx.s.obj

.debug_str      0x00000000     0x2092
 .debug_str     0x00000000      0x8f9 CMakeFiles/project_05_USART_TX_RX_Data.elf.dir/Drivers/STM32F1xx_HAL_Driver/Src/stm32f1xx_hal.c.obj
                                0x95d (size before relaxing)
 .debug_str     0x000008f9      0x42f CMakeFiles/project_05_USART_TX_RX_Data.elf.dir/Drivers/STM32F1xx_HAL_Driver/Src/stm32f1xx_hal_cortex.c.obj
                                0xac4 (size before relaxing)
 .debug_str     0x00000d28      0x415 CMakeFiles/project_05_USART_TX_RX_Data.elf.dir/Drivers/STM32F1xx_HAL_Driver/Src/stm32f1xx_hal_dma.c.obj
                                0x722 (size before relaxing)
 .debug_str     0x0000113d      0x1ef CMakeFiles/project_05_USART_TX_RX_Data.elf.dir/Drivers/STM32F1xx_HAL_Driver/Src/stm32f1xx_hal_gpio.c.obj
                                0x531 (size before relaxing)
 .debug_str     0x0000132c      0x34f CMakeFiles/project_05_USART_TX_RX_Data.elf.dir/Drivers/STM32F1xx_HAL_Driver/Src/stm32f1xx_hal_rcc.c.obj
                                0x6ec (size before relaxing)
 .debug_str     0x0000167b      0x70e CMakeFiles/project_05_USART_TX_RX_Data.elf.dir/Drivers/STM32F1xx_HAL_Driver/Src/stm32f1xx_hal_uart.c.obj
                                0xc33 (size before relaxing)
 .debug_str     0x00001d89       0x50 CMakeFiles/project_05_USART_TX_RX_Data.elf.dir/Src/gpio.c.obj
                                0x389 (size before relaxing)
 .debug_str     0x00001dd9       0x81 CMakeFiles/project_05_USART_TX_RX_Data.elf.dir/Src/main.c.obj
                                0x82e (size before relaxing)
 .debug_str     0x00001e5a       0x40 CMakeFiles/project_05_USART_TX_RX_Data.elf.dir/Src/stm32f1xx_hal_msp.c.obj
                                0x34b (size before relaxing)
 .debug_str     0x00001e9a       0xdd CMakeFiles/project_05_USART_TX_RX_Data.elf.dir/Src/stm32f1xx_it.c.obj
                                0x70a (size before relaxing)
 .debug_str     0x00001f77       0x72 CMakeFiles/project_05_USART_TX_RX_Data.elf.dir/Src/system_stm32f1xx.c.obj
                                0x3a0 (size before relaxing)
 .debug_str     0x00001fe9       0x53 CMakeFiles/project_05_USART_TX_RX_Data.elf.dir/Src/usart.c.obj
                                0xb0c (size before relaxing)
 .debug_str     0x0000203c       0x56 CMakeFiles/project_05_USART_TX_RX_Data.elf.dir/Startup/startup_stm32f103vetx.s.obj
                                 0x90 (size before relaxing)

.comment        0x00000000       0x79
 .comment       0x00000000       0x79 CMakeFiles/project_05_USART_TX_RX_Data.elf.dir/Drivers/STM32F1xx_HAL_Driver/Src/stm32f1xx_hal.c.obj
                                 0x7a (size before relaxing)
 .comment       0x00000079       0x7a CMakeFiles/project_05_USART_TX_RX_Data.elf.dir/Drivers/STM32F1xx_HAL_Driver/Src/stm32f1xx_hal_cortex.c.obj
 .comment       0x00000079       0x7a CMakeFiles/project_05_USART_TX_RX_Data.elf.dir/Drivers/STM32F1xx_HAL_Driver/Src/stm32f1xx_hal_dma.c.obj
 .comment       0x00000079       0x7a CMakeFiles/project_05_USART_TX_RX_Data.elf.dir/Drivers/STM32F1xx_HAL_Driver/Src/stm32f1xx_hal_gpio.c.obj
 .comment       0x00000079       0x7a CMakeFiles/project_05_USART_TX_RX_Data.elf.dir/Drivers/STM32F1xx_HAL_Driver/Src/stm32f1xx_hal_rcc.c.obj
 .comment       0x00000079       0x7a CMakeFiles/project_05_USART_TX_RX_Data.elf.dir/Drivers/STM32F1xx_HAL_Driver/Src/stm32f1xx_hal_uart.c.obj
 .comment       0x00000079       0x7a CMakeFiles/project_05_USART_TX_RX_Data.elf.dir/Src/gpio.c.obj
 .comment       0x00000079       0x7a CMakeFiles/project_05_USART_TX_RX_Data.elf.dir/Src/main.c.obj
 .comment       0x00000079       0x7a CMakeFiles/project_05_USART_TX_RX_Data.elf.dir/Src/stm32f1xx_hal_msp.c.obj
 .comment       0x00000079       0x7a CMakeFiles/project_05_USART_TX_RX_Data.elf.dir/Src/stm32f1xx_it.c.obj
 .comment       0x00000079       0x7a CMakeFiles/project_05_USART_TX_RX_Data.elf.dir/Src/system_stm32f1xx.c.obj
 .comment       0x00000079       0x7a CMakeFiles/project_05_USART_TX_RX_Data.elf.dir/Src/usart.c.obj

.debug_frame    0x00000000     0x19f0
 .debug_frame   0x00000000      0x334 CMakeFiles/project_05_USART_TX_RX_Data.elf.dir/Drivers/STM32F1xx_HAL_Driver/Src/stm32f1xx_hal.c.obj
 .debug_frame   0x00000334      0x428 CMakeFiles/project_05_USART_TX_RX_Data.elf.dir/Drivers/STM32F1xx_HAL_Driver/Src/stm32f1xx_hal_cortex.c.obj
 .debug_frame   0x0000075c      0x20c CMakeFiles/project_05_USART_TX_RX_Data.elf.dir/Drivers/STM32F1xx_HAL_Driver/Src/stm32f1xx_hal_dma.c.obj
 .debug_frame   0x00000968      0x14c CMakeFiles/project_05_USART_TX_RX_Data.elf.dir/Drivers/STM32F1xx_HAL_Driver/Src/stm32f1xx_hal_gpio.c.obj
 .debug_frame   0x00000ab4      0x21c CMakeFiles/project_05_USART_TX_RX_Data.elf.dir/Drivers/STM32F1xx_HAL_Driver/Src/stm32f1xx_hal_rcc.c.obj
 .debug_frame   0x00000cd0      0x834 CMakeFiles/project_05_USART_TX_RX_Data.elf.dir/Drivers/STM32F1xx_HAL_Driver/Src/stm32f1xx_hal_uart.c.obj
 .debug_frame   0x00001504       0x34 CMakeFiles/project_05_USART_TX_RX_Data.elf.dir/Src/gpio.c.obj
 .debug_frame   0x00001538       0x94 CMakeFiles/project_05_USART_TX_RX_Data.elf.dir/Src/main.c.obj
 .debug_frame   0x000015cc       0x38 CMakeFiles/project_05_USART_TX_RX_Data.elf.dir/Src/stm32f1xx_hal_msp.c.obj
 .debug_frame   0x00001604      0x128 CMakeFiles/project_05_USART_TX_RX_Data.elf.dir/Src/stm32f1xx_it.c.obj
 .debug_frame   0x0000172c       0x58 CMakeFiles/project_05_USART_TX_RX_Data.elf.dir/Src/system_stm32f1xx.c.obj
 .debug_frame   0x00001784       0x74 CMakeFiles/project_05_USART_TX_RX_Data.elf.dir/Src/usart.c.obj
 .debug_frame   0x000017f8       0x2c d:/scm/gnutoo~1/92019-~1/bin/../lib/gcc/arm-none-eabi/9.2.1/../../../../arm-none-eabi/lib/thumb/v7-m/nofp\libg.a(lib_a-init.o)
 .debug_frame   0x00001824       0x38 d:/scm/gnutoo~1/92019-~1/bin/../lib/gcc/arm-none-eabi/9.2.1/../../../../arm-none-eabi/lib/thumb/v7-m/nofp\libg.a(lib_a-memset.o)
 .debug_frame   0x0000185c       0x5c d:/scm/gnutoo~1/92019-~1/bin/../lib/gcc/arm-none-eabi/9.2.1/../../../../arm-none-eabi/lib/thumb/v7-m/nofp\libg.a(lib_a-__call_atexit.o)
 .debug_frame   0x000018b8       0x20 d:/scm/gnutoo~1/92019-~1/bin/../lib/gcc/arm-none-eabi/9.2.1/../../../../arm-none-eabi/lib/thumb/v7-m/nofp\libg.a(lib_a-atexit.o)
 .debug_frame   0x000018d8       0x34 d:/scm/gnutoo~1/92019-~1/bin/../lib/gcc/arm-none-eabi/9.2.1/../../../../arm-none-eabi/lib/thumb/v7-m/nofp\libg.a(lib_a-fini.o)
 .debug_frame   0x0000190c       0xb0 d:/scm/gnutoo~1/92019-~1/bin/../lib/gcc/arm-none-eabi/9.2.1/../../../../arm-none-eabi/lib/thumb/v7-m/nofp\libg.a(lib_a-lock.o)
 .debug_frame   0x000019bc       0x34 d:/scm/gnutoo~1/92019-~1/bin/../lib/gcc/arm-none-eabi/9.2.1/../../../../arm-none-eabi/lib/thumb/v7-m/nofp\libg.a(lib_a-__atexit.o)
